[2025-05-07T02:17:32.159+0530][gc] Using G1
[2025-05-07T02:17:32.165+0530][gc,init] Version: 17.0.8+9-LTS-211 (release)
[2025-05-07T02:17:32.165+0530][gc,init] CPUs: 8 total, 8 available
[2025-05-07T02:17:32.165+0530][gc,init] Memory: 16384M
[2025-05-07T02:17:32.165+0530][gc,init] Large Page Support: Disabled
[2025-05-07T02:17:32.165+0530][gc,init] NUMA Support: Disabled
[2025-05-07T02:17:32.165+0530][gc,init] Compressed Oops: Enabled (Zero based)
[2025-05-07T02:17:32.165+0530][gc,init] Heap Region Size: 1M
[2025-05-07T02:17:32.165+0530][gc,init] Heap Min Capacity: 1G
[2025-05-07T02:17:32.165+0530][gc,init] Heap Initial Capacity: 1G
[2025-05-07T02:17:32.165+0530][gc,init] Heap Max Capacity: 1G
[2025-05-07T02:17:32.165+0530][gc,init] Pre-touch: Disabled
[2025-05-07T02:17:32.165+0530][gc,init] Parallel Workers: 8
[2025-05-07T02:17:32.165+0530][gc,init] Concurrent Workers: 2
[2025-05-07T02:17:32.165+0530][gc,init] Concurrent Refinement Workers: 8
[2025-05-07T02:17:32.165+0530][gc,init] Periodic GC: Disabled
[2025-05-07T02:17:32.173+0530][gc,metaspace] CDS archive(s) mapped at: [0x0000000126000000-0x0000000126be4000-0x0000000126be4000), size 12468224, SharedBaseAddress: 0x0000000126000000, ArchiveRelocationMode: 1.
[2025-05-07T02:17:32.173+0530][gc,metaspace] Compressed class space mapped at: 0x0000000127000000-0x0000000167000000, reserved size: 1073741824
[2025-05-07T02:17:32.173+0530][gc,metaspace] Narrow klass base: 0x0000000126000000, Narrow klass shift: 0, Narrow klass range: 0x100000000
[2025-05-07T02:17:33.676+0530][gc,start    ] GC(0) Pause Young (Normal) (G1 Evacuation Pause)
[2025-05-07T02:17:33.676+0530][gc,task     ] GC(0) Using 8 workers of 8 for evacuation
[2025-05-07T02:17:33.683+0530][gc,phases   ] GC(0)   Pre Evacuate Collection Set: 0.1ms
[2025-05-07T02:17:33.683+0530][gc,phases   ] GC(0)   Merge Heap Roots: 0.1ms
[2025-05-07T02:17:33.683+0530][gc,phases   ] GC(0)   Evacuate Collection Set: 6.0ms
[2025-05-07T02:17:33.683+0530][gc,phases   ] GC(0)   Post Evacuate Collection Set: 0.5ms
[2025-05-07T02:17:33.683+0530][gc,phases   ] GC(0)   Other: 0.6ms
[2025-05-07T02:17:33.683+0530][gc,heap     ] GC(0) Eden regions: 51->0(44)
[2025-05-07T02:17:33.683+0530][gc,heap     ] GC(0) Survivor regions: 0->7(7)
[2025-05-07T02:17:33.683+0530][gc,heap     ] GC(0) Old regions: 0->2
[2025-05-07T02:17:33.683+0530][gc,heap     ] GC(0) Archive regions: 2->2
[2025-05-07T02:17:33.683+0530][gc,heap     ] GC(0) Humongous regions: 0->0
[2025-05-07T02:17:33.683+0530][gc,metaspace] GC(0) Metaspace: 17587K(17792K)->17587K(17792K) NonClass: 15446K(15552K)->15446K(15552K) Class: 2141K(2240K)->2141K(2240K)
[2025-05-07T02:17:33.683+0530][gc          ] GC(0) Pause Young (Normal) (G1 Evacuation Pause) 51M->9M(1024M) 7.388ms
[2025-05-07T02:17:33.683+0530][gc,cpu      ] GC(0) User=0.03s Sys=0.01s Real=0.01s
[2025-05-07T02:17:34.101+0530][gc,start    ] GC(1) Pause Young (Concurrent Start) (Metadata GC Threshold)
[2025-05-07T02:17:34.101+0530][gc,task     ] GC(1) Using 8 workers of 8 for evacuation
[2025-05-07T02:17:34.107+0530][gc,phases   ] GC(1)   Pre Evacuate Collection Set: 0.1ms
[2025-05-07T02:17:34.107+0530][gc,phases   ] GC(1)   Merge Heap Roots: 0.1ms
[2025-05-07T02:17:34.107+0530][gc,phases   ] GC(1)   Evacuate Collection Set: 5.2ms
[2025-05-07T02:17:34.107+0530][gc,phases   ] GC(1)   Post Evacuate Collection Set: 0.3ms
[2025-05-07T02:17:34.107+0530][gc,phases   ] GC(1)   Other: 0.3ms
[2025-05-07T02:17:34.107+0530][gc,heap     ] GC(1) Eden regions: 16->0(48)
[2025-05-07T02:17:34.107+0530][gc,heap     ] GC(1) Survivor regions: 7->3(7)
[2025-05-07T02:17:34.107+0530][gc,heap     ] GC(1) Old regions: 2->9
[2025-05-07T02:17:34.107+0530][gc,heap     ] GC(1) Archive regions: 2->2
[2025-05-07T02:17:34.107+0530][gc,heap     ] GC(1) Humongous regions: 129->129
[2025-05-07T02:17:34.107+0530][gc,metaspace] GC(1) Metaspace: 21368K(21504K)->21368K(21504K) NonClass: 18756K(18816K)->18756K(18816K) Class: 2611K(2688K)->2611K(2688K)
[2025-05-07T02:17:34.108+0530][gc          ] GC(1) Pause Young (Concurrent Start) (Metadata GC Threshold) 153M->140M(1024M) 6.186ms
[2025-05-07T02:17:34.108+0530][gc,cpu      ] GC(1) User=0.03s Sys=0.01s Real=0.00s
[2025-05-07T02:17:34.108+0530][gc          ] GC(2) Concurrent Mark Cycle
[2025-05-07T02:17:34.108+0530][gc,marking  ] GC(2) Concurrent Clear Claimed Marks
[2025-05-07T02:17:34.108+0530][gc,marking  ] GC(2) Concurrent Clear Claimed Marks 0.030ms
[2025-05-07T02:17:34.108+0530][gc,marking  ] GC(2) Concurrent Scan Root Regions
[2025-05-07T02:17:34.110+0530][gc,marking  ] GC(2) Concurrent Scan Root Regions 2.623ms
[2025-05-07T02:17:34.110+0530][gc,marking  ] GC(2) Concurrent Mark
[2025-05-07T02:17:34.110+0530][gc,marking  ] GC(2) Concurrent Mark From Roots
[2025-05-07T02:17:34.110+0530][gc,task     ] GC(2) Using 2 workers of 2 for marking
[2025-05-07T02:17:34.113+0530][gc,marking  ] GC(2) Concurrent Mark From Roots 2.575ms
[2025-05-07T02:17:34.113+0530][gc,marking  ] GC(2) Concurrent Preclean
[2025-05-07T02:17:34.113+0530][gc,marking  ] GC(2) Concurrent Preclean 0.031ms
[2025-05-07T02:17:34.113+0530][gc,start    ] GC(2) Pause Remark
[2025-05-07T02:17:34.115+0530][gc          ] GC(2) Pause Remark 140M->140M(1024M) 1.481ms
[2025-05-07T02:17:34.115+0530][gc,cpu      ] GC(2) User=0.00s Sys=0.00s Real=0.00s
[2025-05-07T02:17:34.115+0530][gc,marking  ] GC(2) Concurrent Mark 4.333ms
[2025-05-07T02:17:34.115+0530][gc,marking  ] GC(2) Concurrent Rebuild Remembered Sets
[2025-05-07T02:17:34.117+0530][gc,marking  ] GC(2) Concurrent Rebuild Remembered Sets 2.723ms
[2025-05-07T02:17:34.118+0530][gc,start    ] GC(2) Pause Cleanup
[2025-05-07T02:17:34.118+0530][gc          ] GC(2) Pause Cleanup 140M->140M(1024M) 0.146ms
[2025-05-07T02:17:34.118+0530][gc,cpu      ] GC(2) User=0.00s Sys=0.00s Real=0.00s
[2025-05-07T02:17:34.118+0530][gc,marking  ] GC(2) Concurrent Cleanup for Next Mark
[2025-05-07T02:17:34.125+0530][gc,marking  ] GC(2) Concurrent Cleanup for Next Mark 7.186ms
[2025-05-07T02:17:34.125+0530][gc          ] GC(2) Concurrent Mark Cycle 17.413ms
[2025-05-07T02:17:34.898+0530][gc,start    ] GC(3) Pause Young (Normal) (G1 Evacuation Pause)
[2025-05-07T02:17:34.898+0530][gc,task     ] GC(3) Using 8 workers of 8 for evacuation
[2025-05-07T02:17:34.906+0530][gc,phases   ] GC(3)   Pre Evacuate Collection Set: 0.1ms
[2025-05-07T02:17:34.906+0530][gc,phases   ] GC(3)   Merge Heap Roots: 0.1ms
[2025-05-07T02:17:34.906+0530][gc,phases   ] GC(3)   Evacuate Collection Set: 7.4ms
[2025-05-07T02:17:34.906+0530][gc,phases   ] GC(3)   Post Evacuate Collection Set: 0.4ms
[2025-05-07T02:17:34.906+0530][gc,phases   ] GC(3)   Other: 0.1ms
[2025-05-07T02:17:34.906+0530][gc,heap     ] GC(3) Eden regions: 48->0(44)
[2025-05-07T02:17:34.906+0530][gc,heap     ] GC(3) Survivor regions: 3->7(7)
[2025-05-07T02:17:34.906+0530][gc,heap     ] GC(3) Old regions: 9->9
[2025-05-07T02:17:34.906+0530][gc,heap     ] GC(3) Archive regions: 2->2
[2025-05-07T02:17:34.906+0530][gc,heap     ] GC(3) Humongous regions: 129->129
[2025-05-07T02:17:34.906+0530][gc,metaspace] GC(3) Metaspace: 32545K(32768K)->32545K(32768K) NonClass: 28925K(29056K)->28925K(29056K) Class: 3619K(3712K)->3619K(3712K)
[2025-05-07T02:17:34.906+0530][gc          ] GC(3) Pause Young (Normal) (G1 Evacuation Pause) 188M->144M(1024M) 8.213ms
[2025-05-07T02:17:34.906+0530][gc,cpu      ] GC(3) User=0.04s Sys=0.01s Real=0.01s
[2025-05-07T02:17:35.119+0530][gc,start    ] GC(4) Pause Young (Concurrent Start) (Metadata GC Threshold)
[2025-05-07T02:17:35.119+0530][gc,task     ] GC(4) Using 8 workers of 8 for evacuation
[2025-05-07T02:17:35.125+0530][gc,phases   ] GC(4)   Pre Evacuate Collection Set: 0.1ms
[2025-05-07T02:17:35.125+0530][gc,phases   ] GC(4)   Merge Heap Roots: 0.1ms
[2025-05-07T02:17:35.125+0530][gc,phases   ] GC(4)   Evacuate Collection Set: 5.1ms
[2025-05-07T02:17:35.125+0530][gc,phases   ] GC(4)   Post Evacuate Collection Set: 0.3ms
[2025-05-07T02:17:35.125+0530][gc,phases   ] GC(4)   Other: 0.2ms
[2025-05-07T02:17:35.125+0530][gc,heap     ] GC(4) Eden regions: 15->0(49)
[2025-05-07T02:17:35.125+0530][gc,heap     ] GC(4) Survivor regions: 7->2(7)
[2025-05-07T02:17:35.125+0530][gc,heap     ] GC(4) Old regions: 9->15
[2025-05-07T02:17:35.125+0530][gc,heap     ] GC(4) Archive regions: 2->2
[2025-05-07T02:17:35.125+0530][gc,heap     ] GC(4) Humongous regions: 129->129
[2025-05-07T02:17:35.125+0530][gc,metaspace] GC(4) Metaspace: 35793K(36096K)->35793K(36096K) NonClass: 31746K(31872K)->31746K(31872K) Class: 4047K(4224K)->4047K(4224K)
[2025-05-07T02:17:35.125+0530][gc          ] GC(4) Pause Young (Concurrent Start) (Metadata GC Threshold) 158M->145M(1024M) 5.916ms
[2025-05-07T02:17:35.125+0530][gc,cpu      ] GC(4) User=0.03s Sys=0.01s Real=0.01s
[2025-05-07T02:17:35.125+0530][gc          ] GC(5) Concurrent Mark Cycle
[2025-05-07T02:17:35.125+0530][gc,marking  ] GC(5) Concurrent Clear Claimed Marks
[2025-05-07T02:17:35.125+0530][gc,marking  ] GC(5) Concurrent Clear Claimed Marks 0.015ms
[2025-05-07T02:17:35.125+0530][gc,marking  ] GC(5) Concurrent Scan Root Regions
[2025-05-07T02:17:35.128+0530][gc,marking  ] GC(5) Concurrent Scan Root Regions 3.364ms
[2025-05-07T02:17:35.129+0530][gc,marking  ] GC(5) Concurrent Mark
[2025-05-07T02:17:35.129+0530][gc,marking  ] GC(5) Concurrent Mark From Roots
[2025-05-07T02:17:35.129+0530][gc,task     ] GC(5) Using 2 workers of 2 for marking
[2025-05-07T02:17:35.134+0530][gc,marking  ] GC(5) Concurrent Mark From Roots 5.817ms
[2025-05-07T02:17:35.134+0530][gc,marking  ] GC(5) Concurrent Preclean
[2025-05-07T02:17:35.134+0530][gc,marking  ] GC(5) Concurrent Preclean 0.056ms
[2025-05-07T02:17:35.135+0530][gc,start    ] GC(5) Pause Remark
[2025-05-07T02:17:35.136+0530][gc          ] GC(5) Pause Remark 145M->145M(1024M) 0.994ms
[2025-05-07T02:17:35.136+0530][gc,cpu      ] GC(5) User=0.01s Sys=0.00s Real=0.00s
[2025-05-07T02:17:35.136+0530][gc,marking  ] GC(5) Concurrent Mark 7.118ms
[2025-05-07T02:17:35.136+0530][gc,marking  ] GC(5) Concurrent Rebuild Remembered Sets
[2025-05-07T02:17:35.141+0530][gc,marking  ] GC(5) Concurrent Rebuild Remembered Sets 5.612ms
[2025-05-07T02:17:35.141+0530][gc,start    ] GC(5) Pause Cleanup
[2025-05-07T02:17:35.142+0530][gc          ] GC(5) Pause Cleanup 146M->146M(1024M) 0.154ms
[2025-05-07T02:17:35.142+0530][gc,cpu      ] GC(5) User=0.00s Sys=0.00s Real=0.00s
[2025-05-07T02:17:35.142+0530][gc,marking  ] GC(5) Concurrent Cleanup for Next Mark
[2025-05-07T02:17:35.148+0530][gc,marking  ] GC(5) Concurrent Cleanup for Next Mark 6.038ms
[2025-05-07T02:17:35.148+0530][gc          ] GC(5) Concurrent Mark Cycle 22.685ms
[2025-05-07T02:30:05.773+0530][gc,start    ] GC(6) Pause Young (Prepare Mixed) (G1 Evacuation Pause)
[2025-05-07T02:30:05.774+0530][gc,task     ] GC(6) Using 8 workers of 8 for evacuation
[2025-05-07T02:30:05.794+0530][gc,mmu      ] GC(6) MMU target violated: 20.3ms (20.0ms/21.0ms)
[2025-05-07T02:30:05.794+0530][gc,phases   ] GC(6)   Pre Evacuate Collection Set: 1.2ms
[2025-05-07T02:30:05.794+0530][gc,phases   ] GC(6)   Merge Heap Roots: 0.2ms
[2025-05-07T02:30:05.794+0530][gc,phases   ] GC(6)   Evacuate Collection Set: 18.0ms
[2025-05-07T02:30:05.794+0530][gc,phases   ] GC(6)   Post Evacuate Collection Set: 1.0ms
[2025-05-07T02:30:05.794+0530][gc,phases   ] GC(6)   Other: 0.6ms
[2025-05-07T02:30:05.794+0530][gc,heap     ] GC(6) Eden regions: 49->0(47)
[2025-05-07T02:30:05.794+0530][gc,heap     ] GC(6) Survivor regions: 2->4(7)
[2025-05-07T02:30:05.794+0530][gc,heap     ] GC(6) Old regions: 15->15
[2025-05-07T02:30:05.794+0530][gc,heap     ] GC(6) Archive regions: 2->2
[2025-05-07T02:30:05.794+0530][gc,heap     ] GC(6) Humongous regions: 129->129
[2025-05-07T02:30:05.794+0530][gc,metaspace] GC(6) Metaspace: 41840K(42432K)->41840K(42432K) NonClass: 36750K(37056K)->36750K(37056K) Class: 5090K(5376K)->5090K(5376K)
[2025-05-07T02:30:05.794+0530][gc          ] GC(6) Pause Young (Prepare Mixed) (G1 Evacuation Pause) 194M->148M(1024M) 21.173ms
[2025-05-07T02:30:05.794+0530][gc,cpu      ] GC(6) User=0.03s Sys=0.05s Real=0.02s
[2025-05-07T02:34:19.665+0530][gc,start    ] GC(7) Pause Young (Mixed) (G1 Evacuation Pause)
[2025-05-07T02:34:19.667+0530][gc,task     ] GC(7) Using 8 workers of 8 for evacuation
[2025-05-07T02:34:19.722+0530][gc,mmu      ] GC(7) MMU target violated: 21.0ms (20.0ms/21.0ms)
[2025-05-07T02:34:19.722+0530][gc,phases   ] GC(7)   Pre Evacuate Collection Set: 1.7ms
[2025-05-07T02:34:19.722+0530][gc,phases   ] GC(7)   Merge Heap Roots: 0.3ms
[2025-05-07T02:34:19.722+0530][gc,phases   ] GC(7)   Evacuate Collection Set: 45.5ms
[2025-05-07T02:34:19.722+0530][gc,phases   ] GC(7)   Post Evacuate Collection Set: 6.2ms
[2025-05-07T02:34:19.722+0530][gc,phases   ] GC(7)   Other: 3.2ms
[2025-05-07T02:34:19.722+0530][gc,heap     ] GC(7) Eden regions: 47->0(45)
[2025-05-07T02:34:19.722+0530][gc,heap     ] GC(7) Survivor regions: 4->6(7)
[2025-05-07T02:34:19.722+0530][gc,heap     ] GC(7) Old regions: 15->15
[2025-05-07T02:34:19.722+0530][gc,heap     ] GC(7) Archive regions: 2->2
[2025-05-07T02:34:19.722+0530][gc,heap     ] GC(7) Humongous regions: 129->129
[2025-05-07T02:34:19.722+0530][gc,metaspace] GC(7) Metaspace: 43227K(43776K)->43227K(43776K) NonClass: 38082K(38336K)->38082K(38336K) Class: 5144K(5440K)->5144K(5440K)
[2025-05-07T02:34:19.722+0530][gc          ] GC(7) Pause Young (Mixed) (G1 Evacuation Pause) 195M->150M(1024M) 57.246ms
[2025-05-07T02:34:19.722+0530][gc,cpu      ] GC(7) User=0.10s Sys=0.04s Real=0.06s
[2025-05-07T02:38:52.630+0530][gc,start    ] GC(8) Pause Young (Normal) (G1 Evacuation Pause)
[2025-05-07T02:38:52.631+0530][gc,task     ] GC(8) Using 8 workers of 8 for evacuation
[2025-05-07T02:38:52.638+0530][gc,phases   ] GC(8)   Pre Evacuate Collection Set: 0.1ms
[2025-05-07T02:38:52.638+0530][gc,phases   ] GC(8)   Merge Heap Roots: 0.1ms
[2025-05-07T02:38:52.638+0530][gc,phases   ] GC(8)   Evacuate Collection Set: 5.8ms
[2025-05-07T02:38:52.638+0530][gc,phases   ] GC(8)   Post Evacuate Collection Set: 0.4ms
[2025-05-07T02:38:52.638+0530][gc,phases   ] GC(8)   Other: 2.1ms
[2025-05-07T02:38:52.638+0530][gc,heap     ] GC(8) Eden regions: 45->0(47)
[2025-05-07T02:38:52.638+0530][gc,heap     ] GC(8) Survivor regions: 6->4(7)
[2025-05-07T02:38:52.638+0530][gc,heap     ] GC(8) Old regions: 15->18
[2025-05-07T02:38:52.638+0530][gc,heap     ] GC(8) Archive regions: 2->2
[2025-05-07T02:38:52.638+0530][gc,heap     ] GC(8) Humongous regions: 129->129
[2025-05-07T02:38:52.638+0530][gc,metaspace] GC(8) Metaspace: 43415K(43968K)->43415K(43968K) NonClass: 38269K(38528K)->38269K(38528K) Class: 5146K(5440K)->5146K(5440K)
[2025-05-07T02:38:52.638+0530][gc          ] GC(8) Pause Young (Normal) (G1 Evacuation Pause) 195M->151M(1024M) 8.750ms
[2025-05-07T02:38:52.638+0530][gc,cpu      ] GC(8) User=0.03s Sys=0.00s Real=0.00s
[2025-05-07T02:44:15.668+0530][gc,start    ] GC(9) Pause Young (Normal) (G1 Evacuation Pause)
[2025-05-07T02:44:15.668+0530][gc,task     ] GC(9) Using 8 workers of 8 for evacuation
[2025-05-07T02:44:15.708+0530][gc,mmu      ] GC(9) MMU target violated: 21.0ms (20.0ms/21.0ms)
[2025-05-07T02:44:15.708+0530][gc,phases   ] GC(9)   Pre Evacuate Collection Set: 3.0ms
[2025-05-07T02:44:15.708+0530][gc,phases   ] GC(9)   Merge Heap Roots: 0.7ms
[2025-05-07T02:44:15.708+0530][gc,phases   ] GC(9)   Evacuate Collection Set: 34.2ms
[2025-05-07T02:44:15.708+0530][gc,phases   ] GC(9)   Post Evacuate Collection Set: 1.2ms
[2025-05-07T02:44:15.708+0530][gc,phases   ] GC(9)   Other: 2.0ms
[2025-05-07T02:44:15.708+0530][gc,heap     ] GC(9) Eden regions: 47->0(47)
[2025-05-07T02:44:15.708+0530][gc,heap     ] GC(9) Survivor regions: 4->4(7)
[2025-05-07T02:44:15.708+0530][gc,heap     ] GC(9) Old regions: 18->18
[2025-05-07T02:44:15.708+0530][gc,heap     ] GC(9) Archive regions: 2->2
[2025-05-07T02:44:15.708+0530][gc,heap     ] GC(9) Humongous regions: 129->129
[2025-05-07T02:44:15.708+0530][gc,metaspace] GC(9) Metaspace: 43480K(44032K)->43480K(44032K) NonClass: 38333K(38592K)->38333K(38592K) Class: 5147K(5440K)->5147K(5440K)
[2025-05-07T02:44:15.708+0530][gc          ] GC(9) Pause Young (Normal) (G1 Evacuation Pause) 198M->151M(1024M) 40.528ms
[2025-05-07T02:44:15.708+0530][gc,cpu      ] GC(9) User=0.04s Sys=0.08s Real=0.04s
[2025-05-07T02:49:47.910+0530][gc,start    ] GC(10) Pause Young (Normal) (G1 Evacuation Pause)
[2025-05-07T02:49:47.910+0530][gc,task     ] GC(10) Using 8 workers of 8 for evacuation
[2025-05-07T02:49:47.937+0530][gc,mmu      ] GC(10) MMU target violated: 21.0ms (20.0ms/21.0ms)
[2025-05-07T02:49:47.937+0530][gc,phases   ] GC(10)   Pre Evacuate Collection Set: 0.7ms
[2025-05-07T02:49:47.937+0530][gc,phases   ] GC(10)   Merge Heap Roots: 0.2ms
[2025-05-07T02:49:47.937+0530][gc,phases   ] GC(10)   Evacuate Collection Set: 25.0ms
[2025-05-07T02:49:47.937+0530][gc,phases   ] GC(10)   Post Evacuate Collection Set: 0.7ms
[2025-05-07T02:49:47.938+0530][gc,phases   ] GC(10)   Other: 0.7ms
[2025-05-07T02:49:47.938+0530][gc,heap     ] GC(10) Eden regions: 47->0(47)
[2025-05-07T02:49:47.938+0530][gc,heap     ] GC(10) Survivor regions: 4->4(7)
[2025-05-07T02:49:47.938+0530][gc,heap     ] GC(10) Old regions: 18->18
[2025-05-07T02:49:47.938+0530][gc,heap     ] GC(10) Archive regions: 2->2
[2025-05-07T02:49:47.938+0530][gc,heap     ] GC(10) Humongous regions: 129->129
[2025-05-07T02:49:47.938+0530][gc,metaspace] GC(10) Metaspace: 43540K(44096K)->43540K(44096K) NonClass: 38392K(38656K)->38392K(38656K) Class: 5147K(5440K)->5147K(5440K)
[2025-05-07T02:49:47.938+0530][gc          ] GC(10) Pause Young (Normal) (G1 Evacuation Pause) 198M->151M(1024M) 27.590ms
[2025-05-07T02:49:47.938+0530][gc,cpu      ] GC(10) User=0.04s Sys=0.01s Real=0.02s
[2025-05-07T02:55:20.690+0530][gc,start    ] GC(11) Pause Young (Normal) (G1 Evacuation Pause)
[2025-05-07T02:55:20.692+0530][gc,task     ] GC(11) Using 8 workers of 8 for evacuation
[2025-05-07T02:55:20.753+0530][gc,mmu      ] GC(11) MMU target violated: 21.0ms (20.0ms/21.0ms)
[2025-05-07T02:55:20.753+0530][gc,phases   ] GC(11)   Pre Evacuate Collection Set: 11.3ms
[2025-05-07T02:55:20.753+0530][gc,phases   ] GC(11)   Merge Heap Roots: 8.0ms
[2025-05-07T02:55:20.753+0530][gc,phases   ] GC(11)   Evacuate Collection Set: 36.7ms
[2025-05-07T02:55:20.753+0530][gc,phases   ] GC(11)   Post Evacuate Collection Set: 5.1ms
[2025-05-07T02:55:20.753+0530][gc,phases   ] GC(11)   Other: 2.4ms
[2025-05-07T02:55:20.753+0530][gc,heap     ] GC(11) Eden regions: 47->0(47)
[2025-05-07T02:55:20.753+0530][gc,heap     ] GC(11) Survivor regions: 4->4(7)
[2025-05-07T02:55:20.753+0530][gc,heap     ] GC(11) Old regions: 18->18
[2025-05-07T02:55:20.753+0530][gc,heap     ] GC(11) Archive regions: 2->2
[2025-05-07T02:55:20.753+0530][gc,heap     ] GC(11) Humongous regions: 129->129
[2025-05-07T02:55:20.753+0530][gc,metaspace] GC(11) Metaspace: 43617K(44224K)->43617K(44224K) NonClass: 38469K(38784K)->38469K(38784K) Class: 5147K(5440K)->5147K(5440K)
[2025-05-07T02:55:20.754+0530][gc          ] GC(11) Pause Young (Normal) (G1 Evacuation Pause) 198M->151M(1024M) 63.947ms
[2025-05-07T02:55:20.754+0530][gc,cpu      ] GC(11) User=0.03s Sys=0.01s Real=0.06s
[2025-05-07T03:02:38.815+0530][gc,start    ] GC(12) Pause Young (Normal) (G1 Evacuation Pause)
[2025-05-07T03:02:38.815+0530][gc,task     ] GC(12) Using 8 workers of 8 for evacuation
[2025-05-07T03:02:38.820+0530][gc,phases   ] GC(12)   Pre Evacuate Collection Set: 0.1ms
[2025-05-07T03:02:38.820+0530][gc,phases   ] GC(12)   Merge Heap Roots: 0.1ms
[2025-05-07T03:02:38.821+0530][gc,phases   ] GC(12)   Evacuate Collection Set: 4.5ms
[2025-05-07T03:02:38.821+0530][gc,phases   ] GC(12)   Post Evacuate Collection Set: 0.3ms
[2025-05-07T03:02:38.821+0530][gc,phases   ] GC(12)   Other: 0.3ms
[2025-05-07T03:02:38.821+0530][gc,heap     ] GC(12) Eden regions: 47->0(47)
[2025-05-07T03:02:38.821+0530][gc,heap     ] GC(12) Survivor regions: 4->4(7)
[2025-05-07T03:02:38.821+0530][gc,heap     ] GC(12) Old regions: 18->19
[2025-05-07T03:02:38.821+0530][gc,heap     ] GC(12) Archive regions: 2->2
[2025-05-07T03:02:38.821+0530][gc,heap     ] GC(12) Humongous regions: 129->129
[2025-05-07T03:02:38.821+0530][gc,metaspace] GC(12) Metaspace: 43759K(44288K)->43759K(44288K) NonClass: 38610K(38848K)->38610K(38848K) Class: 5148K(5440K)->5148K(5440K)
[2025-05-07T03:02:38.821+0530][gc          ] GC(12) Pause Young (Normal) (G1 Evacuation Pause) 198M->151M(1024M) 5.425ms
[2025-05-07T03:02:38.821+0530][gc,cpu      ] GC(12) User=0.02s Sys=0.01s Real=0.01s
[2025-05-07T03:08:47.040+0530][gc,start    ] GC(13) Pause Young (Normal) (G1 Evacuation Pause)
[2025-05-07T03:08:47.041+0530][gc,task     ] GC(13) Using 8 workers of 8 for evacuation
[2025-05-07T03:08:47.046+0530][gc,phases   ] GC(13)   Pre Evacuate Collection Set: 0.1ms
[2025-05-07T03:08:47.046+0530][gc,phases   ] GC(13)   Merge Heap Roots: 0.1ms
[2025-05-07T03:08:47.046+0530][gc,phases   ] GC(13)   Evacuate Collection Set: 4.3ms
[2025-05-07T03:08:47.046+0530][gc,phases   ] GC(13)   Post Evacuate Collection Set: 0.3ms
[2025-05-07T03:08:47.046+0530][gc,phases   ] GC(13)   Other: 2.0ms
[2025-05-07T03:08:47.046+0530][gc,heap     ] GC(13) Eden regions: 47->0(47)
[2025-05-07T03:08:47.046+0530][gc,heap     ] GC(13) Survivor regions: 4->4(7)
[2025-05-07T03:08:47.046+0530][gc,heap     ] GC(13) Old regions: 19->19
[2025-05-07T03:08:47.046+0530][gc,heap     ] GC(13) Archive regions: 2->2
[2025-05-07T03:08:47.046+0530][gc,heap     ] GC(13) Humongous regions: 129->129
[2025-05-07T03:08:47.046+0530][gc,metaspace] GC(13) Metaspace: 43951K(44544K)->43951K(44544K) NonClass: 38802K(39104K)->38802K(39104K) Class: 5148K(5440K)->5148K(5440K)
[2025-05-07T03:08:47.046+0530][gc          ] GC(13) Pause Young (Normal) (G1 Evacuation Pause) 198M->151M(1024M) 6.829ms
[2025-05-07T03:08:47.046+0530][gc,cpu      ] GC(13) User=0.02s Sys=0.01s Real=0.00s
[2025-05-07T03:16:25.406+0530][gc,start    ] GC(14) Pause Young (Normal) (G1 Evacuation Pause)
[2025-05-07T03:16:25.408+0530][gc,task     ] GC(14) Using 8 workers of 8 for evacuation
[2025-05-07T03:16:25.416+0530][gc,phases   ] GC(14)   Pre Evacuate Collection Set: 0.2ms
[2025-05-07T03:16:25.416+0530][gc,phases   ] GC(14)   Merge Heap Roots: 0.1ms
[2025-05-07T03:16:25.416+0530][gc,phases   ] GC(14)   Evacuate Collection Set: 7.0ms
[2025-05-07T03:16:25.416+0530][gc,phases   ] GC(14)   Post Evacuate Collection Set: 0.4ms
[2025-05-07T03:16:25.416+0530][gc,phases   ] GC(14)   Other: 2.4ms
[2025-05-07T03:16:25.416+0530][gc,heap     ] GC(14) Eden regions: 47->0(47)
[2025-05-07T03:16:25.416+0530][gc,heap     ] GC(14) Survivor regions: 4->4(7)
[2025-05-07T03:16:25.416+0530][gc,heap     ] GC(14) Old regions: 19->19
[2025-05-07T03:16:25.416+0530][gc,heap     ] GC(14) Archive regions: 2->2
[2025-05-07T03:16:25.416+0530][gc,heap     ] GC(14) Humongous regions: 129->129
[2025-05-07T03:16:25.416+0530][gc,metaspace] GC(14) Metaspace: 44674K(45248K)->44674K(45248K) NonClass: 39449K(39744K)->39449K(39744K) Class: 5224K(5504K)->5224K(5504K)
[2025-05-07T03:16:25.416+0530][gc          ] GC(14) Pause Young (Normal) (G1 Evacuation Pause) 198M->152M(1024M) 10.218ms
[2025-05-07T03:16:25.416+0530][gc,cpu      ] GC(14) User=0.03s Sys=0.02s Real=0.01s
[2025-05-07T03:23:32.349+0530][gc,start    ] GC(15) Pause Young (Normal) (G1 Evacuation Pause)
[2025-05-07T03:23:32.351+0530][gc,task     ] GC(15) Using 8 workers of 8 for evacuation
[2025-05-07T03:23:32.359+0530][gc,phases   ] GC(15)   Pre Evacuate Collection Set: 0.3ms
[2025-05-07T03:23:32.359+0530][gc,phases   ] GC(15)   Merge Heap Roots: 0.1ms
[2025-05-07T03:23:32.359+0530][gc,phases   ] GC(15)   Evacuate Collection Set: 6.6ms
[2025-05-07T03:23:32.359+0530][gc,phases   ] GC(15)   Post Evacuate Collection Set: 0.4ms
[2025-05-07T03:23:32.359+0530][gc,phases   ] GC(15)   Other: 2.2ms
[2025-05-07T03:23:32.359+0530][gc,heap     ] GC(15) Eden regions: 47->0(46)
[2025-05-07T03:23:32.359+0530][gc,heap     ] GC(15) Survivor regions: 4->5(7)
[2025-05-07T03:23:32.359+0530][gc,heap     ] GC(15) Old regions: 19->19
[2025-05-07T03:23:32.359+0530][gc,heap     ] GC(15) Archive regions: 2->2
[2025-05-07T03:23:32.359+0530][gc,heap     ] GC(15) Humongous regions: 129->129
[2025-05-07T03:23:32.359+0530][gc,metaspace] GC(15) Metaspace: 44824K(45376K)->44824K(45376K) NonClass: 39580K(39872K)->39580K(39872K) Class: 5243K(5504K)->5243K(5504K)
[2025-05-07T03:23:32.359+0530][gc          ] GC(15) Pause Young (Normal) (G1 Evacuation Pause) 199M->153M(1024M) 9.742ms
[2025-05-07T03:23:32.359+0530][gc,cpu      ] GC(15) User=0.03s Sys=0.00s Real=0.01s
[2025-05-07T03:31:16.590+0530][gc,start    ] GC(16) Pause Young (Normal) (G1 Evacuation Pause)
[2025-05-07T03:31:16.592+0530][gc,task     ] GC(16) Using 8 workers of 8 for evacuation
[2025-05-07T03:31:16.599+0530][gc,phases   ] GC(16)   Pre Evacuate Collection Set: 0.1ms
[2025-05-07T03:31:16.599+0530][gc,phases   ] GC(16)   Merge Heap Roots: 0.1ms
[2025-05-07T03:31:16.599+0530][gc,phases   ] GC(16)   Evacuate Collection Set: 5.8ms
[2025-05-07T03:31:16.599+0530][gc,phases   ] GC(16)   Post Evacuate Collection Set: 0.9ms
[2025-05-07T03:31:16.600+0530][gc,phases   ] GC(16)   Other: 2.0ms
[2025-05-07T03:31:16.600+0530][gc,heap     ] GC(16) Eden regions: 46->0(51)
[2025-05-07T03:31:16.600+0530][gc,heap     ] GC(16) Survivor regions: 5->6(7)
[2025-05-07T03:31:16.600+0530][gc,heap     ] GC(16) Old regions: 19->20
[2025-05-07T03:31:16.600+0530][gc,heap     ] GC(16) Archive regions: 2->2
[2025-05-07T03:31:16.600+0530][gc,heap     ] GC(16) Humongous regions: 129->129
[2025-05-07T03:31:16.600+0530][gc,metaspace] GC(16) Metaspace: 44929K(45504K)->44929K(45504K) NonClass: 39685K(40000K)->39685K(40000K) Class: 5243K(5504K)->5243K(5504K)
[2025-05-07T03:31:16.600+0530][gc          ] GC(16) Pause Young (Normal) (G1 Evacuation Pause) 199M->155M(1024M) 9.739ms
[2025-05-07T03:31:16.600+0530][gc,cpu      ] GC(16) User=0.04s Sys=0.01s Real=0.01s
[2025-05-07T08:37:59.316+0530][gc,start    ] GC(17) Pause Young (Normal) (G1 Evacuation Pause)
[2025-05-07T08:37:59.318+0530][gc,task     ] GC(17) Using 8 workers of 8 for evacuation
[2025-05-07T08:37:59.364+0530][gc,mmu      ] GC(17) MMU target violated: 21.0ms (20.0ms/21.0ms)
[2025-05-07T08:37:59.365+0530][gc,phases   ] GC(17)   Pre Evacuate Collection Set: 2.2ms
[2025-05-07T08:37:59.365+0530][gc,phases   ] GC(17)   Merge Heap Roots: 0.4ms
[2025-05-07T08:37:59.365+0530][gc,phases   ] GC(17)   Evacuate Collection Set: 42.7ms
[2025-05-07T08:37:59.365+0530][gc,phases   ] GC(17)   Post Evacuate Collection Set: 0.6ms
[2025-05-07T08:37:59.365+0530][gc,phases   ] GC(17)   Other: 2.8ms
[2025-05-07T08:37:59.365+0530][gc,heap     ] GC(17) Eden regions: 50->0(47)
[2025-05-07T08:37:59.365+0530][gc,heap     ] GC(17) Survivor regions: 6->4(7)
[2025-05-07T08:37:59.365+0530][gc,heap     ] GC(17) Old regions: 20->22
[2025-05-07T08:37:59.365+0530][gc,heap     ] GC(17) Archive regions: 2->2
[2025-05-07T08:37:59.365+0530][gc,heap     ] GC(17) Humongous regions: 129->129
[2025-05-07T08:37:59.365+0530][gc,metaspace] GC(17) Metaspace: 45242K(45824K)->45242K(45824K) NonClass: 39943K(40256K)->39943K(40256K) Class: 5299K(5568K)->5299K(5568K)
[2025-05-07T08:37:59.365+0530][gc          ] GC(17) Pause Young (Normal) (G1 Evacuation Pause) 205M->155M(1024M) 48.838ms
[2025-05-07T08:37:59.365+0530][gc,cpu      ] GC(17) User=0.05s Sys=0.18s Real=0.05s
[2025-05-07T08:45:55.122+0530][gc,start    ] GC(18) Pause Young (Normal) (G1 Evacuation Pause)
[2025-05-07T08:45:55.122+0530][gc,task     ] GC(18) Using 8 workers of 8 for evacuation
[2025-05-07T08:45:55.126+0530][gc,phases   ] GC(18)   Pre Evacuate Collection Set: 0.1ms
[2025-05-07T08:45:55.126+0530][gc,phases   ] GC(18)   Merge Heap Roots: 0.1ms
[2025-05-07T08:45:55.126+0530][gc,phases   ] GC(18)   Evacuate Collection Set: 4.1ms
[2025-05-07T08:45:55.126+0530][gc,phases   ] GC(18)   Post Evacuate Collection Set: 0.3ms
[2025-05-07T08:45:55.126+0530][gc,phases   ] GC(18)   Other: 0.2ms
[2025-05-07T08:45:55.126+0530][gc,heap     ] GC(18) Eden regions: 47->0(46)
[2025-05-07T08:45:55.126+0530][gc,heap     ] GC(18) Survivor regions: 4->5(7)
[2025-05-07T08:45:55.127+0530][gc,heap     ] GC(18) Old regions: 22->22
[2025-05-07T08:45:55.127+0530][gc,heap     ] GC(18) Archive regions: 2->2
[2025-05-07T08:45:55.127+0530][gc,heap     ] GC(18) Humongous regions: 129->129
[2025-05-07T08:45:55.127+0530][gc,metaspace] GC(18) Metaspace: 45261K(45824K)->45261K(45824K) NonClass: 39961K(40256K)->39961K(40256K) Class: 5299K(5568K)->5299K(5568K)
[2025-05-07T08:45:55.127+0530][gc          ] GC(18) Pause Young (Normal) (G1 Evacuation Pause) 202M->155M(1024M) 4.888ms
[2025-05-07T08:45:55.127+0530][gc,cpu      ] GC(18) User=0.02s Sys=0.01s Real=0.00s
[2025-05-07T08:53:45.839+0530][gc,start    ] GC(19) Pause Young (Normal) (G1 Evacuation Pause)
[2025-05-07T08:53:45.839+0530][gc,task     ] GC(19) Using 8 workers of 8 for evacuation
[2025-05-07T08:53:45.844+0530][gc,phases   ] GC(19)   Pre Evacuate Collection Set: 0.2ms
[2025-05-07T08:53:45.844+0530][gc,phases   ] GC(19)   Merge Heap Roots: 0.1ms
[2025-05-07T08:53:45.844+0530][gc,phases   ] GC(19)   Evacuate Collection Set: 4.1ms
[2025-05-07T08:53:45.845+0530][gc,phases   ] GC(19)   Post Evacuate Collection Set: 0.4ms
[2025-05-07T08:53:45.845+0530][gc,phases   ] GC(19)   Other: 0.7ms
[2025-05-07T08:53:45.845+0530][gc,heap     ] GC(19) Eden regions: 46->0(61)
[2025-05-07T08:53:45.845+0530][gc,heap     ] GC(19) Survivor regions: 5->4(7)
[2025-05-07T08:53:45.845+0530][gc,heap     ] GC(19) Old regions: 22->23
[2025-05-07T08:53:45.845+0530][gc,heap     ] GC(19) Archive regions: 2->2
[2025-05-07T08:53:45.845+0530][gc,heap     ] GC(19) Humongous regions: 129->129
[2025-05-07T08:53:45.845+0530][gc,metaspace] GC(19) Metaspace: 45356K(45952K)->45356K(45952K) NonClass: 40057K(40384K)->40057K(40384K) Class: 5299K(5568K)->5299K(5568K)
[2025-05-07T08:53:45.845+0530][gc          ] GC(19) Pause Young (Normal) (G1 Evacuation Pause) 201M->156M(1024M) 5.573ms
[2025-05-07T08:53:45.845+0530][gc,cpu      ] GC(19) User=0.02s Sys=0.01s Real=0.01s
[2025-05-07T09:04:10.701+0530][gc,start    ] GC(20) Pause Young (Normal) (G1 Evacuation Pause)
[2025-05-07T09:04:10.701+0530][gc,task     ] GC(20) Using 8 workers of 8 for evacuation
[2025-05-07T09:04:10.706+0530][gc,phases   ] GC(20)   Pre Evacuate Collection Set: 0.2ms
[2025-05-07T09:04:10.706+0530][gc,phases   ] GC(20)   Merge Heap Roots: 0.1ms
[2025-05-07T09:04:10.706+0530][gc,phases   ] GC(20)   Evacuate Collection Set: 4.2ms
[2025-05-07T09:04:10.706+0530][gc,phases   ] GC(20)   Post Evacuate Collection Set: 0.3ms
[2025-05-07T09:04:10.706+0530][gc,phases   ] GC(20)   Other: 0.4ms
[2025-05-07T09:04:10.706+0530][gc,heap     ] GC(20) Eden regions: 61->0(116)
[2025-05-07T09:04:10.706+0530][gc,heap     ] GC(20) Survivor regions: 4->5(9)
[2025-05-07T09:04:10.706+0530][gc,heap     ] GC(20) Old regions: 23->23
[2025-05-07T09:04:10.706+0530][gc,heap     ] GC(20) Archive regions: 2->2
[2025-05-07T09:04:10.706+0530][gc,heap     ] GC(20) Humongous regions: 129->129
[2025-05-07T09:04:10.706+0530][gc,metaspace] GC(20) Metaspace: 45380K(45952K)->45380K(45952K) NonClass: 40081K(40384K)->40081K(40384K) Class: 5299K(5568K)->5299K(5568K)
[2025-05-07T09:04:10.706+0530][gc          ] GC(20) Pause Young (Normal) (G1 Evacuation Pause) 217M->156M(1024M) 5.325ms
[2025-05-07T09:04:10.706+0530][gc,cpu      ] GC(20) User=0.02s Sys=0.01s Real=0.00s
[2025-05-07T09:23:15.458+0530][gc,start    ] GC(21) Pause Young (Normal) (G1 Evacuation Pause)
[2025-05-07T09:23:15.460+0530][gc,task     ] GC(21) Using 8 workers of 8 for evacuation
[2025-05-07T09:23:15.468+0530][gc,phases   ] GC(21)   Pre Evacuate Collection Set: 0.3ms
[2025-05-07T09:23:15.468+0530][gc,phases   ] GC(21)   Merge Heap Roots: 0.1ms
[2025-05-07T09:23:15.468+0530][gc,phases   ] GC(21)   Evacuate Collection Set: 6.8ms
[2025-05-07T09:23:15.468+0530][gc,phases   ] GC(21)   Post Evacuate Collection Set: 0.4ms
[2025-05-07T09:23:15.468+0530][gc,phases   ] GC(21)   Other: 2.4ms
[2025-05-07T09:23:15.468+0530][gc,heap     ] GC(21) Eden regions: 116->0(195)
[2025-05-07T09:23:15.468+0530][gc,heap     ] GC(21) Survivor regions: 5->6(16)
[2025-05-07T09:23:15.468+0530][gc,heap     ] GC(21) Old regions: 23->23
[2025-05-07T09:23:15.468+0530][gc,heap     ] GC(21) Archive regions: 2->2
[2025-05-07T09:23:15.468+0530][gc,heap     ] GC(21) Humongous regions: 129->129
[2025-05-07T09:23:15.468+0530][gc,metaspace] GC(21) Metaspace: 45389K(45952K)->45389K(45952K) NonClass: 40090K(40384K)->40090K(40384K) Class: 5299K(5568K)->5299K(5568K)
[2025-05-07T09:23:15.468+0530][gc          ] GC(21) Pause Young (Normal) (G1 Evacuation Pause) 272M->157M(1024M) 10.161ms
[2025-05-07T09:23:15.468+0530][gc,cpu      ] GC(21) User=0.04s Sys=0.01s Real=0.01s
[2025-05-07T10:07:04.420+0530][gc,start    ] GC(22) Pause Young (Normal) (G1 Evacuation Pause)
[2025-05-07T10:07:04.422+0530][gc,task     ] GC(22) Using 8 workers of 8 for evacuation
[2025-05-07T10:07:04.432+0530][gc,phases   ] GC(22)   Pre Evacuate Collection Set: 0.3ms
[2025-05-07T10:07:04.432+0530][gc,phases   ] GC(22)   Merge Heap Roots: 0.2ms
[2025-05-07T10:07:04.432+0530][gc,phases   ] GC(22)   Evacuate Collection Set: 9.2ms
[2025-05-07T10:07:04.432+0530][gc,phases   ] GC(22)   Post Evacuate Collection Set: 0.6ms
[2025-05-07T10:07:04.432+0530][gc,phases   ] GC(22)   Other: 2.4ms
[2025-05-07T10:07:04.432+0530][gc,heap     ] GC(22) Eden regions: 195->0(211)
[2025-05-07T10:07:04.432+0530][gc,heap     ] GC(22) Survivor regions: 6->6(26)
[2025-05-07T10:07:04.432+0530][gc,heap     ] GC(22) Old regions: 23->23
[2025-05-07T10:07:04.432+0530][gc,heap     ] GC(22) Archive regions: 2->2
[2025-05-07T10:07:04.432+0530][gc,heap     ] GC(22) Humongous regions: 129->129
[2025-05-07T10:07:04.432+0530][gc,metaspace] GC(22) Metaspace: 45435K(46016K)->45435K(46016K) NonClass: 40136K(40448K)->40136K(40448K) Class: 5299K(5568K)->5299K(5568K)
[2025-05-07T10:07:04.432+0530][gc          ] GC(22) Pause Young (Normal) (G1 Evacuation Pause) 352M->158M(1024M) 12.804ms
[2025-05-07T10:07:04.432+0530][gc,cpu      ] GC(22) User=0.05s Sys=0.02s Real=0.01s
[2025-05-07T11:04:01.427+0530][gc,heap,exit] Heap
[2025-05-07T11:04:01.427+0530][gc,heap,exit]  garbage-first heap   total 1048576K, used 301170K [0x00000007c0000000, 0x0000000800000000)
[2025-05-07T11:04:01.427+0530][gc,heap,exit]   region size 1024K, 142 young (145408K), 6 survivors (6144K)
[2025-05-07T11:04:01.427+0530][gc,heap,exit]  Metaspace       used 46287K, committed 46848K, reserved 1114112K
[2025-05-07T11:04:01.427+0530][gc,heap,exit]   class space    used 5469K, committed 5760K, reserved 1048576K
