[2025-05-06T20:08:34.677+0530][gc] Using G1
[2025-05-06T20:08:34.687+0530][gc,init] Version: 17.0.8+9-LTS-211 (release)
[2025-05-06T20:08:34.687+0530][gc,init] CPUs: 8 total, 8 available
[2025-05-06T20:08:34.687+0530][gc,init] Memory: 16384M
[2025-05-06T20:08:34.687+0530][gc,init] Large Page Support: Disabled
[2025-05-06T20:08:34.687+0530][gc,init] NUMA Support: Disabled
[2025-05-06T20:08:34.687+0530][gc,init] Compressed Oops: Enabled (Zero based)
[2025-05-06T20:08:34.687+0530][gc,init] Heap Region Size: 1M
[2025-05-06T20:08:34.687+0530][gc,init] Heap Min Capacity: 1G
[2025-05-06T20:08:34.687+0530][gc,init] Heap Initial Capacity: 1G
[2025-05-06T20:08:34.687+0530][gc,init] Heap Max Capacity: 1G
[2025-05-06T20:08:34.687+0530][gc,init] Pre-touch: Disabled
[2025-05-06T20:08:34.687+0530][gc,init] Parallel Workers: 8
[2025-05-06T20:08:34.687+0530][gc,init] Concurrent Workers: 2
[2025-05-06T20:08:34.687+0530][gc,init] Concurrent Refinement Workers: 8
[2025-05-06T20:08:34.687+0530][gc,init] Periodic GC: Disabled
[2025-05-06T20:08:34.694+0530][gc,metaspace] CDS archive(s) mapped at: [0x0000000127000000-0x0000000127be4000-0x0000000127be4000), size 12468224, SharedBaseAddress: 0x0000000127000000, ArchiveRelocationMode: 1.
[2025-05-06T20:08:34.694+0530][gc,metaspace] Compressed class space mapped at: 0x0000000128000000-0x0000000168000000, reserved size: 1073741824
[2025-05-06T20:08:34.694+0530][gc,metaspace] Narrow klass base: 0x0000000127000000, Narrow klass shift: 0, Narrow klass range: 0x100000000
[2025-05-06T20:08:42.919+0530][gc,start    ] GC(0) Pause Young (Normal) (G1 Evacuation Pause)
[2025-05-06T20:08:42.919+0530][gc,task     ] GC(0) Using 8 workers of 8 for evacuation
[2025-05-06T20:08:42.925+0530][gc,phases   ] GC(0)   Pre Evacuate Collection Set: 0.1ms
[2025-05-06T20:08:42.925+0530][gc,phases   ] GC(0)   Merge Heap Roots: 0.1ms
[2025-05-06T20:08:42.925+0530][gc,phases   ] GC(0)   Evacuate Collection Set: 4.8ms
[2025-05-06T20:08:42.925+0530][gc,phases   ] GC(0)   Post Evacuate Collection Set: 0.5ms
[2025-05-06T20:08:42.925+0530][gc,phases   ] GC(0)   Other: 0.7ms
[2025-05-06T20:08:42.925+0530][gc,heap     ] GC(0) Eden regions: 51->0(44)
[2025-05-06T20:08:42.925+0530][gc,heap     ] GC(0) Survivor regions: 0->7(7)
[2025-05-06T20:08:42.925+0530][gc,heap     ] GC(0) Old regions: 0->1
[2025-05-06T20:08:42.925+0530][gc,heap     ] GC(0) Archive regions: 2->2
[2025-05-06T20:08:42.925+0530][gc,heap     ] GC(0) Humongous regions: 0->0
[2025-05-06T20:08:42.925+0530][gc,metaspace] GC(0) Metaspace: 17520K(17728K)->17520K(17728K) NonClass: 15383K(15488K)->15383K(15488K) Class: 2136K(2240K)->2136K(2240K)
[2025-05-06T20:08:42.925+0530][gc          ] GC(0) Pause Young (Normal) (G1 Evacuation Pause) 51M->8M(1024M) 6.350ms
[2025-05-06T20:08:42.925+0530][gc,cpu      ] GC(0) User=0.03s Sys=0.01s Real=0.01s
[2025-05-06T20:08:43.156+0530][gc,heap,exit] Heap
[2025-05-06T20:08:43.156+0530][gc,heap,exit]  garbage-first heap   total 1048576K, used 14736K [0x00000007c0000000, 0x0000000800000000)
[2025-05-06T20:08:43.156+0530][gc,heap,exit]   region size 1024K, 13 young (13312K), 7 survivors (7168K)
[2025-05-06T20:08:43.156+0530][gc,heap,exit]  Metaspace       used 18816K, committed 19072K, reserved 1114112K
[2025-05-06T20:08:43.156+0530][gc,heap,exit]   class space    used 2305K, committed 2432K, reserved 1048576K
