[2025-05-06T20:08:01.436+0530][gc] Using G1
[2025-05-06T20:08:01.444+0530][gc,init] Version: 17.0.8+9-LTS-211 (release)
[2025-05-06T20:08:01.444+0530][gc,init] CPUs: 8 total, 8 available
[2025-05-06T20:08:01.444+0530][gc,init] Memory: 16384M
[2025-05-06T20:08:01.444+0530][gc,init] Large Page Support: Disabled
[2025-05-06T20:08:01.444+0530][gc,init] NUMA Support: Disabled
[2025-05-06T20:08:01.444+0530][gc,init] Compressed Oops: Enabled (Zero based)
[2025-05-06T20:08:01.444+0530][gc,init] Heap Region Size: 1M
[2025-05-06T20:08:01.444+0530][gc,init] Heap Min Capacity: 1G
[2025-05-06T20:08:01.444+0530][gc,init] Heap Initial Capacity: 1G
[2025-05-06T20:08:01.444+0530][gc,init] Heap Max Capacity: 1G
[2025-05-06T20:08:01.444+0530][gc,init] Pre-touch: Disabled
[2025-05-06T20:08:01.444+0530][gc,init] Parallel Workers: 8
[2025-05-06T20:08:01.444+0530][gc,init] Concurrent Workers: 2
[2025-05-06T20:08:01.444+0530][gc,init] Concurrent Refinement Workers: 8
[2025-05-06T20:08:01.444+0530][gc,init] Periodic GC: Disabled
[2025-05-06T20:08:01.452+0530][gc,metaspace] CDS archive(s) mapped at: [0x0000000123000000-0x0000000123be4000-0x0000000123be4000), size 12468224, SharedBaseAddress: 0x0000000123000000, ArchiveRelocationMode: 1.
[2025-05-06T20:08:01.452+0530][gc,metaspace] Compressed class space mapped at: 0x0000000124000000-0x0000000164000000, reserved size: 1073741824
[2025-05-06T20:08:01.452+0530][gc,metaspace] Narrow klass base: 0x0000000123000000, Narrow klass shift: 0, Narrow klass range: 0x100000000
[2025-05-06T20:08:02.680+0530][gc,start    ] GC(0) Pause Young (Normal) (G1 Evacuation Pause)
[2025-05-06T20:08:02.681+0530][gc,task     ] GC(0) Using 8 workers of 8 for evacuation
[2025-05-06T20:08:02.686+0530][gc,phases   ] GC(0)   Pre Evacuate Collection Set: 0.1ms
[2025-05-06T20:08:02.686+0530][gc,phases   ] GC(0)   Merge Heap Roots: 0.1ms
[2025-05-06T20:08:02.686+0530][gc,phases   ] GC(0)   Evacuate Collection Set: 4.6ms
[2025-05-06T20:08:02.686+0530][gc,phases   ] GC(0)   Post Evacuate Collection Set: 0.4ms
[2025-05-06T20:08:02.686+0530][gc,phases   ] GC(0)   Other: 0.7ms
[2025-05-06T20:08:02.686+0530][gc,heap     ] GC(0) Eden regions: 51->0(44)
[2025-05-06T20:08:02.686+0530][gc,heap     ] GC(0) Survivor regions: 0->7(7)
[2025-05-06T20:08:02.686+0530][gc,heap     ] GC(0) Old regions: 0->1
[2025-05-06T20:08:02.686+0530][gc,heap     ] GC(0) Archive regions: 2->2
[2025-05-06T20:08:02.686+0530][gc,heap     ] GC(0) Humongous regions: 0->0
[2025-05-06T20:08:02.686+0530][gc,metaspace] GC(0) Metaspace: 17547K(17728K)->17547K(17728K) NonClass: 15407K(15552K)->15407K(15552K) Class: 2140K(2176K)->2140K(2176K)
[2025-05-06T20:08:02.687+0530][gc          ] GC(0) Pause Young (Normal) (G1 Evacuation Pause) 51M->8M(1024M) 6.084ms
[2025-05-06T20:08:02.687+0530][gc,cpu      ] GC(0) User=0.03s Sys=0.01s Real=0.00s
[2025-05-06T20:08:03.039+0530][gc,start    ] GC(1) Pause Young (Concurrent Start) (Metadata GC Threshold)
[2025-05-06T20:08:03.039+0530][gc,task     ] GC(1) Using 8 workers of 8 for evacuation
[2025-05-06T20:08:03.045+0530][gc,phases   ] GC(1)   Pre Evacuate Collection Set: 0.1ms
[2025-05-06T20:08:03.045+0530][gc,phases   ] GC(1)   Merge Heap Roots: 0.1ms
[2025-05-06T20:08:03.045+0530][gc,phases   ] GC(1)   Evacuate Collection Set: 4.7ms
[2025-05-06T20:08:03.045+0530][gc,phases   ] GC(1)   Post Evacuate Collection Set: 0.5ms
[2025-05-06T20:08:03.045+0530][gc,phases   ] GC(1)   Other: 0.3ms
[2025-05-06T20:08:03.045+0530][gc,heap     ] GC(1) Eden regions: 16->0(49)
[2025-05-06T20:08:03.045+0530][gc,heap     ] GC(1) Survivor regions: 7->2(7)
[2025-05-06T20:08:03.045+0530][gc,heap     ] GC(1) Old regions: 1->8
[2025-05-06T20:08:03.045+0530][gc,heap     ] GC(1) Archive regions: 2->2
[2025-05-06T20:08:03.045+0530][gc,heap     ] GC(1) Humongous regions: 129->129
[2025-05-06T20:08:03.045+0530][gc,metaspace] GC(1) Metaspace: 21343K(21504K)->21343K(21504K) NonClass: 18731K(18816K)->18731K(18816K) Class: 2612K(2688K)->2612K(2688K)
[2025-05-06T20:08:03.045+0530][gc          ] GC(1) Pause Young (Concurrent Start) (Metadata GC Threshold) 153M->139M(1024M) 5.874ms
[2025-05-06T20:08:03.045+0530][gc,cpu      ] GC(1) User=0.03s Sys=0.01s Real=0.01s
[2025-05-06T20:08:03.045+0530][gc          ] GC(2) Concurrent Mark Cycle
[2025-05-06T20:08:03.045+0530][gc,marking  ] GC(2) Concurrent Clear Claimed Marks
[2025-05-06T20:08:03.045+0530][gc,marking  ] GC(2) Concurrent Clear Claimed Marks 0.023ms
[2025-05-06T20:08:03.045+0530][gc,marking  ] GC(2) Concurrent Scan Root Regions
[2025-05-06T20:08:03.049+0530][gc,marking  ] GC(2) Concurrent Scan Root Regions 3.098ms
[2025-05-06T20:08:03.049+0530][gc,marking  ] GC(2) Concurrent Mark
[2025-05-06T20:08:03.049+0530][gc,marking  ] GC(2) Concurrent Mark From Roots
[2025-05-06T20:08:03.049+0530][gc,task     ] GC(2) Using 2 workers of 2 for marking
[2025-05-06T20:08:03.051+0530][gc,marking  ] GC(2) Concurrent Mark From Roots 2.735ms
[2025-05-06T20:08:03.051+0530][gc,marking  ] GC(2) Concurrent Preclean
[2025-05-06T20:08:03.051+0530][gc,marking  ] GC(2) Concurrent Preclean 0.057ms
[2025-05-06T20:08:03.052+0530][gc,start    ] GC(2) Pause Remark
[2025-05-06T20:08:03.053+0530][gc          ] GC(2) Pause Remark 140M->140M(1024M) 1.611ms
[2025-05-06T20:08:03.053+0530][gc,cpu      ] GC(2) User=0.00s Sys=0.00s Real=0.00s
[2025-05-06T20:08:03.053+0530][gc,marking  ] GC(2) Concurrent Mark 4.693ms
[2025-05-06T20:08:03.053+0530][gc,marking  ] GC(2) Concurrent Rebuild Remembered Sets
[2025-05-06T20:08:03.053+0530][gc,marking  ] GC(2) Concurrent Rebuild Remembered Sets 0.016ms
[2025-05-06T20:08:03.053+0530][gc,start    ] GC(2) Pause Cleanup
[2025-05-06T20:08:03.053+0530][gc          ] GC(2) Pause Cleanup 140M->140M(1024M) 0.035ms
[2025-05-06T20:08:03.053+0530][gc,cpu      ] GC(2) User=0.00s Sys=0.00s Real=0.00s
[2025-05-06T20:08:03.054+0530][gc,marking  ] GC(2) Concurrent Cleanup for Next Mark
[2025-05-06T20:08:03.061+0530][gc,marking  ] GC(2) Concurrent Cleanup for Next Mark 7.760ms
[2025-05-06T20:08:03.061+0530][gc          ] GC(2) Concurrent Mark Cycle 16.037ms
[2025-05-06T20:08:03.766+0530][gc,start    ] GC(3) Pause Young (Normal) (G1 Evacuation Pause)
[2025-05-06T20:08:03.766+0530][gc,task     ] GC(3) Using 8 workers of 8 for evacuation
[2025-05-06T20:08:03.771+0530][gc,phases   ] GC(3)   Pre Evacuate Collection Set: 0.1ms
[2025-05-06T20:08:03.772+0530][gc,phases   ] GC(3)   Merge Heap Roots: 0.1ms
[2025-05-06T20:08:03.772+0530][gc,phases   ] GC(3)   Evacuate Collection Set: 4.6ms
[2025-05-06T20:08:03.772+0530][gc,phases   ] GC(3)   Post Evacuate Collection Set: 0.4ms
[2025-05-06T20:08:03.772+0530][gc,phases   ] GC(3)   Other: 0.1ms
[2025-05-06T20:08:03.772+0530][gc,heap     ] GC(3) Eden regions: 49->0(44)
[2025-05-06T20:08:03.772+0530][gc,heap     ] GC(3) Survivor regions: 2->7(7)
[2025-05-06T20:08:03.772+0530][gc,heap     ] GC(3) Old regions: 8->8
[2025-05-06T20:08:03.772+0530][gc,heap     ] GC(3) Archive regions: 2->2
[2025-05-06T20:08:03.772+0530][gc,heap     ] GC(3) Humongous regions: 129->129
[2025-05-06T20:08:03.772+0530][gc,metaspace] GC(3) Metaspace: 32762K(33024K)->32762K(33024K) NonClass: 29075K(29248K)->29075K(29248K) Class: 3686K(3776K)->3686K(3776K)
[2025-05-06T20:08:03.772+0530][gc          ] GC(3) Pause Young (Normal) (G1 Evacuation Pause) 188M->144M(1024M) 5.598ms
[2025-05-06T20:08:03.772+0530][gc,cpu      ] GC(3) User=0.03s Sys=0.00s Real=0.01s
[2025-05-06T20:08:03.945+0530][gc,start    ] GC(4) Pause Young (Concurrent Start) (Metadata GC Threshold)
[2025-05-06T20:08:03.945+0530][gc,task     ] GC(4) Using 8 workers of 8 for evacuation
[2025-05-06T20:08:03.958+0530][gc,phases   ] GC(4)   Pre Evacuate Collection Set: 0.2ms
[2025-05-06T20:08:03.958+0530][gc,phases   ] GC(4)   Merge Heap Roots: 0.3ms
[2025-05-06T20:08:03.958+0530][gc,phases   ] GC(4)   Evacuate Collection Set: 12.1ms
[2025-05-06T20:08:03.958+0530][gc,phases   ] GC(4)   Post Evacuate Collection Set: 0.6ms
[2025-05-06T20:08:03.958+0530][gc,phases   ] GC(4)   Other: 0.2ms
[2025-05-06T20:08:03.958+0530][gc,heap     ] GC(4) Eden regions: 14->0(49)
[2025-05-06T20:08:03.958+0530][gc,heap     ] GC(4) Survivor regions: 7->2(7)
[2025-05-06T20:08:03.958+0530][gc,heap     ] GC(4) Old regions: 8->15
[2025-05-06T20:08:03.958+0530][gc,heap     ] GC(4) Archive regions: 2->2
[2025-05-06T20:08:03.958+0530][gc,heap     ] GC(4) Humongous regions: 129->129
[2025-05-06T20:08:03.958+0530][gc,metaspace] GC(4) Metaspace: 35670K(35968K)->35670K(35968K) NonClass: 31620K(31744K)->31620K(31744K) Class: 4050K(4224K)->4050K(4224K)
[2025-05-06T20:08:03.958+0530][gc          ] GC(4) Pause Young (Concurrent Start) (Metadata GC Threshold) 157M->145M(1024M) 13.731ms
[2025-05-06T20:08:03.958+0530][gc,cpu      ] GC(4) User=0.04s Sys=0.01s Real=0.01s
[2025-05-06T20:08:03.959+0530][gc          ] GC(5) Concurrent Mark Cycle
[2025-05-06T20:08:03.959+0530][gc,marking  ] GC(5) Concurrent Clear Claimed Marks
[2025-05-06T20:08:03.959+0530][gc,marking  ] GC(5) Concurrent Clear Claimed Marks 0.042ms
[2025-05-06T20:08:03.959+0530][gc,marking  ] GC(5) Concurrent Scan Root Regions
[2025-05-06T20:08:03.965+0530][gc,marking  ] GC(5) Concurrent Scan Root Regions 6.803ms
[2025-05-06T20:08:03.965+0530][gc,marking  ] GC(5) Concurrent Mark
[2025-05-06T20:08:03.966+0530][gc,marking  ] GC(5) Concurrent Mark From Roots
[2025-05-06T20:08:03.966+0530][gc,task     ] GC(5) Using 2 workers of 2 for marking
[2025-05-06T20:08:03.993+0530][gc,marking  ] GC(5) Concurrent Mark From Roots 27.752ms
[2025-05-06T20:08:03.993+0530][gc,marking  ] GC(5) Concurrent Preclean
[2025-05-06T20:08:03.993+0530][gc,marking  ] GC(5) Concurrent Preclean 0.134ms
[2025-05-06T20:08:03.994+0530][gc,start    ] GC(5) Pause Remark
[2025-05-06T20:08:03.996+0530][gc          ] GC(5) Pause Remark 146M->146M(1024M) 2.129ms
[2025-05-06T20:08:03.996+0530][gc,cpu      ] GC(5) User=0.01s Sys=0.00s Real=0.00s
[2025-05-06T20:08:03.996+0530][gc,marking  ] GC(5) Concurrent Mark 30.399ms
[2025-05-06T20:08:03.996+0530][gc,marking  ] GC(5) Concurrent Rebuild Remembered Sets
[2025-05-06T20:08:04.006+0530][gc,marking  ] GC(5) Concurrent Rebuild Remembered Sets 10.150ms
[2025-05-06T20:08:04.006+0530][gc,start    ] GC(5) Pause Cleanup
[2025-05-06T20:08:04.007+0530][gc          ] GC(5) Pause Cleanup 147M->147M(1024M) 0.234ms
[2025-05-06T20:08:04.007+0530][gc,cpu      ] GC(5) User=0.00s Sys=0.00s Real=0.00s
[2025-05-06T20:08:04.007+0530][gc,marking  ] GC(5) Concurrent Cleanup for Next Mark
[2025-05-06T20:08:04.021+0530][gc,marking  ] GC(5) Concurrent Cleanup for Next Mark 13.941ms
[2025-05-06T20:08:04.021+0530][gc          ] GC(5) Concurrent Mark Cycle 62.319ms
[2025-05-06T20:08:10.439+0530][gc,heap,exit] Heap
[2025-05-06T20:08:10.439+0530][gc,heap,exit]  garbage-first heap   total 1048576K, used 187883K [0x00000007c0000000, 0x0000000800000000)
[2025-05-06T20:08:10.439+0530][gc,heap,exit]   region size 1024K, 41 young (41984K), 2 survivors (2048K)
[2025-05-06T20:08:10.439+0530][gc,heap,exit]  Metaspace       used 39983K, committed 40448K, reserved 1114112K
[2025-05-06T20:08:10.439+0530][gc,heap,exit]   class space    used 4752K, committed 4928K, reserved 1048576K
