[2025-05-07T15:09:26.097+0530][gc] Using G1
[2025-05-07T15:09:26.106+0530][gc,init] Version: 17.0.8+9-LTS-211 (release)
[2025-05-07T15:09:26.106+0530][gc,init] CPUs: 8 total, 8 available
[2025-05-07T15:09:26.106+0530][gc,init] Memory: 16384M
[2025-05-07T15:09:26.106+0530][gc,init] Large Page Support: Disabled
[2025-05-07T15:09:26.106+0530][gc,init] NUMA Support: Disabled
[2025-05-07T15:09:26.106+0530][gc,init] Compressed Oops: Enabled (Zero based)
[2025-05-07T15:09:26.106+0530][gc,init] Heap Region Size: 1M
[2025-05-07T15:09:26.106+0530][gc,init] Heap Min Capacity: 1G
[2025-05-07T15:09:26.106+0530][gc,init] Heap Initial Capacity: 1G
[2025-05-07T15:09:26.106+0530][gc,init] Heap Max Capacity: 1G
[2025-05-07T15:09:26.106+0530][gc,init] Pre-touch: Disabled
[2025-05-07T15:09:26.106+0530][gc,init] Parallel Workers: 8
[2025-05-07T15:09:26.106+0530][gc,init] Concurrent Workers: 2
[2025-05-07T15:09:26.106+0530][gc,init] Concurrent Refinement Workers: 8
[2025-05-07T15:09:26.106+0530][gc,init] Periodic GC: Disabled
[2025-05-07T15:09:26.114+0530][gc,metaspace] CDS archive(s) mapped at: [0x000000012f000000-0x000000012fbe4000-0x000000012fbe4000), size 12468224, SharedBaseAddress: 0x000000012f000000, ArchiveRelocationMode: 1.
[2025-05-07T15:09:26.114+0530][gc,metaspace] Compressed class space mapped at: 0x0000000130000000-0x0000000170000000, reserved size: 1073741824
[2025-05-07T15:09:26.114+0530][gc,metaspace] Narrow klass base: 0x000000012f000000, Narrow klass shift: 0, Narrow klass range: 0x100000000
[2025-05-07T15:09:27.369+0530][gc,start    ] GC(0) Pause Young (Normal) (G1 Evacuation Pause)
[2025-05-07T15:09:27.370+0530][gc,task     ] GC(0) Using 8 workers of 8 for evacuation
[2025-05-07T15:09:27.376+0530][gc,phases   ] GC(0)   Pre Evacuate Collection Set: 0.1ms
[2025-05-07T15:09:27.376+0530][gc,phases   ] GC(0)   Merge Heap Roots: 0.1ms
[2025-05-07T15:09:27.376+0530][gc,phases   ] GC(0)   Evacuate Collection Set: 5.0ms
[2025-05-07T15:09:27.376+0530][gc,phases   ] GC(0)   Post Evacuate Collection Set: 0.4ms
[2025-05-07T15:09:27.376+0530][gc,phases   ] GC(0)   Other: 1.2ms
[2025-05-07T15:09:27.376+0530][gc,heap     ] GC(0) Eden regions: 51->0(44)
[2025-05-07T15:09:27.376+0530][gc,heap     ] GC(0) Survivor regions: 0->7(7)
[2025-05-07T15:09:27.376+0530][gc,heap     ] GC(0) Old regions: 0->1
[2025-05-07T15:09:27.376+0530][gc,heap     ] GC(0) Archive regions: 2->2
[2025-05-07T15:09:27.376+0530][gc,heap     ] GC(0) Humongous regions: 0->0
[2025-05-07T15:09:27.376+0530][gc,metaspace] GC(0) Metaspace: 17548K(17728K)->17548K(17728K) NonClass: 15408K(15552K)->15408K(15552K) Class: 2139K(2176K)->2139K(2176K)
[2025-05-07T15:09:27.376+0530][gc          ] GC(0) Pause Young (Normal) (G1 Evacuation Pause) 51M->8M(1024M) 7.080ms
[2025-05-07T15:09:27.376+0530][gc,cpu      ] GC(0) User=0.03s Sys=0.02s Real=0.01s
[2025-05-07T15:09:27.718+0530][gc,start    ] GC(1) Pause Young (Concurrent Start) (Metadata GC Threshold)
[2025-05-07T15:09:27.718+0530][gc,task     ] GC(1) Using 8 workers of 8 for evacuation
[2025-05-07T15:09:27.726+0530][gc,phases   ] GC(1)   Pre Evacuate Collection Set: 0.1ms
[2025-05-07T15:09:27.726+0530][gc,phases   ] GC(1)   Merge Heap Roots: 0.1ms
[2025-05-07T15:09:27.726+0530][gc,phases   ] GC(1)   Evacuate Collection Set: 6.6ms
[2025-05-07T15:09:27.726+0530][gc,phases   ] GC(1)   Post Evacuate Collection Set: 0.5ms
[2025-05-07T15:09:27.726+0530][gc,phases   ] GC(1)   Other: 0.3ms
[2025-05-07T15:09:27.726+0530][gc,heap     ] GC(1) Eden regions: 16->0(49)
[2025-05-07T15:09:27.726+0530][gc,heap     ] GC(1) Survivor regions: 7->2(7)
[2025-05-07T15:09:27.726+0530][gc,heap     ] GC(1) Old regions: 1->8
[2025-05-07T15:09:27.726+0530][gc,heap     ] GC(1) Archive regions: 2->2
[2025-05-07T15:09:27.726+0530][gc,heap     ] GC(1) Humongous regions: 129->129
[2025-05-07T15:09:27.726+0530][gc,metaspace] GC(1) Metaspace: 21355K(21504K)->21355K(21504K) NonClass: 18750K(18816K)->18750K(18816K) Class: 2604K(2688K)->2604K(2688K)
[2025-05-07T15:09:27.726+0530][gc          ] GC(1) Pause Young (Concurrent Start) (Metadata GC Threshold) 153M->139M(1024M) 7.720ms
[2025-05-07T15:09:27.726+0530][gc,cpu      ] GC(1) User=0.02s Sys=0.01s Real=0.01s
[2025-05-07T15:09:27.726+0530][gc          ] GC(2) Concurrent Mark Cycle
[2025-05-07T15:09:27.726+0530][gc,marking  ] GC(2) Concurrent Clear Claimed Marks
[2025-05-07T15:09:27.726+0530][gc,marking  ] GC(2) Concurrent Clear Claimed Marks 0.017ms
[2025-05-07T15:09:27.726+0530][gc,marking  ] GC(2) Concurrent Scan Root Regions
[2025-05-07T15:09:27.731+0530][gc,marking  ] GC(2) Concurrent Scan Root Regions 4.337ms
[2025-05-07T15:09:27.731+0530][gc,marking  ] GC(2) Concurrent Mark
[2025-05-07T15:09:27.731+0530][gc,marking  ] GC(2) Concurrent Mark From Roots
[2025-05-07T15:09:27.731+0530][gc,task     ] GC(2) Using 2 workers of 2 for marking
[2025-05-07T15:09:27.733+0530][gc,marking  ] GC(2) Concurrent Mark From Roots 2.023ms
[2025-05-07T15:09:27.733+0530][gc,marking  ] GC(2) Concurrent Preclean
[2025-05-07T15:09:27.733+0530][gc,marking  ] GC(2) Concurrent Preclean 0.031ms
[2025-05-07T15:09:27.733+0530][gc,start    ] GC(2) Pause Remark
[2025-05-07T15:09:27.734+0530][gc          ] GC(2) Pause Remark 140M->140M(1024M) 1.479ms
[2025-05-07T15:09:27.734+0530][gc,cpu      ] GC(2) User=0.01s Sys=0.00s Real=0.00s
[2025-05-07T15:09:27.734+0530][gc,marking  ] GC(2) Concurrent Mark 3.850ms
[2025-05-07T15:09:27.734+0530][gc,marking  ] GC(2) Concurrent Rebuild Remembered Sets
[2025-05-07T15:09:27.734+0530][gc,marking  ] GC(2) Concurrent Rebuild Remembered Sets 0.009ms
[2025-05-07T15:09:27.735+0530][gc,start    ] GC(2) Pause Cleanup
[2025-05-07T15:09:27.735+0530][gc          ] GC(2) Pause Cleanup 140M->140M(1024M) 0.031ms
[2025-05-07T15:09:27.735+0530][gc,cpu      ] GC(2) User=0.00s Sys=0.00s Real=0.00s
[2025-05-07T15:09:27.735+0530][gc,marking  ] GC(2) Concurrent Cleanup for Next Mark
[2025-05-07T15:09:27.742+0530][gc,marking  ] GC(2) Concurrent Cleanup for Next Mark 7.053ms
[2025-05-07T15:09:27.742+0530][gc          ] GC(2) Concurrent Mark Cycle 15.703ms
[2025-05-07T15:09:28.428+0530][gc,start    ] GC(3) Pause Young (Normal) (G1 Evacuation Pause)
[2025-05-07T15:09:28.428+0530][gc,task     ] GC(3) Using 8 workers of 8 for evacuation
[2025-05-07T15:09:28.438+0530][gc,phases   ] GC(3)   Pre Evacuate Collection Set: 0.1ms
[2025-05-07T15:09:28.438+0530][gc,phases   ] GC(3)   Merge Heap Roots: 0.1ms
[2025-05-07T15:09:28.438+0530][gc,phases   ] GC(3)   Evacuate Collection Set: 9.4ms
[2025-05-07T15:09:28.439+0530][gc,phases   ] GC(3)   Post Evacuate Collection Set: 1.1ms
[2025-05-07T15:09:28.439+0530][gc,phases   ] GC(3)   Other: 0.1ms
[2025-05-07T15:09:28.439+0530][gc,heap     ] GC(3) Eden regions: 49->0(44)
[2025-05-07T15:09:28.439+0530][gc,heap     ] GC(3) Survivor regions: 2->7(7)
[2025-05-07T15:09:28.439+0530][gc,heap     ] GC(3) Old regions: 8->8
[2025-05-07T15:09:28.439+0530][gc,heap     ] GC(3) Archive regions: 2->2
[2025-05-07T15:09:28.439+0530][gc,heap     ] GC(3) Humongous regions: 129->129
[2025-05-07T15:09:28.439+0530][gc,metaspace] GC(3) Metaspace: 32822K(33088K)->32822K(33088K) NonClass: 29153K(29312K)->29153K(29312K) Class: 3668K(3776K)->3668K(3776K)
[2025-05-07T15:09:28.439+0530][gc          ] GC(3) Pause Young (Normal) (G1 Evacuation Pause) 188M->144M(1024M) 11.152ms
[2025-05-07T15:09:28.439+0530][gc,cpu      ] GC(3) User=0.03s Sys=0.00s Real=0.01s
[2025-05-07T15:09:57.610+0530][gc,start    ] GC(4) Pause Young (Concurrent Start) (Metadata GC Threshold)
[2025-05-07T15:09:57.610+0530][gc,task     ] GC(4) Using 8 workers of 8 for evacuation
[2025-05-07T15:09:57.616+0530][gc,phases   ] GC(4)   Pre Evacuate Collection Set: 0.1ms
[2025-05-07T15:09:57.616+0530][gc,phases   ] GC(4)   Merge Heap Roots: 0.1ms
[2025-05-07T15:09:57.616+0530][gc,phases   ] GC(4)   Evacuate Collection Set: 5.5ms
[2025-05-07T15:09:57.616+0530][gc,phases   ] GC(4)   Post Evacuate Collection Set: 0.4ms
[2025-05-07T15:09:57.616+0530][gc,phases   ] GC(4)   Other: 0.2ms
[2025-05-07T15:09:57.616+0530][gc,heap     ] GC(4) Eden regions: 14->0(49)
[2025-05-07T15:09:57.616+0530][gc,heap     ] GC(4) Survivor regions: 7->2(7)
[2025-05-07T15:09:57.616+0530][gc,heap     ] GC(4) Old regions: 8->15
[2025-05-07T15:09:57.616+0530][gc,heap     ] GC(4) Archive regions: 2->2
[2025-05-07T15:09:57.616+0530][gc,heap     ] GC(4) Humongous regions: 129->129
[2025-05-07T15:09:57.616+0530][gc,metaspace] GC(4) Metaspace: 35689K(35968K)->35689K(35968K) NonClass: 31688K(31808K)->31688K(31808K) Class: 4000K(4160K)->4000K(4160K)
[2025-05-07T15:09:57.616+0530][gc          ] GC(4) Pause Young (Concurrent Start) (Metadata GC Threshold) 158M->145M(1024M) 6.353ms
[2025-05-07T15:09:57.616+0530][gc,cpu      ] GC(4) User=0.03s Sys=0.01s Real=0.00s
[2025-05-07T15:09:57.616+0530][gc          ] GC(5) Concurrent Mark Cycle
[2025-05-07T15:09:57.616+0530][gc,marking  ] GC(5) Concurrent Clear Claimed Marks
[2025-05-07T15:09:57.616+0530][gc,marking  ] GC(5) Concurrent Clear Claimed Marks 0.021ms
[2025-05-07T15:09:57.616+0530][gc,marking  ] GC(5) Concurrent Scan Root Regions
[2025-05-07T15:09:57.622+0530][gc,marking  ] GC(5) Concurrent Scan Root Regions 5.683ms
[2025-05-07T15:09:57.622+0530][gc,marking  ] GC(5) Concurrent Mark
[2025-05-07T15:09:57.622+0530][gc,marking  ] GC(5) Concurrent Mark From Roots
[2025-05-07T15:09:57.623+0530][gc,task     ] GC(5) Using 2 workers of 2 for marking
[2025-05-07T15:09:57.632+0530][gc,marking  ] GC(5) Concurrent Mark From Roots 9.654ms
[2025-05-07T15:09:57.632+0530][gc,marking  ] GC(5) Concurrent Preclean
[2025-05-07T15:09:57.632+0530][gc,marking  ] GC(5) Concurrent Preclean 0.060ms
[2025-05-07T15:09:57.632+0530][gc,start    ] GC(5) Pause Remark
[2025-05-07T15:09:57.634+0530][gc          ] GC(5) Pause Remark 146M->146M(1024M) 1.892ms
[2025-05-07T15:09:57.634+0530][gc,cpu      ] GC(5) User=0.01s Sys=0.00s Real=0.00s
[2025-05-07T15:09:57.634+0530][gc,marking  ] GC(5) Concurrent Mark 11.842ms
[2025-05-07T15:09:57.634+0530][gc,marking  ] GC(5) Concurrent Rebuild Remembered Sets
[2025-05-07T15:09:57.642+0530][gc,marking  ] GC(5) Concurrent Rebuild Remembered Sets 7.987ms
[2025-05-07T15:09:57.645+0530][gc,start    ] GC(5) Pause Cleanup
[2025-05-07T15:09:57.645+0530][gc          ] GC(5) Pause Cleanup 146M->146M(1024M) 0.156ms
[2025-05-07T15:09:57.645+0530][gc,cpu      ] GC(5) User=0.00s Sys=0.00s Real=0.00s
[2025-05-07T15:09:57.645+0530][gc,marking  ] GC(5) Concurrent Cleanup for Next Mark
[2025-05-07T15:09:57.652+0530][gc,marking  ] GC(5) Concurrent Cleanup for Next Mark 6.607ms
[2025-05-07T15:09:57.652+0530][gc          ] GC(5) Concurrent Mark Cycle 35.692ms
[2025-05-07T15:22:06.468+0530][gc,start    ] GC(6) Pause Young (Prepare Mixed) (G1 Evacuation Pause)
[2025-05-07T15:22:06.468+0530][gc,task     ] GC(6) Using 8 workers of 8 for evacuation
[2025-05-07T15:22:06.479+0530][gc,phases   ] GC(6)   Pre Evacuate Collection Set: 0.1ms
[2025-05-07T15:22:06.479+0530][gc,phases   ] GC(6)   Merge Heap Roots: 0.1ms
[2025-05-07T15:22:06.479+0530][gc,phases   ] GC(6)   Evacuate Collection Set: 10.1ms
[2025-05-07T15:22:06.479+0530][gc,phases   ] GC(6)   Post Evacuate Collection Set: 0.7ms
[2025-05-07T15:22:06.479+0530][gc,phases   ] GC(6)   Other: 0.3ms
[2025-05-07T15:22:06.479+0530][gc,heap     ] GC(6) Eden regions: 49->0(47)
[2025-05-07T15:22:06.479+0530][gc,heap     ] GC(6) Survivor regions: 2->4(7)
[2025-05-07T15:22:06.479+0530][gc,heap     ] GC(6) Old regions: 15->15
[2025-05-07T15:22:06.479+0530][gc,heap     ] GC(6) Archive regions: 2->2
[2025-05-07T15:22:06.479+0530][gc,heap     ] GC(6) Humongous regions: 129->129
[2025-05-07T15:22:06.479+0530][gc,metaspace] GC(6) Metaspace: 41172K(41664K)->41172K(41664K) NonClass: 36388K(36672K)->36388K(36672K) Class: 4784K(4992K)->4784K(4992K)
[2025-05-07T15:22:06.480+0530][gc          ] GC(6) Pause Young (Prepare Mixed) (G1 Evacuation Pause) 194M->148M(1024M) 11.582ms
[2025-05-07T15:22:06.480+0530][gc,cpu      ] GC(6) User=0.03s Sys=0.00s Real=0.02s
[2025-05-07T15:29:04.811+0530][gc,start    ] GC(7) Pause Young (Mixed) (G1 Evacuation Pause)
[2025-05-07T15:29:04.813+0530][gc,task     ] GC(7) Using 8 workers of 8 for evacuation
[2025-05-07T15:29:04.819+0530][gc,phases   ] GC(7)   Pre Evacuate Collection Set: 0.1ms
[2025-05-07T15:29:04.819+0530][gc,phases   ] GC(7)   Merge Heap Roots: 0.1ms
[2025-05-07T15:29:04.819+0530][gc,phases   ] GC(7)   Evacuate Collection Set: 5.5ms
[2025-05-07T15:29:04.819+0530][gc,phases   ] GC(7)   Post Evacuate Collection Set: 0.4ms
[2025-05-07T15:29:04.819+0530][gc,phases   ] GC(7)   Other: 2.2ms
[2025-05-07T15:29:04.819+0530][gc,heap     ] GC(7) Eden regions: 47->0(47)
[2025-05-07T15:29:04.819+0530][gc,heap     ] GC(7) Survivor regions: 4->4(7)
[2025-05-07T15:29:04.819+0530][gc,heap     ] GC(7) Old regions: 15->15
[2025-05-07T15:29:04.819+0530][gc,heap     ] GC(7) Archive regions: 2->2
[2025-05-07T15:29:04.819+0530][gc,heap     ] GC(7) Humongous regions: 129->129
[2025-05-07T15:29:04.819+0530][gc,metaspace] GC(7) Metaspace: 41323K(41792K)->41323K(41792K) NonClass: 36531K(36800K)->36531K(36800K) Class: 4792K(4992K)->4792K(4992K)
[2025-05-07T15:29:04.819+0530][gc          ] GC(7) Pause Young (Mixed) (G1 Evacuation Pause) 195M->148M(1024M) 8.431ms
[2025-05-07T15:29:04.819+0530][gc,cpu      ] GC(7) User=0.03s Sys=0.01s Real=0.00s
[2025-05-07T15:35:02.864+0530][gc,start    ] GC(8) Pause Young (Normal) (G1 Evacuation Pause)
[2025-05-07T15:35:02.864+0530][gc,task     ] GC(8) Using 8 workers of 8 for evacuation
[2025-05-07T15:35:02.883+0530][gc,phases   ] GC(8)   Pre Evacuate Collection Set: 0.5ms
[2025-05-07T15:35:02.883+0530][gc,phases   ] GC(8)   Merge Heap Roots: 0.5ms
[2025-05-07T15:35:02.883+0530][gc,phases   ] GC(8)   Evacuate Collection Set: 16.9ms
[2025-05-07T15:35:02.883+0530][gc,phases   ] GC(8)   Post Evacuate Collection Set: 0.9ms
[2025-05-07T15:35:02.883+0530][gc,phases   ] GC(8)   Other: 0.2ms
[2025-05-07T15:35:02.883+0530][gc,heap     ] GC(8) Eden regions: 47->0(47)
[2025-05-07T15:35:02.883+0530][gc,heap     ] GC(8) Survivor regions: 4->4(7)
[2025-05-07T15:35:02.884+0530][gc,heap     ] GC(8) Old regions: 15->15
[2025-05-07T15:35:02.884+0530][gc,heap     ] GC(8) Archive regions: 2->2
[2025-05-07T15:35:02.884+0530][gc,heap     ] GC(8) Humongous regions: 129->129
[2025-05-07T15:35:02.884+0530][gc,metaspace] GC(8) Metaspace: 42073K(42688K)->42073K(42688K) NonClass: 37171K(37504K)->37171K(37504K) Class: 4901K(5184K)->4901K(5184K)
[2025-05-07T15:35:02.884+0530][gc          ] GC(8) Pause Young (Normal) (G1 Evacuation Pause) 195M->148M(1024M) 19.718ms
[2025-05-07T15:35:02.884+0530][gc,cpu      ] GC(8) User=0.03s Sys=0.00s Real=0.02s
[2025-05-07T15:35:09.118+0530][gc,start    ] GC(9) Pause Young (Normal) (G1 Evacuation Pause)
[2025-05-07T15:35:09.118+0530][gc,task     ] GC(9) Using 8 workers of 8 for evacuation
[2025-05-07T15:35:09.124+0530][gc,phases   ] GC(9)   Pre Evacuate Collection Set: 0.2ms
[2025-05-07T15:35:09.124+0530][gc,phases   ] GC(9)   Merge Heap Roots: 0.1ms
[2025-05-07T15:35:09.124+0530][gc,phases   ] GC(9)   Evacuate Collection Set: 4.1ms
[2025-05-07T15:35:09.124+0530][gc,phases   ] GC(9)   Post Evacuate Collection Set: 0.5ms
[2025-05-07T15:35:09.124+0530][gc,phases   ] GC(9)   Other: 0.2ms
[2025-05-07T15:35:09.124+0530][gc,heap     ] GC(9) Eden regions: 47->0(65)
[2025-05-07T15:35:09.124+0530][gc,heap     ] GC(9) Survivor regions: 4->4(7)
[2025-05-07T15:35:09.124+0530][gc,heap     ] GC(9) Old regions: 15->15
[2025-05-07T15:35:09.124+0530][gc,heap     ] GC(9) Archive regions: 2->2
[2025-05-07T15:35:09.124+0530][gc,heap     ] GC(9) Humongous regions: 129->129
[2025-05-07T15:35:09.124+0530][gc,metaspace] GC(9) Metaspace: 42398K(43008K)->42398K(43008K) NonClass: 37496K(37824K)->37496K(37824K) Class: 4901K(5184K)->4901K(5184K)
[2025-05-07T15:35:09.124+0530][gc          ] GC(9) Pause Young (Normal) (G1 Evacuation Pause) 195M->148M(1024M) 5.286ms
[2025-05-07T15:35:09.124+0530][gc,cpu      ] GC(9) User=0.02s Sys=0.00s Real=0.01s
[2025-05-07T15:35:15.957+0530][gc,start    ] GC(10) Pause Young (Normal) (G1 Evacuation Pause)
[2025-05-07T15:35:15.958+0530][gc,task     ] GC(10) Using 8 workers of 8 for evacuation
[2025-05-07T15:35:15.963+0530][gc,phases   ] GC(10)   Pre Evacuate Collection Set: 0.2ms
[2025-05-07T15:35:15.963+0530][gc,phases   ] GC(10)   Merge Heap Roots: 0.2ms
[2025-05-07T15:35:15.963+0530][gc,phases   ] GC(10)   Evacuate Collection Set: 4.8ms
[2025-05-07T15:35:15.963+0530][gc,phases   ] GC(10)   Post Evacuate Collection Set: 0.6ms
[2025-05-07T15:35:15.964+0530][gc,phases   ] GC(10)   Other: 0.5ms
[2025-05-07T15:35:15.964+0530][gc,heap     ] GC(10) Eden regions: 65->0(124)
[2025-05-07T15:35:15.964+0530][gc,heap     ] GC(10) Survivor regions: 4->4(9)
[2025-05-07T15:35:15.964+0530][gc,heap     ] GC(10) Old regions: 15->15
[2025-05-07T15:35:15.964+0530][gc,heap     ] GC(10) Archive regions: 2->2
[2025-05-07T15:35:15.964+0530][gc,heap     ] GC(10) Humongous regions: 129->129
[2025-05-07T15:35:15.964+0530][gc,metaspace] GC(10) Metaspace: 42643K(43264K)->42643K(43264K) NonClass: 37741K(38080K)->37741K(38080K) Class: 4901K(5184K)->4901K(5184K)
[2025-05-07T15:35:15.964+0530][gc          ] GC(10) Pause Young (Normal) (G1 Evacuation Pause) 213M->148M(1024M) 6.440ms
[2025-05-07T15:35:15.964+0530][gc,cpu      ] GC(10) User=0.02s Sys=0.00s Real=0.01s
[2025-05-07T15:35:32.899+0530][gc,start    ] GC(11) Pause Young (Normal) (G1 Evacuation Pause)
[2025-05-07T15:35:32.901+0530][gc,task     ] GC(11) Using 8 workers of 8 for evacuation
[2025-05-07T15:35:32.909+0530][gc,phases   ] GC(11)   Pre Evacuate Collection Set: 0.3ms
[2025-05-07T15:35:32.909+0530][gc,phases   ] GC(11)   Merge Heap Roots: 0.1ms
[2025-05-07T15:35:32.910+0530][gc,phases   ] GC(11)   Evacuate Collection Set: 6.8ms
[2025-05-07T15:35:32.910+0530][gc,phases   ] GC(11)   Post Evacuate Collection Set: 1.0ms
[2025-05-07T15:35:32.910+0530][gc,phases   ] GC(11)   Other: 2.2ms
[2025-05-07T15:35:32.910+0530][gc,heap     ] GC(11) Eden regions: 124->0(200)
[2025-05-07T15:35:32.910+0530][gc,heap     ] GC(11) Survivor regions: 4->4(16)
[2025-05-07T15:35:32.910+0530][gc,heap     ] GC(11) Old regions: 15->15
[2025-05-07T15:35:32.910+0530][gc,heap     ] GC(11) Archive regions: 2->2
[2025-05-07T15:35:32.910+0530][gc,heap     ] GC(11) Humongous regions: 129->129
[2025-05-07T15:35:32.910+0530][gc,metaspace] GC(11) Metaspace: 42657K(43264K)->42657K(43264K) NonClass: 37755K(38080K)->37755K(38080K) Class: 4901K(5184K)->4901K(5184K)
[2025-05-07T15:35:32.910+0530][gc          ] GC(11) Pause Young (Normal) (G1 Evacuation Pause) 272M->148M(1024M) 11.304ms
[2025-05-07T15:35:32.910+0530][gc,cpu      ] GC(11) User=0.03s Sys=0.01s Real=0.02s
[2025-05-07T15:36:13.440+0530][gc,start    ] GC(12) Pause Young (Normal) (G1 Evacuation Pause)
[2025-05-07T15:36:13.442+0530][gc,task     ] GC(12) Using 8 workers of 8 for evacuation
[2025-05-07T15:36:13.448+0530][gc,phases   ] GC(12)   Pre Evacuate Collection Set: 0.2ms
[2025-05-07T15:36:13.448+0530][gc,phases   ] GC(12)   Merge Heap Roots: 0.1ms
[2025-05-07T15:36:13.448+0530][gc,phases   ] GC(12)   Evacuate Collection Set: 5.3ms
[2025-05-07T15:36:13.448+0530][gc,phases   ] GC(12)   Post Evacuate Collection Set: 0.8ms
[2025-05-07T15:36:13.448+0530][gc,phases   ] GC(12)   Other: 2.0ms
[2025-05-07T15:36:13.448+0530][gc,heap     ] GC(12) Eden regions: 200->0(610)
[2025-05-07T15:36:13.448+0530][gc,heap     ] GC(12) Survivor regions: 4->4(26)
[2025-05-07T15:36:13.449+0530][gc,heap     ] GC(12) Old regions: 15->15
[2025-05-07T15:36:13.449+0530][gc,heap     ] GC(12) Archive regions: 2->2
[2025-05-07T15:36:13.449+0530][gc,heap     ] GC(12) Humongous regions: 129->129
[2025-05-07T15:36:13.449+0530][gc,metaspace] GC(12) Metaspace: 42665K(43264K)->42665K(43264K) NonClass: 37763K(38080K)->37763K(38080K) Class: 4902K(5184K)->4902K(5184K)
[2025-05-07T15:36:13.449+0530][gc          ] GC(12) Pause Young (Normal) (G1 Evacuation Pause) 348M->148M(1024M) 8.969ms
[2025-05-07T15:36:13.449+0530][gc,cpu      ] GC(12) User=0.02s Sys=0.01s Real=0.00s
[2025-05-07T15:37:48.492+0530][gc,start    ] GC(13) Pause Young (Normal) (G1 Evacuation Pause)
[2025-05-07T15:37:48.494+0530][gc,task     ] GC(13) Using 8 workers of 8 for evacuation
[2025-05-07T15:37:48.503+0530][gc,phases   ] GC(13)   Pre Evacuate Collection Set: 0.1ms
[2025-05-07T15:37:48.503+0530][gc,phases   ] GC(13)   Merge Heap Roots: 0.1ms
[2025-05-07T15:37:48.504+0530][gc,phases   ] GC(13)   Evacuate Collection Set: 8.2ms
[2025-05-07T15:37:48.504+0530][gc,phases   ] GC(13)   Post Evacuate Collection Set: 0.8ms
[2025-05-07T15:37:48.504+0530][gc,phases   ] GC(13)   Other: 2.2ms
[2025-05-07T15:37:48.504+0530][gc,heap     ] GC(13) Eden regions: 610->0(610)
[2025-05-07T15:37:48.504+0530][gc,heap     ] GC(13) Survivor regions: 4->4(77)
[2025-05-07T15:37:48.504+0530][gc,heap     ] GC(13) Old regions: 15->15
[2025-05-07T15:37:48.504+0530][gc,heap     ] GC(13) Archive regions: 2->2
[2025-05-07T15:37:48.504+0530][gc,heap     ] GC(13) Humongous regions: 129->129
[2025-05-07T15:37:48.504+0530][gc,metaspace] GC(13) Metaspace: 42670K(43264K)->42670K(43264K) NonClass: 37766K(38080K)->37766K(38080K) Class: 4903K(5184K)->4903K(5184K)
[2025-05-07T15:37:48.504+0530][gc          ] GC(13) Pause Young (Normal) (G1 Evacuation Pause) 758M->148M(1024M) 11.640ms
[2025-05-07T15:37:48.504+0530][gc,cpu      ] GC(13) User=0.03s Sys=0.01s Real=0.01s
[2025-05-07T15:41:46.773+0530][gc,start    ] GC(14) Pause Young (Normal) (G1 Evacuation Pause)
[2025-05-07T15:41:46.773+0530][gc,task     ] GC(14) Using 8 workers of 8 for evacuation
[2025-05-07T15:41:46.789+0530][gc,phases   ] GC(14)   Pre Evacuate Collection Set: 0.3ms
[2025-05-07T15:41:46.789+0530][gc,phases   ] GC(14)   Merge Heap Roots: 0.2ms
[2025-05-07T15:41:46.789+0530][gc,phases   ] GC(14)   Evacuate Collection Set: 13.7ms
[2025-05-07T15:41:46.789+0530][gc,phases   ] GC(14)   Post Evacuate Collection Set: 1.2ms
[2025-05-07T15:41:46.789+0530][gc,phases   ] GC(14)   Other: 0.6ms
[2025-05-07T15:41:46.789+0530][gc,heap     ] GC(14) Eden regions: 610->0(600)
[2025-05-07T15:41:46.789+0530][gc,heap     ] GC(14) Survivor regions: 4->5(77)
[2025-05-07T15:41:46.789+0530][gc,heap     ] GC(14) Old regions: 15->15
[2025-05-07T15:41:46.789+0530][gc,heap     ] GC(14) Archive regions: 2->2
[2025-05-07T15:41:46.789+0530][gc,heap     ] GC(14) Humongous regions: 129->129
[2025-05-07T15:41:46.789+0530][gc,metaspace] GC(14) Metaspace: 42746K(43328K)->42746K(43328K) NonClass: 37838K(38144K)->37838K(38144K) Class: 4907K(5184K)->4907K(5184K)
[2025-05-07T15:41:46.789+0530][gc          ] GC(14) Pause Young (Normal) (G1 Evacuation Pause) 758M->149M(1024M) 16.346ms
[2025-05-07T15:41:46.789+0530][gc,cpu      ] GC(14) User=0.03s Sys=0.03s Real=0.01s
[2025-05-07T15:42:21.801+0530][gc,start    ] GC(15) Pause Young (Normal) (G1 Evacuation Pause)
[2025-05-07T15:42:21.801+0530][gc,task     ] GC(15) Using 8 workers of 8 for evacuation
[2025-05-07T15:42:21.806+0530][gc,phases   ] GC(15)   Pre Evacuate Collection Set: 0.1ms
[2025-05-07T15:42:21.807+0530][gc,phases   ] GC(15)   Merge Heap Roots: 0.1ms
[2025-05-07T15:42:21.807+0530][gc,phases   ] GC(15)   Evacuate Collection Set: 4.4ms
[2025-05-07T15:42:21.807+0530][gc,phases   ] GC(15)   Post Evacuate Collection Set: 0.8ms
[2025-05-07T15:42:21.807+0530][gc,phases   ] GC(15)   Other: 0.4ms
[2025-05-07T15:42:21.807+0530][gc,heap     ] GC(15) Eden regions: 600->0(608)
[2025-05-07T15:42:21.807+0530][gc,heap     ] GC(15) Survivor regions: 5->6(76)
[2025-05-07T15:42:21.807+0530][gc,heap     ] GC(15) Old regions: 15->15
[2025-05-07T15:42:21.807+0530][gc,heap     ] GC(15) Archive regions: 2->2
[2025-05-07T15:42:21.807+0530][gc,heap     ] GC(15) Humongous regions: 129->129
[2025-05-07T15:42:21.807+0530][gc,metaspace] GC(15) Metaspace: 42770K(43328K)->42770K(43328K) NonClass: 37862K(38144K)->37862K(38144K) Class: 4907K(5184K)->4907K(5184K)
[2025-05-07T15:42:21.807+0530][gc          ] GC(15) Pause Young (Normal) (G1 Evacuation Pause) 749M->149M(1024M) 6.013ms
[2025-05-07T15:42:21.807+0530][gc,cpu      ] GC(15) User=0.03s Sys=0.00s Real=0.00s
