[2025-05-06T15:58:03.522+0530][gc] Using G1
[2025-05-06T15:58:03.530+0530][gc,init] Version: 17.0.8+9-LTS-211 (release)
[2025-05-06T15:58:03.531+0530][gc,init] CPUs: 8 total, 8 available
[2025-05-06T15:58:03.531+0530][gc,init] Memory: 16384M
[2025-05-06T15:58:03.531+0530][gc,init] Large Page Support: Disabled
[2025-05-06T15:58:03.531+0530][gc,init] NUMA Support: Disabled
[2025-05-06T15:58:03.531+0530][gc,init] Compressed Oops: Enabled (Zero based)
[2025-05-06T15:58:03.531+0530][gc,init] Heap Region Size: 1M
[2025-05-06T15:58:03.531+0530][gc,init] Heap Min Capacity: 1G
[2025-05-06T15:58:03.531+0530][gc,init] Heap Initial Capacity: 1G
[2025-05-06T15:58:03.531+0530][gc,init] Heap Max Capacity: 1G
[2025-05-06T15:58:03.531+0530][gc,init] Pre-touch: Disabled
[2025-05-06T15:58:03.531+0530][gc,init] Parallel Workers: 8
[2025-05-06T15:58:03.531+0530][gc,init] Concurrent Workers: 2
[2025-05-06T15:58:03.531+0530][gc,init] Concurrent Refinement Workers: 8
[2025-05-06T15:58:03.531+0530][gc,init] Periodic GC: Disabled
[2025-05-06T15:58:03.539+0530][gc,metaspace] CDS archive(s) mapped at: [0x0000000124000000-0x0000000124be4000-0x0000000124be4000), size 12468224, SharedBaseAddress: 0x0000000124000000, ArchiveRelocationMode: 1.
[2025-05-06T15:58:03.539+0530][gc,metaspace] Compressed class space mapped at: 0x0000000125000000-0x0000000165000000, reserved size: 1073741824
[2025-05-06T15:58:03.539+0530][gc,metaspace] Narrow klass base: 0x0000000124000000, Narrow klass shift: 0, Narrow klass range: 0x100000000
[2025-05-06T15:58:05.190+0530][gc,start    ] GC(0) Pause Young (Normal) (G1 Evacuation Pause)
[2025-05-06T15:58:05.190+0530][gc,task     ] GC(0) Using 8 workers of 8 for evacuation
[2025-05-06T15:58:05.199+0530][gc,phases   ] GC(0)   Pre Evacuate Collection Set: 0.1ms
[2025-05-06T15:58:05.199+0530][gc,phases   ] GC(0)   Merge Heap Roots: 0.1ms
[2025-05-06T15:58:05.199+0530][gc,phases   ] GC(0)   Evacuate Collection Set: 8.0ms
[2025-05-06T15:58:05.199+0530][gc,phases   ] GC(0)   Post Evacuate Collection Set: 0.4ms
[2025-05-06T15:58:05.199+0530][gc,phases   ] GC(0)   Other: 0.6ms
[2025-05-06T15:58:05.199+0530][gc,heap     ] GC(0) Eden regions: 51->0(44)
[2025-05-06T15:58:05.199+0530][gc,heap     ] GC(0) Survivor regions: 0->7(7)
[2025-05-06T15:58:05.199+0530][gc,heap     ] GC(0) Old regions: 0->2
[2025-05-06T15:58:05.199+0530][gc,heap     ] GC(0) Archive regions: 2->2
[2025-05-06T15:58:05.199+0530][gc,heap     ] GC(0) Humongous regions: 0->0
[2025-05-06T15:58:05.199+0530][gc,metaspace] GC(0) Metaspace: 17537K(17728K)->17537K(17728K) NonClass: 15401K(15552K)->15401K(15552K) Class: 2136K(2176K)->2136K(2176K)
[2025-05-06T15:58:05.199+0530][gc          ] GC(0) Pause Young (Normal) (G1 Evacuation Pause) 51M->9M(1024M) 9.402ms
[2025-05-06T15:58:05.199+0530][gc,cpu      ] GC(0) User=0.02s Sys=0.01s Real=0.00s
[2025-05-06T15:58:05.622+0530][gc,start    ] GC(1) Pause Young (Concurrent Start) (Metadata GC Threshold)
[2025-05-06T15:58:05.622+0530][gc,task     ] GC(1) Using 8 workers of 8 for evacuation
[2025-05-06T15:58:05.640+0530][gc,phases   ] GC(1)   Pre Evacuate Collection Set: 0.2ms
[2025-05-06T15:58:05.640+0530][gc,phases   ] GC(1)   Merge Heap Roots: 0.7ms
[2025-05-06T15:58:05.640+0530][gc,phases   ] GC(1)   Evacuate Collection Set: 16.8ms
[2025-05-06T15:58:05.640+0530][gc,phases   ] GC(1)   Post Evacuate Collection Set: 0.4ms
[2025-05-06T15:58:05.641+0530][gc,phases   ] GC(1)   Other: 0.4ms
[2025-05-06T15:58:05.641+0530][gc,heap     ] GC(1) Eden regions: 15->0(50)
[2025-05-06T15:58:05.641+0530][gc,heap     ] GC(1) Survivor regions: 7->1(7)
[2025-05-06T15:58:05.641+0530][gc,heap     ] GC(1) Old regions: 2->8
[2025-05-06T15:58:05.641+0530][gc,heap     ] GC(1) Archive regions: 2->2
[2025-05-06T15:58:05.641+0530][gc,heap     ] GC(1) Humongous regions: 0->0
[2025-05-06T15:58:05.641+0530][gc,metaspace] GC(1) Metaspace: 21260K(21504K)->21260K(21504K) NonClass: 18638K(18816K)->18638K(18816K) Class: 2621K(2688K)->2621K(2688K)
[2025-05-06T15:58:05.641+0530][gc          ] GC(1) Pause Young (Concurrent Start) (Metadata GC Threshold) 23M->9M(1024M) 18.942ms
[2025-05-06T15:58:05.641+0530][gc,cpu      ] GC(1) User=0.02s Sys=0.00s Real=0.02s
[2025-05-06T15:58:05.641+0530][gc          ] GC(2) Concurrent Mark Cycle
[2025-05-06T15:58:05.641+0530][gc,marking  ] GC(2) Concurrent Clear Claimed Marks
[2025-05-06T15:58:05.641+0530][gc,marking  ] GC(2) Concurrent Clear Claimed Marks 0.026ms
[2025-05-06T15:58:05.641+0530][gc,marking  ] GC(2) Concurrent Scan Root Regions
[2025-05-06T15:58:05.649+0530][gc,marking  ] GC(2) Concurrent Scan Root Regions 7.434ms
[2025-05-06T15:58:05.649+0530][gc,marking  ] GC(2) Concurrent Mark
[2025-05-06T15:58:05.649+0530][gc,marking  ] GC(2) Concurrent Mark From Roots
[2025-05-06T15:58:05.649+0530][gc,task     ] GC(2) Using 2 workers of 2 for marking
[2025-05-06T15:58:05.652+0530][gc,marking  ] GC(2) Concurrent Mark From Roots 3.269ms
[2025-05-06T15:58:05.652+0530][gc,marking  ] GC(2) Concurrent Preclean
[2025-05-06T15:58:05.652+0530][gc,marking  ] GC(2) Concurrent Preclean 0.044ms
[2025-05-06T15:58:05.652+0530][gc,start    ] GC(2) Pause Remark
[2025-05-06T15:58:05.654+0530][gc          ] GC(2) Pause Remark 10M->10M(1024M) 1.648ms
[2025-05-06T15:58:05.654+0530][gc,cpu      ] GC(2) User=0.01s Sys=0.00s Real=0.00s
[2025-05-06T15:58:05.654+0530][gc,marking  ] GC(2) Concurrent Mark 5.226ms
[2025-05-06T15:58:05.654+0530][gc,marking  ] GC(2) Concurrent Rebuild Remembered Sets
[2025-05-06T15:58:05.654+0530][gc,marking  ] GC(2) Concurrent Rebuild Remembered Sets 0.012ms
[2025-05-06T15:58:05.654+0530][gc,start    ] GC(2) Pause Cleanup
[2025-05-06T15:58:05.654+0530][gc          ] GC(2) Pause Cleanup 10M->10M(1024M) 0.034ms
[2025-05-06T15:58:05.654+0530][gc,cpu      ] GC(2) User=0.00s Sys=0.00s Real=0.00s
[2025-05-06T15:58:05.654+0530][gc,marking  ] GC(2) Concurrent Cleanup for Next Mark
[2025-05-06T15:58:05.661+0530][gc,marking  ] GC(2) Concurrent Cleanup for Next Mark 7.305ms
[2025-05-06T15:58:05.664+0530][gc          ] GC(2) Concurrent Mark Cycle 23.211ms
[2025-05-06T15:58:08.090+0530][gc,start    ] GC(3) Pause Young (Normal) (G1 Evacuation Pause)
[2025-05-06T15:58:08.090+0530][gc,task     ] GC(3) Using 8 workers of 8 for evacuation
[2025-05-06T15:58:08.100+0530][gc,phases   ] GC(3)   Pre Evacuate Collection Set: 0.1ms
[2025-05-06T15:58:08.100+0530][gc,phases   ] GC(3)   Merge Heap Roots: 0.1ms
[2025-05-06T15:58:08.100+0530][gc,phases   ] GC(3)   Evacuate Collection Set: 8.7ms
[2025-05-06T15:58:08.100+0530][gc,phases   ] GC(3)   Post Evacuate Collection Set: 1.4ms
[2025-05-06T15:58:08.100+0530][gc,phases   ] GC(3)   Other: 0.2ms
[2025-05-06T15:58:08.100+0530][gc,heap     ] GC(3) Eden regions: 50->0(45)
[2025-05-06T15:58:08.100+0530][gc,heap     ] GC(3) Survivor regions: 1->6(7)
[2025-05-06T15:58:08.100+0530][gc,heap     ] GC(3) Old regions: 8->8
[2025-05-06T15:58:08.100+0530][gc,heap     ] GC(3) Archive regions: 2->2
[2025-05-06T15:58:08.100+0530][gc,heap     ] GC(3) Humongous regions: 129->129
[2025-05-06T15:58:08.100+0530][gc,metaspace] GC(3) Metaspace: 30718K(30912K)->30718K(30912K) NonClass: 27231K(27328K)->27231K(27328K) Class: 3487K(3584K)->3487K(3584K)
[2025-05-06T15:58:08.100+0530][gc          ] GC(3) Pause Young (Normal) (G1 Evacuation Pause) 188M->143M(1024M) 10.686ms
[2025-05-06T15:58:08.100+0530][gc,cpu      ] GC(3) User=0.04s Sys=0.01s Real=0.01s
[2025-05-06T15:58:08.694+0530][gc,start    ] GC(4) Pause Young (Concurrent Start) (Metadata GC Threshold)
[2025-05-06T15:58:08.694+0530][gc,task     ] GC(4) Using 8 workers of 8 for evacuation
[2025-05-06T15:58:08.706+0530][gc,phases   ] GC(4)   Pre Evacuate Collection Set: 0.2ms
[2025-05-06T15:58:08.706+0530][gc,phases   ] GC(4)   Merge Heap Roots: 0.1ms
[2025-05-06T15:58:08.706+0530][gc,phases   ] GC(4)   Evacuate Collection Set: 10.7ms
[2025-05-06T15:58:08.706+0530][gc,phases   ] GC(4)   Post Evacuate Collection Set: 0.4ms
[2025-05-06T15:58:08.706+0530][gc,phases   ] GC(4)   Other: 0.2ms
[2025-05-06T15:58:08.706+0530][gc,heap     ] GC(4) Eden regions: 21->0(49)
[2025-05-06T15:58:08.706+0530][gc,heap     ] GC(4) Survivor regions: 6->2(7)
[2025-05-06T15:58:08.706+0530][gc,heap     ] GC(4) Old regions: 8->14
[2025-05-06T15:58:08.706+0530][gc,heap     ] GC(4) Archive regions: 2->2
[2025-05-06T15:58:08.706+0530][gc,heap     ] GC(4) Humongous regions: 129->129
[2025-05-06T15:58:08.706+0530][gc,metaspace] GC(4) Metaspace: 35592K(35904K)->35592K(35904K) NonClass: 31568K(31744K)->31568K(31744K) Class: 4024K(4160K)->4024K(4160K)
[2025-05-06T15:58:08.706+0530][gc          ] GC(4) Pause Young (Concurrent Start) (Metadata GC Threshold) 163M->145M(1024M) 11.845ms
[2025-05-06T15:58:08.706+0530][gc,cpu      ] GC(4) User=0.05s Sys=0.01s Real=0.01s
[2025-05-06T15:58:08.706+0530][gc          ] GC(5) Concurrent Mark Cycle
[2025-05-06T15:58:08.706+0530][gc,marking  ] GC(5) Concurrent Clear Claimed Marks
[2025-05-06T15:58:08.706+0530][gc,marking  ] GC(5) Concurrent Clear Claimed Marks 0.062ms
[2025-05-06T15:58:08.707+0530][gc,marking  ] GC(5) Concurrent Scan Root Regions
[2025-05-06T15:58:08.714+0530][gc,marking  ] GC(5) Concurrent Scan Root Regions 7.628ms
[2025-05-06T15:58:08.714+0530][gc,marking  ] GC(5) Concurrent Mark
[2025-05-06T15:58:08.714+0530][gc,marking  ] GC(5) Concurrent Mark From Roots
[2025-05-06T15:58:08.714+0530][gc,task     ] GC(5) Using 2 workers of 2 for marking
[2025-05-06T15:58:08.738+0530][gc,marking  ] GC(5) Concurrent Mark From Roots 24.056ms
[2025-05-06T15:58:08.738+0530][gc,marking  ] GC(5) Concurrent Preclean
[2025-05-06T15:58:08.739+0530][gc,marking  ] GC(5) Concurrent Preclean 0.695ms
[2025-05-06T15:58:08.744+0530][gc,start    ] GC(5) Pause Remark
[2025-05-06T15:58:08.752+0530][gc          ] GC(5) Pause Remark 147M->147M(1024M) 8.157ms
[2025-05-06T15:58:08.752+0530][gc,cpu      ] GC(5) User=0.01s Sys=0.00s Real=0.01s
[2025-05-06T15:58:08.764+0530][gc,marking  ] GC(5) Concurrent Mark 49.527ms
[2025-05-06T15:58:08.764+0530][gc,marking  ] GC(5) Concurrent Rebuild Remembered Sets
[2025-05-06T15:58:08.782+0530][gc,marking  ] GC(5) Concurrent Rebuild Remembered Sets 18.277ms
[2025-05-06T15:58:08.782+0530][gc,start    ] GC(5) Pause Cleanup
[2025-05-06T15:58:08.782+0530][gc          ] GC(5) Pause Cleanup 148M->148M(1024M) 0.160ms
[2025-05-06T15:58:08.783+0530][gc,cpu      ] GC(5) User=0.00s Sys=0.00s Real=0.00s
[2025-05-06T15:58:08.783+0530][gc,marking  ] GC(5) Concurrent Cleanup for Next Mark
[2025-05-06T15:58:08.794+0530][gc,marking  ] GC(5) Concurrent Cleanup for Next Mark 10.981ms
[2025-05-06T15:58:08.794+0530][gc          ] GC(5) Concurrent Mark Cycle 87.322ms
[2025-05-06T16:03:15.606+0530][gc,start    ] GC(6) Pause Young (Prepare Mixed) (G1 Evacuation Pause)
[2025-05-06T16:03:15.606+0530][gc,task     ] GC(6) Using 8 workers of 8 for evacuation
[2025-05-06T16:03:15.681+0530][gc,mmu      ] GC(6) MMU target violated: 21.0ms (20.0ms/21.0ms)
[2025-05-06T16:03:15.681+0530][gc,phases   ] GC(6)   Pre Evacuate Collection Set: 1.6ms
[2025-05-06T16:03:15.681+0530][gc,phases   ] GC(6)   Merge Heap Roots: 0.2ms
[2025-05-06T16:03:15.681+0530][gc,phases   ] GC(6)   Evacuate Collection Set: 71.1ms
[2025-05-06T16:03:15.681+0530][gc,phases   ] GC(6)   Post Evacuate Collection Set: 1.4ms
[2025-05-06T16:03:15.681+0530][gc,phases   ] GC(6)   Other: 0.6ms
[2025-05-06T16:03:15.681+0530][gc,heap     ] GC(6) Eden regions: 49->0(47)
[2025-05-06T16:03:15.681+0530][gc,heap     ] GC(6) Survivor regions: 2->4(7)
[2025-05-06T16:03:15.681+0530][gc,heap     ] GC(6) Old regions: 14->14
[2025-05-06T16:03:15.681+0530][gc,heap     ] GC(6) Archive regions: 2->2
[2025-05-06T16:03:15.681+0530][gc,heap     ] GC(6) Humongous regions: 129->129
[2025-05-06T16:03:15.681+0530][gc,metaspace] GC(6) Metaspace: 42052K(42560K)->42052K(42560K) NonClass: 36888K(37184K)->36888K(37184K) Class: 5163K(5376K)->5163K(5376K)
[2025-05-06T16:03:15.681+0530][gc          ] GC(6) Pause Young (Prepare Mixed) (G1 Evacuation Pause) 194M->147M(1024M) 74.894ms
[2025-05-06T16:03:15.681+0530][gc,cpu      ] GC(6) User=0.04s Sys=0.19s Real=0.08s
[2025-05-06T16:12:20.382+0530][gc,start    ] GC(7) Pause Young (Mixed) (G1 Evacuation Pause)
[2025-05-06T16:12:20.382+0530][gc,task     ] GC(7) Using 8 workers of 8 for evacuation
[2025-05-06T16:12:20.424+0530][gc,mmu      ] GC(7) MMU target violated: 21.0ms (20.0ms/21.0ms)
[2025-05-06T16:12:20.425+0530][gc,phases   ] GC(7)   Pre Evacuate Collection Set: 1.3ms
[2025-05-06T16:12:20.425+0530][gc,phases   ] GC(7)   Merge Heap Roots: 0.3ms
[2025-05-06T16:12:20.425+0530][gc,phases   ] GC(7)   Evacuate Collection Set: 39.5ms
[2025-05-06T16:12:20.425+0530][gc,phases   ] GC(7)   Post Evacuate Collection Set: 0.8ms
[2025-05-06T16:12:20.425+0530][gc,phases   ] GC(7)   Other: 0.8ms
[2025-05-06T16:12:20.425+0530][gc,heap     ] GC(7) Eden regions: 47->0(46)
[2025-05-06T16:12:20.425+0530][gc,heap     ] GC(7) Survivor regions: 4->5(7)
[2025-05-06T16:12:20.425+0530][gc,heap     ] GC(7) Old regions: 14->15
[2025-05-06T16:12:20.425+0530][gc,heap     ] GC(7) Archive regions: 2->2
[2025-05-06T16:12:20.425+0530][gc,heap     ] GC(7) Humongous regions: 129->129
[2025-05-06T16:12:20.425+0530][gc,metaspace] GC(7) Metaspace: 44388K(44928K)->44388K(44928K) NonClass: 38915K(39232K)->38915K(39232K) Class: 5473K(5696K)->5473K(5696K)
[2025-05-06T16:12:20.425+0530][gc          ] GC(7) Pause Young (Mixed) (G1 Evacuation Pause) 194M->149M(1024M) 43.364ms
[2025-05-06T16:12:20.425+0530][gc,cpu      ] GC(7) User=0.04s Sys=0.12s Real=0.04s
[2025-05-06T17:21:24.881+0530][gc,start    ] GC(8) Pause Young (Normal) (G1 Evacuation Pause)
[2025-05-06T17:21:24.882+0530][gc,task     ] GC(8) Using 8 workers of 8 for evacuation
[2025-05-06T17:21:24.948+0530][gc,mmu      ] GC(8) MMU target violated: 21.0ms (20.0ms/21.0ms)
[2025-05-06T17:21:24.948+0530][gc,phases   ] GC(8)   Pre Evacuate Collection Set: 1.3ms
[2025-05-06T17:21:24.948+0530][gc,phases   ] GC(8)   Merge Heap Roots: 0.3ms
[2025-05-06T17:21:24.948+0530][gc,phases   ] GC(8)   Evacuate Collection Set: 63.4ms
[2025-05-06T17:21:24.948+0530][gc,phases   ] GC(8)   Post Evacuate Collection Set: 0.8ms
[2025-05-06T17:21:24.948+0530][gc,phases   ] GC(8)   Other: 1.9ms
[2025-05-06T17:21:24.948+0530][gc,heap     ] GC(8) Eden regions: 46->0(47)
[2025-05-06T17:21:24.948+0530][gc,heap     ] GC(8) Survivor regions: 5->4(7)
[2025-05-06T17:21:24.948+0530][gc,heap     ] GC(8) Old regions: 15->17
[2025-05-06T17:21:24.948+0530][gc,heap     ] GC(8) Archive regions: 2->2
[2025-05-06T17:21:24.948+0530][gc,heap     ] GC(8) Humongous regions: 129->129
[2025-05-06T17:21:24.948+0530][gc,metaspace] GC(8) Metaspace: 44589K(45248K)->44589K(45248K) NonClass: 39106K(39488K)->39106K(39488K) Class: 5482K(5760K)->5482K(5760K)
[2025-05-06T17:21:24.948+0530][gc          ] GC(8) Pause Young (Normal) (G1 Evacuation Pause) 195M->150M(1024M) 67.650ms
[2025-05-06T17:21:24.948+0530][gc,cpu      ] GC(8) User=0.06s Sys=0.24s Real=0.06s
[2025-05-06T17:22:05.699+0530][gc,heap,exit] Heap
[2025-05-06T17:22:05.699+0530][gc,heap,exit]  garbage-first heap   total 1048576K, used 165332K [0x00000007c0000000, 0x0000000800000000)
[2025-05-06T17:22:05.699+0530][gc,heap,exit]   region size 1024K, 16 young (16384K), 4 survivors (4096K)
[2025-05-06T17:22:05.699+0530][gc,heap,exit]  Metaspace       used 45350K, committed 46016K, reserved 1114112K
[2025-05-06T17:22:05.699+0530][gc,heap,exit]   class space    used 5645K, committed 5952K, reserved 1048576K
