[2025-05-07T15:09:16.232+0530][gc] Using G1
[2025-05-07T15:09:16.238+0530][gc,init] Version: 17.0.8+9-LTS-211 (release)
[2025-05-07T15:09:16.239+0530][gc,init] CPUs: 8 total, 8 available
[2025-05-07T15:09:16.239+0530][gc,init] Memory: 16384M
[2025-05-07T15:09:16.239+0530][gc,init] Large Page Support: Disabled
[2025-05-07T15:09:16.239+0530][gc,init] NUMA Support: Disabled
[2025-05-07T15:09:16.239+0530][gc,init] Compressed Oops: Enabled (Zero based)
[2025-05-07T15:09:16.239+0530][gc,init] Heap Region Size: 1M
[2025-05-07T15:09:16.239+0530][gc,init] Heap Min Capacity: 1G
[2025-05-07T15:09:16.239+0530][gc,init] Heap Initial Capacity: 1G
[2025-05-07T15:09:16.239+0530][gc,init] Heap Max Capacity: 1G
[2025-05-07T15:09:16.239+0530][gc,init] Pre-touch: Disabled
[2025-05-07T15:09:16.239+0530][gc,init] Parallel Workers: 8
[2025-05-07T15:09:16.239+0530][gc,init] Concurrent Workers: 2
[2025-05-07T15:09:16.239+0530][gc,init] Concurrent Refinement Workers: 8
[2025-05-07T15:09:16.239+0530][gc,init] Periodic GC: Disabled
[2025-05-07T15:09:16.247+0530][gc,metaspace] CDS archive(s) mapped at: [0x0000000128000000-0x0000000128be4000-0x0000000128be4000), size 12468224, SharedBaseAddress: 0x0000000128000000, ArchiveRelocationMode: 1.
[2025-05-07T15:09:16.247+0530][gc,metaspace] Compressed class space mapped at: 0x0000000129000000-0x0000000169000000, reserved size: 1073741824
[2025-05-07T15:09:16.247+0530][gc,metaspace] Narrow klass base: 0x0000000128000000, Narrow klass shift: 0, Narrow klass range: 0x100000000
[2025-05-07T15:09:17.834+0530][gc,start    ] GC(0) Pause Young (Normal) (G1 Evacuation Pause)
[2025-05-07T15:09:17.834+0530][gc,task     ] GC(0) Using 8 workers of 8 for evacuation
[2025-05-07T15:09:17.841+0530][gc,phases   ] GC(0)   Pre Evacuate Collection Set: 0.1ms
[2025-05-07T15:09:17.841+0530][gc,phases   ] GC(0)   Merge Heap Roots: 0.1ms
[2025-05-07T15:09:17.841+0530][gc,phases   ] GC(0)   Evacuate Collection Set: 5.7ms
[2025-05-07T15:09:17.841+0530][gc,phases   ] GC(0)   Post Evacuate Collection Set: 0.5ms
[2025-05-07T15:09:17.841+0530][gc,phases   ] GC(0)   Other: 0.5ms
[2025-05-07T15:09:17.841+0530][gc,heap     ] GC(0) Eden regions: 51->0(44)
[2025-05-07T15:09:17.841+0530][gc,heap     ] GC(0) Survivor regions: 0->7(7)
[2025-05-07T15:09:17.841+0530][gc,heap     ] GC(0) Old regions: 0->1
[2025-05-07T15:09:17.841+0530][gc,heap     ] GC(0) Archive regions: 2->2
[2025-05-07T15:09:17.841+0530][gc,heap     ] GC(0) Humongous regions: 0->0
[2025-05-07T15:09:17.841+0530][gc,metaspace] GC(0) Metaspace: 17713K(17920K)->17713K(17920K) NonClass: 15549K(15616K)->15549K(15616K) Class: 2164K(2304K)->2164K(2304K)
[2025-05-07T15:09:17.841+0530][gc          ] GC(0) Pause Young (Normal) (G1 Evacuation Pause) 51M->8M(1024M) 7.021ms
[2025-05-07T15:09:17.841+0530][gc,cpu      ] GC(0) User=0.02s Sys=0.01s Real=0.01s
[2025-05-07T15:09:18.392+0530][gc,start    ] GC(1) Pause Young (Concurrent Start) (Metadata GC Threshold)
[2025-05-07T15:09:18.392+0530][gc,task     ] GC(1) Using 8 workers of 8 for evacuation
[2025-05-07T15:09:18.406+0530][gc,phases   ] GC(1)   Pre Evacuate Collection Set: 0.2ms
[2025-05-07T15:09:18.406+0530][gc,phases   ] GC(1)   Merge Heap Roots: 0.1ms
[2025-05-07T15:09:18.406+0530][gc,phases   ] GC(1)   Evacuate Collection Set: 13.2ms
[2025-05-07T15:09:18.406+0530][gc,phases   ] GC(1)   Post Evacuate Collection Set: 0.5ms
[2025-05-07T15:09:18.406+0530][gc,phases   ] GC(1)   Other: 0.4ms
[2025-05-07T15:09:18.406+0530][gc,heap     ] GC(1) Eden regions: 15->0(48)
[2025-05-07T15:09:18.406+0530][gc,heap     ] GC(1) Survivor regions: 7->3(7)
[2025-05-07T15:09:18.406+0530][gc,heap     ] GC(1) Old regions: 1->8
[2025-05-07T15:09:18.406+0530][gc,heap     ] GC(1) Archive regions: 2->2
[2025-05-07T15:09:18.406+0530][gc,heap     ] GC(1) Humongous regions: 129->129
[2025-05-07T15:09:18.406+0530][gc,metaspace] GC(1) Metaspace: 21347K(21504K)->21347K(21504K) NonClass: 18735K(18816K)->18735K(18816K) Class: 2611K(2688K)->2611K(2688K)
[2025-05-07T15:09:18.406+0530][gc          ] GC(1) Pause Young (Concurrent Start) (Metadata GC Threshold) 152M->139M(1024M) 14.555ms
[2025-05-07T15:09:18.406+0530][gc,cpu      ] GC(1) User=0.02s Sys=0.01s Real=0.01s
[2025-05-07T15:09:18.406+0530][gc          ] GC(2) Concurrent Mark Cycle
[2025-05-07T15:09:18.407+0530][gc,marking  ] GC(2) Concurrent Clear Claimed Marks
[2025-05-07T15:09:18.407+0530][gc,marking  ] GC(2) Concurrent Clear Claimed Marks 0.016ms
[2025-05-07T15:09:18.407+0530][gc,marking  ] GC(2) Concurrent Scan Root Regions
[2025-05-07T15:09:18.410+0530][gc,marking  ] GC(2) Concurrent Scan Root Regions 3.624ms
[2025-05-07T15:09:18.410+0530][gc,marking  ] GC(2) Concurrent Mark
[2025-05-07T15:09:18.410+0530][gc,marking  ] GC(2) Concurrent Mark From Roots
[2025-05-07T15:09:18.410+0530][gc,task     ] GC(2) Using 2 workers of 2 for marking
[2025-05-07T15:09:18.412+0530][gc,marking  ] GC(2) Concurrent Mark From Roots 2.078ms
[2025-05-07T15:09:18.412+0530][gc,marking  ] GC(2) Concurrent Preclean
[2025-05-07T15:09:18.412+0530][gc,marking  ] GC(2) Concurrent Preclean 0.031ms
[2025-05-07T15:09:18.412+0530][gc,start    ] GC(2) Pause Remark
[2025-05-07T15:09:18.414+0530][gc          ] GC(2) Pause Remark 140M->140M(1024M) 1.544ms
[2025-05-07T15:09:18.414+0530][gc,cpu      ] GC(2) User=0.00s Sys=0.00s Real=0.00s
[2025-05-07T15:09:18.414+0530][gc,marking  ] GC(2) Concurrent Mark 3.872ms
[2025-05-07T15:09:18.414+0530][gc,marking  ] GC(2) Concurrent Rebuild Remembered Sets
[2025-05-07T15:09:18.416+0530][gc,marking  ] GC(2) Concurrent Rebuild Remembered Sets 2.121ms
[2025-05-07T15:09:18.416+0530][gc,start    ] GC(2) Pause Cleanup
[2025-05-07T15:09:18.417+0530][gc          ] GC(2) Pause Cleanup 140M->140M(1024M) 0.157ms
[2025-05-07T15:09:18.417+0530][gc,cpu      ] GC(2) User=0.00s Sys=0.00s Real=0.00s
[2025-05-07T15:09:18.417+0530][gc,marking  ] GC(2) Concurrent Cleanup for Next Mark
[2025-05-07T15:09:18.423+0530][gc,marking  ] GC(2) Concurrent Cleanup for Next Mark 6.704ms
[2025-05-07T15:09:18.423+0530][gc          ] GC(2) Concurrent Mark Cycle 16.864ms
[2025-05-07T15:09:19.307+0530][gc,start    ] GC(3) Pause Young (Normal) (G1 Evacuation Pause)
[2025-05-07T15:09:19.307+0530][gc,task     ] GC(3) Using 8 workers of 8 for evacuation
[2025-05-07T15:09:19.313+0530][gc,phases   ] GC(3)   Pre Evacuate Collection Set: 0.1ms
[2025-05-07T15:09:19.313+0530][gc,phases   ] GC(3)   Merge Heap Roots: 0.1ms
[2025-05-07T15:09:19.313+0530][gc,phases   ] GC(3)   Evacuate Collection Set: 5.0ms
[2025-05-07T15:09:19.313+0530][gc,phases   ] GC(3)   Post Evacuate Collection Set: 0.4ms
[2025-05-07T15:09:19.313+0530][gc,phases   ] GC(3)   Other: 0.1ms
[2025-05-07T15:09:19.313+0530][gc,heap     ] GC(3) Eden regions: 48->0(44)
[2025-05-07T15:09:19.313+0530][gc,heap     ] GC(3) Survivor regions: 3->7(7)
[2025-05-07T15:09:19.313+0530][gc,heap     ] GC(3) Old regions: 8->8
[2025-05-07T15:09:19.313+0530][gc,heap     ] GC(3) Archive regions: 2->2
[2025-05-07T15:09:19.313+0530][gc,heap     ] GC(3) Humongous regions: 129->129
[2025-05-07T15:09:19.313+0530][gc,metaspace] GC(3) Metaspace: 32449K(32704K)->32449K(32704K) NonClass: 28847K(28992K)->28847K(28992K) Class: 3601K(3712K)->3601K(3712K)
[2025-05-07T15:09:19.313+0530][gc          ] GC(3) Pause Young (Normal) (G1 Evacuation Pause) 187M->144M(1024M) 5.776ms
[2025-05-07T15:09:19.313+0530][gc,cpu      ] GC(3) User=0.03s Sys=0.01s Real=0.01s
[2025-05-07T15:09:19.541+0530][gc,start    ] GC(4) Pause Young (Concurrent Start) (Metadata GC Threshold)
[2025-05-07T15:09:19.541+0530][gc,task     ] GC(4) Using 8 workers of 8 for evacuation
[2025-05-07T15:09:19.548+0530][gc,phases   ] GC(4)   Pre Evacuate Collection Set: 0.2ms
[2025-05-07T15:09:19.548+0530][gc,phases   ] GC(4)   Merge Heap Roots: 0.1ms
[2025-05-07T15:09:19.548+0530][gc,phases   ] GC(4)   Evacuate Collection Set: 6.3ms
[2025-05-07T15:09:19.548+0530][gc,phases   ] GC(4)   Post Evacuate Collection Set: 0.3ms
[2025-05-07T15:09:19.548+0530][gc,phases   ] GC(4)   Other: 0.2ms
[2025-05-07T15:09:19.548+0530][gc,heap     ] GC(4) Eden regions: 14->0(49)
[2025-05-07T15:09:19.548+0530][gc,heap     ] GC(4) Survivor regions: 7->2(7)
[2025-05-07T15:09:19.548+0530][gc,heap     ] GC(4) Old regions: 8->14
[2025-05-07T15:09:19.548+0530][gc,heap     ] GC(4) Archive regions: 2->2
[2025-05-07T15:09:19.548+0530][gc,heap     ] GC(4) Humongous regions: 129->129
[2025-05-07T15:09:19.548+0530][gc,metaspace] GC(4) Metaspace: 35703K(35968K)->35703K(35968K) NonClass: 31664K(31808K)->31664K(31808K) Class: 4038K(4160K)->4038K(4160K)
[2025-05-07T15:09:19.548+0530][gc          ] GC(4) Pause Young (Concurrent Start) (Metadata GC Threshold) 158M->145M(1024M) 7.136ms
[2025-05-07T15:09:19.548+0530][gc,cpu      ] GC(4) User=0.03s Sys=0.01s Real=0.00s
[2025-05-07T15:09:19.548+0530][gc          ] GC(5) Concurrent Mark Cycle
[2025-05-07T15:09:19.548+0530][gc,marking  ] GC(5) Concurrent Clear Claimed Marks
[2025-05-07T15:09:19.548+0530][gc,marking  ] GC(5) Concurrent Clear Claimed Marks 0.024ms
[2025-05-07T15:09:19.548+0530][gc,marking  ] GC(5) Concurrent Scan Root Regions
[2025-05-07T15:09:19.553+0530][gc,marking  ] GC(5) Concurrent Scan Root Regions 4.219ms
[2025-05-07T15:09:19.553+0530][gc,marking  ] GC(5) Concurrent Mark
[2025-05-07T15:09:19.553+0530][gc,marking  ] GC(5) Concurrent Mark From Roots
[2025-05-07T15:09:19.553+0530][gc,task     ] GC(5) Using 2 workers of 2 for marking
[2025-05-07T15:09:19.561+0530][gc,marking  ] GC(5) Concurrent Mark From Roots 8.179ms
[2025-05-07T15:09:19.561+0530][gc,marking  ] GC(5) Concurrent Preclean
[2025-05-07T15:09:19.561+0530][gc,marking  ] GC(5) Concurrent Preclean 0.104ms
[2025-05-07T15:09:19.561+0530][gc,start    ] GC(5) Pause Remark
[2025-05-07T15:09:19.562+0530][gc          ] GC(5) Pause Remark 145M->145M(1024M) 1.334ms
[2025-05-07T15:09:19.562+0530][gc,cpu      ] GC(5) User=0.00s Sys=0.00s Real=0.00s
[2025-05-07T15:09:19.563+0530][gc,marking  ] GC(5) Concurrent Mark 10.001ms
[2025-05-07T15:09:19.563+0530][gc,marking  ] GC(5) Concurrent Rebuild Remembered Sets
[2025-05-07T15:09:19.563+0530][gc,marking  ] GC(5) Concurrent Rebuild Remembered Sets 0.010ms
[2025-05-07T15:09:19.563+0530][gc,start    ] GC(5) Pause Cleanup
[2025-05-07T15:09:19.563+0530][gc          ] GC(5) Pause Cleanup 145M->145M(1024M) 0.028ms
[2025-05-07T15:09:19.563+0530][gc,cpu      ] GC(5) User=0.00s Sys=0.00s Real=0.00s
[2025-05-07T15:09:19.563+0530][gc,marking  ] GC(5) Concurrent Cleanup for Next Mark
[2025-05-07T15:09:19.570+0530][gc,marking  ] GC(5) Concurrent Cleanup for Next Mark 6.953ms
[2025-05-07T15:09:19.570+0530][gc          ] GC(5) Concurrent Mark Cycle 21.580ms
[2025-05-07T15:20:16.170+0530][gc,start    ] GC(6) Pause Young (Normal) (G1 Evacuation Pause)
[2025-05-07T15:20:16.172+0530][gc,task     ] GC(6) Using 8 workers of 8 for evacuation
[2025-05-07T15:20:16.177+0530][gc,phases   ] GC(6)   Pre Evacuate Collection Set: 0.2ms
[2025-05-07T15:20:16.177+0530][gc,phases   ] GC(6)   Merge Heap Roots: 0.1ms
[2025-05-07T15:20:16.177+0530][gc,phases   ] GC(6)   Evacuate Collection Set: 3.9ms
[2025-05-07T15:20:16.177+0530][gc,phases   ] GC(6)   Post Evacuate Collection Set: 0.8ms
[2025-05-07T15:20:16.177+0530][gc,phases   ] GC(6)   Other: 2.2ms
[2025-05-07T15:20:16.177+0530][gc,heap     ] GC(6) Eden regions: 49->0(47)
[2025-05-07T15:20:16.177+0530][gc,heap     ] GC(6) Survivor regions: 2->4(7)
[2025-05-07T15:20:16.177+0530][gc,heap     ] GC(6) Old regions: 14->14
[2025-05-07T15:20:16.177+0530][gc,heap     ] GC(6) Archive regions: 2->2
[2025-05-07T15:20:16.177+0530][gc,heap     ] GC(6) Humongous regions: 129->129
[2025-05-07T15:20:16.177+0530][gc,metaspace] GC(6) Metaspace: 42491K(43072K)->42491K(43072K) NonClass: 37254K(37568K)->37254K(37568K) Class: 5236K(5504K)->5236K(5504K)
[2025-05-07T15:20:16.177+0530][gc          ] GC(6) Pause Young (Normal) (G1 Evacuation Pause) 194M->147M(1024M) 7.558ms
[2025-05-07T15:20:16.177+0530][gc,cpu      ] GC(6) User=0.03s Sys=0.00s Real=0.00s
[2025-05-07T15:27:03.532+0530][gc,start    ] GC(7) Pause Young (Normal) (G1 Evacuation Pause)
[2025-05-07T15:27:03.534+0530][gc,task     ] GC(7) Using 8 workers of 8 for evacuation
[2025-05-07T15:27:03.540+0530][gc,phases   ] GC(7)   Pre Evacuate Collection Set: 0.2ms
[2025-05-07T15:27:03.541+0530][gc,phases   ] GC(7)   Merge Heap Roots: 0.1ms
[2025-05-07T15:27:03.541+0530][gc,phases   ] GC(7)   Evacuate Collection Set: 5.3ms
[2025-05-07T15:27:03.541+0530][gc,phases   ] GC(7)   Post Evacuate Collection Set: 0.5ms
[2025-05-07T15:27:03.541+0530][gc,phases   ] GC(7)   Other: 2.1ms
[2025-05-07T15:27:03.541+0530][gc,heap     ] GC(7) Eden regions: 47->0(45)
[2025-05-07T15:27:03.541+0530][gc,heap     ] GC(7) Survivor regions: 4->6(7)
[2025-05-07T15:27:03.541+0530][gc,heap     ] GC(7) Old regions: 14->14
[2025-05-07T15:27:03.541+0530][gc,heap     ] GC(7) Archive regions: 2->2
[2025-05-07T15:27:03.541+0530][gc,heap     ] GC(7) Humongous regions: 129->129
[2025-05-07T15:27:03.541+0530][gc,metaspace] GC(7) Metaspace: 43205K(43776K)->43205K(43776K) NonClass: 37961K(38272K)->37961K(38272K) Class: 5243K(5504K)->5243K(5504K)
[2025-05-07T15:27:03.541+0530][gc          ] GC(7) Pause Young (Normal) (G1 Evacuation Pause) 194M->149M(1024M) 8.253ms
[2025-05-07T15:27:03.541+0530][gc,cpu      ] GC(7) User=0.03s Sys=0.01s Real=0.01s
[2025-05-07T15:33:29.589+0530][gc,start    ] GC(8) Pause Young (Normal) (G1 Evacuation Pause)
[2025-05-07T15:33:29.591+0530][gc,task     ] GC(8) Using 8 workers of 8 for evacuation
[2025-05-07T15:33:29.598+0530][gc,phases   ] GC(8)   Pre Evacuate Collection Set: 0.2ms
[2025-05-07T15:33:29.598+0530][gc,phases   ] GC(8)   Merge Heap Roots: 0.1ms
[2025-05-07T15:33:29.598+0530][gc,phases   ] GC(8)   Evacuate Collection Set: 6.5ms
[2025-05-07T15:33:29.598+0530][gc,phases   ] GC(8)   Post Evacuate Collection Set: 0.5ms
[2025-05-07T15:33:29.598+0530][gc,phases   ] GC(8)   Other: 2.1ms
[2025-05-07T15:33:29.598+0530][gc,heap     ] GC(8) Eden regions: 45->0(48)
[2025-05-07T15:33:29.598+0530][gc,heap     ] GC(8) Survivor regions: 6->3(7)
[2025-05-07T15:33:29.598+0530][gc,heap     ] GC(8) Old regions: 14->17
[2025-05-07T15:33:29.598+0530][gc,heap     ] GC(8) Archive regions: 2->2
[2025-05-07T15:33:29.598+0530][gc,heap     ] GC(8) Humongous regions: 129->129
[2025-05-07T15:33:29.598+0530][gc,metaspace] GC(8) Metaspace: 43858K(44480K)->43858K(44480K) NonClass: 38508K(38848K)->38508K(38848K) Class: 5350K(5632K)->5350K(5632K)
[2025-05-07T15:33:29.598+0530][gc          ] GC(8) Pause Young (Normal) (G1 Evacuation Pause) 194M->149M(1024M) 9.420ms
[2025-05-07T15:33:29.598+0530][gc,cpu      ] GC(8) User=0.04s Sys=0.00s Real=0.01s
[2025-05-07T15:35:07.239+0530][gc,start    ] GC(9) Pause Young (Normal) (G1 Evacuation Pause)
[2025-05-07T15:35:07.239+0530][gc,task     ] GC(9) Using 8 workers of 8 for evacuation
[2025-05-07T15:35:07.244+0530][gc,phases   ] GC(9)   Pre Evacuate Collection Set: 0.2ms
[2025-05-07T15:35:07.244+0530][gc,phases   ] GC(9)   Merge Heap Roots: 0.1ms
[2025-05-07T15:35:07.244+0530][gc,phases   ] GC(9)   Evacuate Collection Set: 2.8ms
[2025-05-07T15:35:07.244+0530][gc,phases   ] GC(9)   Post Evacuate Collection Set: 1.0ms
[2025-05-07T15:35:07.244+0530][gc,phases   ] GC(9)   Other: 0.2ms
[2025-05-07T15:35:07.244+0530][gc,heap     ] GC(9) Eden regions: 48->0(81)
[2025-05-07T15:35:07.244+0530][gc,heap     ] GC(9) Survivor regions: 3->2(7)
[2025-05-07T15:35:07.244+0530][gc,heap     ] GC(9) Old regions: 17->17
[2025-05-07T15:35:07.244+0530][gc,heap     ] GC(9) Archive regions: 2->2
[2025-05-07T15:35:07.244+0530][gc,heap     ] GC(9) Humongous regions: 129->129
[2025-05-07T15:35:07.244+0530][gc,metaspace] GC(9) Metaspace: 44146K(44736K)->44146K(44736K) NonClass: 38792K(39104K)->38792K(39104K) Class: 5354K(5632K)->5354K(5632K)
[2025-05-07T15:35:07.244+0530][gc          ] GC(9) Pause Young (Normal) (G1 Evacuation Pause) 197M->148M(1024M) 4.386ms
[2025-05-07T15:35:07.244+0530][gc,cpu      ] GC(9) User=0.02s Sys=0.00s Real=0.01s
[2025-05-07T15:35:15.384+0530][gc,start    ] GC(10) Pause Young (Normal) (G1 Evacuation Pause)
[2025-05-07T15:35:15.386+0530][gc,task     ] GC(10) Using 8 workers of 8 for evacuation
[2025-05-07T15:35:15.396+0530][gc,phases   ] GC(10)   Pre Evacuate Collection Set: 0.2ms
[2025-05-07T15:35:15.396+0530][gc,phases   ] GC(10)   Merge Heap Roots: 0.2ms
[2025-05-07T15:35:15.396+0530][gc,phases   ] GC(10)   Evacuate Collection Set: 9.3ms
[2025-05-07T15:35:15.396+0530][gc,phases   ] GC(10)   Post Evacuate Collection Set: 0.6ms
[2025-05-07T15:35:15.396+0530][gc,phases   ] GC(10)   Other: 2.2ms
[2025-05-07T15:35:15.396+0530][gc,heap     ] GC(10) Eden regions: 81->0(149)
[2025-05-07T15:35:15.396+0530][gc,heap     ] GC(10) Survivor regions: 2->2(11)
[2025-05-07T15:35:15.397+0530][gc,heap     ] GC(10) Old regions: 17->17
[2025-05-07T15:35:15.397+0530][gc,heap     ] GC(10) Archive regions: 2->2
[2025-05-07T15:35:15.397+0530][gc,heap     ] GC(10) Humongous regions: 129->129
[2025-05-07T15:35:15.397+0530][gc,metaspace] GC(10) Metaspace: 44382K(44928K)->44382K(44928K) NonClass: 39028K(39296K)->39028K(39296K) Class: 5354K(5632K)->5354K(5632K)
[2025-05-07T15:35:15.397+0530][gc          ] GC(10) Pause Young (Normal) (G1 Evacuation Pause) 229M->148M(1024M) 12.736ms
[2025-05-07T15:35:15.397+0530][gc,cpu      ] GC(10) User=0.02s Sys=0.00s Real=0.01s
[2025-05-07T15:35:35.378+0530][gc,start    ] GC(11) Pause Young (Normal) (G1 Evacuation Pause)
[2025-05-07T15:35:35.379+0530][gc,task     ] GC(11) Using 8 workers of 8 for evacuation
[2025-05-07T15:35:35.384+0530][gc,phases   ] GC(11)   Pre Evacuate Collection Set: 0.6ms
[2025-05-07T15:35:35.384+0530][gc,phases   ] GC(11)   Merge Heap Roots: 0.1ms
[2025-05-07T15:35:35.384+0530][gc,phases   ] GC(11)   Evacuate Collection Set: 3.0ms
[2025-05-07T15:35:35.384+0530][gc,phases   ] GC(11)   Post Evacuate Collection Set: 0.6ms
[2025-05-07T15:35:35.384+0530][gc,phases   ] GC(11)   Other: 2.2ms
[2025-05-07T15:35:35.384+0530][gc,heap     ] GC(11) Eden regions: 149->0(278)
[2025-05-07T15:35:35.384+0530][gc,heap     ] GC(11) Survivor regions: 2->3(19)
[2025-05-07T15:35:35.384+0530][gc,heap     ] GC(11) Old regions: 17->17
[2025-05-07T15:35:35.384+0530][gc,heap     ] GC(11) Archive regions: 2->2
[2025-05-07T15:35:35.384+0530][gc,heap     ] GC(11) Humongous regions: 129->129
[2025-05-07T15:35:35.384+0530][gc,metaspace] GC(11) Metaspace: 44505K(45056K)->44505K(45056K) NonClass: 39151K(39424K)->39151K(39424K) Class: 5354K(5632K)->5354K(5632K)
[2025-05-07T15:35:35.384+0530][gc          ] GC(11) Pause Young (Normal) (G1 Evacuation Pause) 297M->149M(1024M) 6.742ms
[2025-05-07T15:35:35.384+0530][gc,cpu      ] GC(11) User=0.02s Sys=0.00s Real=0.01s
[2025-05-07T15:36:27.203+0530][gc,start    ] GC(12) Pause Young (Normal) (G1 Evacuation Pause)
[2025-05-07T15:36:27.205+0530][gc,task     ] GC(12) Using 8 workers of 8 for evacuation
[2025-05-07T15:36:27.210+0530][gc,phases   ] GC(12)   Pre Evacuate Collection Set: 0.1ms
[2025-05-07T15:36:27.210+0530][gc,phases   ] GC(12)   Merge Heap Roots: 0.1ms
[2025-05-07T15:36:27.210+0530][gc,phases   ] GC(12)   Evacuate Collection Set: 4.1ms
[2025-05-07T15:36:27.210+0530][gc,phases   ] GC(12)   Post Evacuate Collection Set: 0.8ms
[2025-05-07T15:36:27.211+0530][gc,phases   ] GC(12)   Other: 2.3ms
[2025-05-07T15:36:27.211+0530][gc,heap     ] GC(12) Eden regions: 278->0(611)
[2025-05-07T15:36:27.211+0530][gc,heap     ] GC(12) Survivor regions: 3->3(36)
[2025-05-07T15:36:27.211+0530][gc,heap     ] GC(12) Old regions: 17->17
[2025-05-07T15:36:27.211+0530][gc,heap     ] GC(12) Archive regions: 2->2
[2025-05-07T15:36:27.211+0530][gc,heap     ] GC(12) Humongous regions: 129->129
[2025-05-07T15:36:27.211+0530][gc,metaspace] GC(12) Metaspace: 44516K(45056K)->44516K(45056K) NonClass: 39162K(39424K)->39162K(39424K) Class: 5354K(5632K)->5354K(5632K)
[2025-05-07T15:36:27.211+0530][gc          ] GC(12) Pause Young (Normal) (G1 Evacuation Pause) 427M->149M(1024M) 7.849ms
[2025-05-07T15:36:27.211+0530][gc,cpu      ] GC(12) User=0.02s Sys=0.01s Real=0.01s
[2025-05-07T15:38:03.134+0530][gc,start    ] GC(13) Pause Young (Normal) (G1 Evacuation Pause)
[2025-05-07T15:38:03.136+0530][gc,task     ] GC(13) Using 8 workers of 8 for evacuation
[2025-05-07T15:38:03.142+0530][gc,phases   ] GC(13)   Pre Evacuate Collection Set: 0.2ms
[2025-05-07T15:38:03.142+0530][gc,phases   ] GC(13)   Merge Heap Roots: 0.2ms
[2025-05-07T15:38:03.142+0530][gc,phases   ] GC(13)   Evacuate Collection Set: 4.6ms
[2025-05-07T15:38:03.142+0530][gc,phases   ] GC(13)   Post Evacuate Collection Set: 0.8ms
[2025-05-07T15:38:03.143+0530][gc,phases   ] GC(13)   Other: 3.2ms
[2025-05-07T15:38:03.143+0530][gc,heap     ] GC(13) Eden regions: 611->0(611)
[2025-05-07T15:38:03.143+0530][gc,heap     ] GC(13) Survivor regions: 3->3(77)
[2025-05-07T15:38:03.143+0530][gc,heap     ] GC(13) Old regions: 17->17
[2025-05-07T15:38:03.143+0530][gc,heap     ] GC(13) Archive regions: 2->2
[2025-05-07T15:38:03.143+0530][gc,heap     ] GC(13) Humongous regions: 129->129
[2025-05-07T15:38:03.143+0530][gc,metaspace] GC(13) Metaspace: 44531K(45184K)->44531K(45184K) NonClass: 39176K(39552K)->39176K(39552K) Class: 5355K(5632K)->5355K(5632K)
[2025-05-07T15:38:03.143+0530][gc          ] GC(13) Pause Young (Normal) (G1 Evacuation Pause) 760M->149M(1024M) 9.127ms
[2025-05-07T15:38:03.143+0530][gc,cpu      ] GC(13) User=0.02s Sys=0.00s Real=0.01s
