[2025-05-07T11:06:54.672+0530][gc] Using G1
[2025-05-07T11:06:54.679+0530][gc,init] Version: 17.0.8+9-LTS-211 (release)
[2025-05-07T11:06:54.679+0530][gc,init] CPUs: 8 total, 8 available
[2025-05-07T11:06:54.679+0530][gc,init] Memory: 16384M
[2025-05-07T11:06:54.679+0530][gc,init] Large Page Support: Disabled
[2025-05-07T11:06:54.679+0530][gc,init] NUMA Support: Disabled
[2025-05-07T11:06:54.679+0530][gc,init] Compressed Oops: Enabled (Zero based)
[2025-05-07T11:06:54.679+0530][gc,init] Heap Region Size: 1M
[2025-05-07T11:06:54.679+0530][gc,init] Heap Min Capacity: 1G
[2025-05-07T11:06:54.679+0530][gc,init] Heap Initial Capacity: 1G
[2025-05-07T11:06:54.679+0530][gc,init] Heap Max Capacity: 1G
[2025-05-07T11:06:54.679+0530][gc,init] Pre-touch: Disabled
[2025-05-07T11:06:54.679+0530][gc,init] Parallel Workers: 8
[2025-05-07T11:06:54.679+0530][gc,init] Concurrent Workers: 2
[2025-05-07T11:06:54.679+0530][gc,init] Concurrent Refinement Workers: 8
[2025-05-07T11:06:54.679+0530][gc,init] Periodic GC: Disabled
[2025-05-07T11:06:54.686+0530][gc,metaspace] CDS archive(s) mapped at: [0x000000012e000000-0x000000012ebe4000-0x000000012ebe4000), size 12468224, SharedBaseAddress: 0x000000012e000000, ArchiveRelocationMode: 1.
[2025-05-07T11:06:54.686+0530][gc,metaspace] Compressed class space mapped at: 0x000000012f000000-0x000000016f000000, reserved size: 1073741824
[2025-05-07T11:06:54.686+0530][gc,metaspace] Narrow klass base: 0x000000012e000000, Narrow klass shift: 0, Narrow klass range: 0x100000000
[2025-05-07T11:06:56.271+0530][gc,start    ] GC(0) Pause Young (Normal) (G1 Evacuation Pause)
[2025-05-07T11:06:56.271+0530][gc,task     ] GC(0) Using 8 workers of 8 for evacuation
[2025-05-07T11:06:56.276+0530][gc,phases   ] GC(0)   Pre Evacuate Collection Set: 0.1ms
[2025-05-07T11:06:56.276+0530][gc,phases   ] GC(0)   Merge Heap Roots: 0.1ms
[2025-05-07T11:06:56.276+0530][gc,phases   ] GC(0)   Evacuate Collection Set: 4.4ms
[2025-05-07T11:06:56.276+0530][gc,phases   ] GC(0)   Post Evacuate Collection Set: 0.4ms
[2025-05-07T11:06:56.276+0530][gc,phases   ] GC(0)   Other: 0.6ms
[2025-05-07T11:06:56.276+0530][gc,heap     ] GC(0) Eden regions: 51->0(44)
[2025-05-07T11:06:56.276+0530][gc,heap     ] GC(0) Survivor regions: 0->7(7)
[2025-05-07T11:06:56.276+0530][gc,heap     ] GC(0) Old regions: 0->1
[2025-05-07T11:06:56.276+0530][gc,heap     ] GC(0) Archive regions: 2->2
[2025-05-07T11:06:56.276+0530][gc,heap     ] GC(0) Humongous regions: 0->0
[2025-05-07T11:06:56.276+0530][gc,metaspace] GC(0) Metaspace: 17552K(17728K)->17552K(17728K) NonClass: 15412K(15488K)->15412K(15488K) Class: 2139K(2240K)->2139K(2240K)
[2025-05-07T11:06:56.276+0530][gc          ] GC(0) Pause Young (Normal) (G1 Evacuation Pause) 51M->8M(1024M) 5.834ms
[2025-05-07T11:06:56.276+0530][gc,cpu      ] GC(0) User=0.02s Sys=0.01s Real=0.00s
[2025-05-07T11:06:56.792+0530][gc,start    ] GC(1) Pause Young (Concurrent Start) (Metadata GC Threshold)
[2025-05-07T11:06:56.792+0530][gc,task     ] GC(1) Using 8 workers of 8 for evacuation
[2025-05-07T11:06:56.812+0530][gc,mmu      ] GC(1) MMU target violated: 20.0ms (20.0ms/21.0ms)
[2025-05-07T11:06:56.812+0530][gc,phases   ] GC(1)   Pre Evacuate Collection Set: 0.2ms
[2025-05-07T11:06:56.812+0530][gc,phases   ] GC(1)   Merge Heap Roots: 0.1ms
[2025-05-07T11:06:56.812+0530][gc,phases   ] GC(1)   Evacuate Collection Set: 19.2ms
[2025-05-07T11:06:56.812+0530][gc,phases   ] GC(1)   Post Evacuate Collection Set: 0.4ms
[2025-05-07T11:06:56.812+0530][gc,phases   ] GC(1)   Other: 0.3ms
[2025-05-07T11:06:56.812+0530][gc,heap     ] GC(1) Eden regions: 16->0(48)
[2025-05-07T11:06:56.812+0530][gc,heap     ] GC(1) Survivor regions: 7->3(7)
[2025-05-07T11:06:56.812+0530][gc,heap     ] GC(1) Old regions: 1->8
[2025-05-07T11:06:56.812+0530][gc,heap     ] GC(1) Archive regions: 2->2
[2025-05-07T11:06:56.812+0530][gc,heap     ] GC(1) Humongous regions: 129->129
[2025-05-07T11:06:56.812+0530][gc,metaspace] GC(1) Metaspace: 21362K(21504K)->21362K(21504K) NonClass: 18750K(18816K)->18750K(18816K) Class: 2612K(2688K)->2612K(2688K)
[2025-05-07T11:06:56.812+0530][gc          ] GC(1) Pause Young (Concurrent Start) (Metadata GC Threshold) 153M->140M(1024M) 20.352ms
[2025-05-07T11:06:56.812+0530][gc,cpu      ] GC(1) User=0.03s Sys=0.01s Real=0.02s
[2025-05-07T11:06:56.812+0530][gc          ] GC(2) Concurrent Mark Cycle
[2025-05-07T11:06:56.812+0530][gc,marking  ] GC(2) Concurrent Clear Claimed Marks
[2025-05-07T11:06:56.812+0530][gc,marking  ] GC(2) Concurrent Clear Claimed Marks 0.020ms
[2025-05-07T11:06:56.812+0530][gc,marking  ] GC(2) Concurrent Scan Root Regions
[2025-05-07T11:06:56.815+0530][gc,marking  ] GC(2) Concurrent Scan Root Regions 2.919ms
[2025-05-07T11:06:56.815+0530][gc,marking  ] GC(2) Concurrent Mark
[2025-05-07T11:06:56.815+0530][gc,marking  ] GC(2) Concurrent Mark From Roots
[2025-05-07T11:06:56.815+0530][gc,task     ] GC(2) Using 2 workers of 2 for marking
[2025-05-07T11:06:56.821+0530][gc,marking  ] GC(2) Concurrent Mark From Roots 5.615ms
[2025-05-07T11:06:56.821+0530][gc,marking  ] GC(2) Concurrent Preclean
[2025-05-07T11:06:56.821+0530][gc,marking  ] GC(2) Concurrent Preclean 0.072ms
[2025-05-07T11:06:56.821+0530][gc,start    ] GC(2) Pause Remark
[2025-05-07T11:06:56.823+0530][gc          ] GC(2) Pause Remark 140M->140M(1024M) 1.647ms
[2025-05-07T11:06:56.823+0530][gc,cpu      ] GC(2) User=0.00s Sys=0.00s Real=0.00s
[2025-05-07T11:06:56.823+0530][gc,marking  ] GC(2) Concurrent Mark 7.611ms
[2025-05-07T11:06:56.823+0530][gc,marking  ] GC(2) Concurrent Rebuild Remembered Sets
[2025-05-07T11:06:56.826+0530][gc,marking  ] GC(2) Concurrent Rebuild Remembered Sets 2.854ms
[2025-05-07T11:06:56.826+0530][gc,start    ] GC(2) Pause Cleanup
[2025-05-07T11:06:56.827+0530][gc          ] GC(2) Pause Cleanup 140M->140M(1024M) 0.694ms
[2025-05-07T11:06:56.827+0530][gc,cpu      ] GC(2) User=0.00s Sys=0.00s Real=0.00s
[2025-05-07T11:06:56.827+0530][gc,marking  ] GC(2) Concurrent Cleanup for Next Mark
[2025-05-07T11:06:56.855+0530][gc,marking  ] GC(2) Concurrent Cleanup for Next Mark 28.326ms
[2025-05-07T11:06:56.855+0530][gc          ] GC(2) Concurrent Mark Cycle 42.757ms
[2025-05-07T11:06:57.703+0530][gc,start    ] GC(3) Pause Young (Normal) (G1 Evacuation Pause)
[2025-05-07T11:06:57.703+0530][gc,task     ] GC(3) Using 8 workers of 8 for evacuation
[2025-05-07T11:06:57.713+0530][gc,phases   ] GC(3)   Pre Evacuate Collection Set: 0.1ms
[2025-05-07T11:06:57.713+0530][gc,phases   ] GC(3)   Merge Heap Roots: 0.1ms
[2025-05-07T11:06:57.713+0530][gc,phases   ] GC(3)   Evacuate Collection Set: 9.8ms
[2025-05-07T11:06:57.713+0530][gc,phases   ] GC(3)   Post Evacuate Collection Set: 0.6ms
[2025-05-07T11:06:57.713+0530][gc,phases   ] GC(3)   Other: 0.1ms
[2025-05-07T11:06:57.713+0530][gc,heap     ] GC(3) Eden regions: 48->0(44)
[2025-05-07T11:06:57.713+0530][gc,heap     ] GC(3) Survivor regions: 3->7(7)
[2025-05-07T11:06:57.714+0530][gc,heap     ] GC(3) Old regions: 8->8
[2025-05-07T11:06:57.714+0530][gc,heap     ] GC(3) Archive regions: 2->2
[2025-05-07T11:06:57.714+0530][gc,heap     ] GC(3) Humongous regions: 129->129
[2025-05-07T11:06:57.714+0530][gc,metaspace] GC(3) Metaspace: 32555K(32768K)->32555K(32768K) NonClass: 28935K(29056K)->28935K(29056K) Class: 3619K(3712K)->3619K(3712K)
[2025-05-07T11:06:57.714+0530][gc          ] GC(3) Pause Young (Normal) (G1 Evacuation Pause) 188M->144M(1024M) 10.826ms
[2025-05-07T11:06:57.714+0530][gc,cpu      ] GC(3) User=0.03s Sys=0.00s Real=0.01s
[2025-05-07T11:06:57.977+0530][gc,start    ] GC(4) Pause Young (Concurrent Start) (Metadata GC Threshold)
[2025-05-07T11:06:57.978+0530][gc,task     ] GC(4) Using 8 workers of 8 for evacuation
[2025-05-07T11:06:57.984+0530][gc,phases   ] GC(4)   Pre Evacuate Collection Set: 0.2ms
[2025-05-07T11:06:57.984+0530][gc,phases   ] GC(4)   Merge Heap Roots: 0.1ms
[2025-05-07T11:06:57.984+0530][gc,phases   ] GC(4)   Evacuate Collection Set: 5.1ms
[2025-05-07T11:06:57.984+0530][gc,phases   ] GC(4)   Post Evacuate Collection Set: 0.3ms
[2025-05-07T11:06:57.984+0530][gc,phases   ] GC(4)   Other: 0.3ms
[2025-05-07T11:06:57.984+0530][gc,heap     ] GC(4) Eden regions: 14->0(49)
[2025-05-07T11:06:57.984+0530][gc,heap     ] GC(4) Survivor regions: 7->2(7)
[2025-05-07T11:06:57.984+0530][gc,heap     ] GC(4) Old regions: 8->15
[2025-05-07T11:06:57.984+0530][gc,heap     ] GC(4) Archive regions: 2->2
[2025-05-07T11:06:57.984+0530][gc,heap     ] GC(4) Humongous regions: 129->129
[2025-05-07T11:06:57.984+0530][gc,metaspace] GC(4) Metaspace: 35694K(35968K)->35694K(35968K) NonClass: 31656K(31808K)->31656K(31808K) Class: 4037K(4160K)->4037K(4160K)
[2025-05-07T11:06:57.984+0530][gc          ] GC(4) Pause Young (Concurrent Start) (Metadata GC Threshold) 157M->145M(1024M) 6.165ms
[2025-05-07T11:06:57.984+0530][gc,cpu      ] GC(4) User=0.03s Sys=0.00s Real=0.01s
[2025-05-07T11:06:57.984+0530][gc          ] GC(5) Concurrent Mark Cycle
[2025-05-07T11:06:57.984+0530][gc,marking  ] GC(5) Concurrent Clear Claimed Marks
[2025-05-07T11:06:57.984+0530][gc,marking  ] GC(5) Concurrent Clear Claimed Marks 0.018ms
[2025-05-07T11:06:57.984+0530][gc,marking  ] GC(5) Concurrent Scan Root Regions
[2025-05-07T11:06:57.987+0530][gc,marking  ] GC(5) Concurrent Scan Root Regions 3.208ms
[2025-05-07T11:06:57.987+0530][gc,marking  ] GC(5) Concurrent Mark
[2025-05-07T11:06:57.987+0530][gc,marking  ] GC(5) Concurrent Mark From Roots
[2025-05-07T11:06:57.987+0530][gc,task     ] GC(5) Using 2 workers of 2 for marking
[2025-05-07T11:06:57.993+0530][gc,marking  ] GC(5) Concurrent Mark From Roots 5.538ms
[2025-05-07T11:06:57.993+0530][gc,marking  ] GC(5) Concurrent Preclean
[2025-05-07T11:06:57.993+0530][gc,marking  ] GC(5) Concurrent Preclean 0.056ms
[2025-05-07T11:06:57.993+0530][gc,start    ] GC(5) Pause Remark
[2025-05-07T11:06:57.994+0530][gc          ] GC(5) Pause Remark 145M->145M(1024M) 1.314ms
[2025-05-07T11:06:57.994+0530][gc,cpu      ] GC(5) User=0.01s Sys=0.00s Real=0.00s
[2025-05-07T11:06:57.994+0530][gc,marking  ] GC(5) Concurrent Mark 7.155ms
[2025-05-07T11:06:57.994+0530][gc,marking  ] GC(5) Concurrent Rebuild Remembered Sets
[2025-05-07T11:06:58.000+0530][gc,marking  ] GC(5) Concurrent Rebuild Remembered Sets 5.817ms
[2025-05-07T11:06:58.000+0530][gc,start    ] GC(5) Pause Cleanup
[2025-05-07T11:06:58.000+0530][gc          ] GC(5) Pause Cleanup 145M->145M(1024M) 0.094ms
[2025-05-07T11:06:58.000+0530][gc,cpu      ] GC(5) User=0.00s Sys=0.00s Real=0.00s
[2025-05-07T11:06:58.000+0530][gc,marking  ] GC(5) Concurrent Cleanup for Next Mark
[2025-05-07T11:06:58.006+0530][gc,marking  ] GC(5) Concurrent Cleanup for Next Mark 5.385ms
[2025-05-07T11:06:58.006+0530][gc          ] GC(5) Concurrent Mark Cycle 22.019ms
[2025-05-07T11:21:07.918+0530][gc,start    ] GC(6) Pause Young (Normal) (G1 Evacuation Pause)
[2025-05-07T11:21:07.918+0530][gc,task     ] GC(6) Using 8 workers of 8 for evacuation
[2025-05-07T11:21:07.923+0530][gc,phases   ] GC(6)   Pre Evacuate Collection Set: 0.1ms
[2025-05-07T11:21:07.923+0530][gc,phases   ] GC(6)   Merge Heap Roots: 0.1ms
[2025-05-07T11:21:07.923+0530][gc,phases   ] GC(6)   Evacuate Collection Set: 3.6ms
[2025-05-07T11:21:07.923+0530][gc,phases   ] GC(6)   Post Evacuate Collection Set: 0.5ms
[2025-05-07T11:21:07.923+0530][gc,phases   ] GC(6)   Other: 0.4ms
[2025-05-07T11:21:07.923+0530][gc,heap     ] GC(6) Eden regions: 49->0(47)
[2025-05-07T11:21:07.923+0530][gc,heap     ] GC(6) Survivor regions: 2->4(7)
[2025-05-07T11:21:07.923+0530][gc,heap     ] GC(6) Old regions: 15->15
[2025-05-07T11:21:07.923+0530][gc,heap     ] GC(6) Archive regions: 2->2
[2025-05-07T11:21:07.923+0530][gc,heap     ] GC(6) Humongous regions: 129->129
[2025-05-07T11:21:07.923+0530][gc,metaspace] GC(6) Metaspace: 42034K(42560K)->42034K(42560K) NonClass: 36883K(37184K)->36883K(37184K) Class: 5151K(5376K)->5151K(5376K)
[2025-05-07T11:21:07.923+0530][gc          ] GC(6) Pause Young (Normal) (G1 Evacuation Pause) 194M->147M(1024M) 4.794ms
[2025-05-07T11:21:07.923+0530][gc,cpu      ] GC(6) User=0.02s Sys=0.01s Real=0.01s
[2025-05-07T11:32:40.828+0530][gc,start    ] GC(7) Pause Young (Normal) (G1 Evacuation Pause)
[2025-05-07T11:32:40.830+0530][gc,task     ] GC(7) Using 8 workers of 8 for evacuation
[2025-05-07T11:32:40.837+0530][gc,phases   ] GC(7)   Pre Evacuate Collection Set: 0.2ms
[2025-05-07T11:32:40.837+0530][gc,phases   ] GC(7)   Merge Heap Roots: 0.1ms
[2025-05-07T11:32:40.837+0530][gc,phases   ] GC(7)   Evacuate Collection Set: 6.1ms
[2025-05-07T11:32:40.837+0530][gc,phases   ] GC(7)   Post Evacuate Collection Set: 0.8ms
[2025-05-07T11:32:40.837+0530][gc,phases   ] GC(7)   Other: 2.1ms
[2025-05-07T11:32:40.837+0530][gc,heap     ] GC(7) Eden regions: 47->0(45)
[2025-05-07T11:32:40.837+0530][gc,heap     ] GC(7) Survivor regions: 4->6(7)
[2025-05-07T11:32:40.837+0530][gc,heap     ] GC(7) Old regions: 15->15
[2025-05-07T11:32:40.837+0530][gc,heap     ] GC(7) Archive regions: 2->2
[2025-05-07T11:32:40.837+0530][gc,heap     ] GC(7) Humongous regions: 129->129
[2025-05-07T11:32:40.837+0530][gc,metaspace] GC(7) Metaspace: 44235K(44864K)->44235K(44864K) NonClass: 38841K(39168K)->38841K(39168K) Class: 5393K(5696K)->5393K(5696K)
[2025-05-07T11:32:40.837+0530][gc          ] GC(7) Pause Young (Normal) (G1 Evacuation Pause) 194M->149M(1024M) 9.387ms
[2025-05-07T11:32:40.837+0530][gc,cpu      ] GC(7) User=0.03s Sys=0.00s Real=0.01s
[2025-05-07T11:36:54.228+0530][gc,heap,exit] Heap
[2025-05-07T11:36:54.228+0530][gc,heap,exit]  garbage-first heap   total 1048576K, used 197287K [0x00000007c0000000, 0x0000000800000000)
[2025-05-07T11:36:54.228+0530][gc,heap,exit]   region size 1024K, 50 young (51200K), 6 survivors (6144K)
[2025-05-07T11:36:54.228+0530][gc,heap,exit]  Metaspace       used 45566K, committed 46144K, reserved 1114112K
[2025-05-07T11:36:54.228+0530][gc,heap,exit]   class space    used 5565K, committed 5824K, reserved 1048576K
