[2025-05-06T20:09:17.511+0530][gc] Using G1
[2025-05-06T20:09:17.518+0530][gc,init] Version: 17.0.8+9-LTS-211 (release)
[2025-05-06T20:09:17.518+0530][gc,init] CPUs: 8 total, 8 available
[2025-05-06T20:09:17.518+0530][gc,init] Memory: 16384M
[2025-05-06T20:09:17.518+0530][gc,init] Large Page Support: Disabled
[2025-05-06T20:09:17.518+0530][gc,init] NUMA Support: Disabled
[2025-05-06T20:09:17.519+0530][gc,init] Compressed Oops: Enabled (Zero based)
[2025-05-06T20:09:17.519+0530][gc,init] Heap Region Size: 1M
[2025-05-06T20:09:17.519+0530][gc,init] Heap Min Capacity: 1G
[2025-05-06T20:09:17.519+0530][gc,init] Heap Initial Capacity: 1G
[2025-05-06T20:09:17.519+0530][gc,init] Heap Max Capacity: 1G
[2025-05-06T20:09:17.519+0530][gc,init] Pre-touch: Disabled
[2025-05-06T20:09:17.519+0530][gc,init] Parallel Workers: 8
[2025-05-06T20:09:17.519+0530][gc,init] Concurrent Workers: 2
[2025-05-06T20:09:17.519+0530][gc,init] Concurrent Refinement Workers: 8
[2025-05-06T20:09:17.519+0530][gc,init] Periodic GC: Disabled
[2025-05-06T20:09:17.527+0530][gc,metaspace] CDS archive(s) mapped at: [0x0000000121000000-0x0000000121be4000-0x0000000121be4000), size 12468224, SharedBaseAddress: 0x0000000121000000, ArchiveRelocationMode: 1.
[2025-05-06T20:09:17.527+0530][gc,metaspace] Compressed class space mapped at: 0x0000000122000000-0x0000000162000000, reserved size: 1073741824
[2025-05-06T20:09:17.527+0530][gc,metaspace] Narrow klass base: 0x0000000121000000, Narrow klass shift: 0, Narrow klass range: 0x100000000
[2025-05-06T20:09:18.857+0530][gc,start    ] GC(0) Pause Young (Normal) (G1 Evacuation Pause)
[2025-05-06T20:09:18.857+0530][gc,task     ] GC(0) Using 8 workers of 8 for evacuation
[2025-05-06T20:09:18.864+0530][gc,phases   ] GC(0)   Pre Evacuate Collection Set: 0.1ms
[2025-05-06T20:09:18.864+0530][gc,phases   ] GC(0)   Merge Heap Roots: 0.1ms
[2025-05-06T20:09:18.864+0530][gc,phases   ] GC(0)   Evacuate Collection Set: 6.2ms
[2025-05-06T20:09:18.864+0530][gc,phases   ] GC(0)   Post Evacuate Collection Set: 0.5ms
[2025-05-06T20:09:18.864+0530][gc,phases   ] GC(0)   Other: 0.6ms
[2025-05-06T20:09:18.864+0530][gc,heap     ] GC(0) Eden regions: 51->0(44)
[2025-05-06T20:09:18.864+0530][gc,heap     ] GC(0) Survivor regions: 0->7(7)
[2025-05-06T20:09:18.864+0530][gc,heap     ] GC(0) Old regions: 0->1
[2025-05-06T20:09:18.864+0530][gc,heap     ] GC(0) Archive regions: 2->2
[2025-05-06T20:09:18.864+0530][gc,heap     ] GC(0) Humongous regions: 0->0
[2025-05-06T20:09:18.864+0530][gc,metaspace] GC(0) Metaspace: 17717K(17920K)->17717K(17920K) NonClass: 15553K(15616K)->15553K(15616K) Class: 2164K(2304K)->2164K(2304K)
[2025-05-06T20:09:18.864+0530][gc          ] GC(0) Pause Young (Normal) (G1 Evacuation Pause) 51M->8M(1024M) 7.663ms
[2025-05-06T20:09:18.864+0530][gc,cpu      ] GC(0) User=0.03s Sys=0.01s Real=0.01s
[2025-05-06T20:09:19.251+0530][gc,start    ] GC(1) Pause Young (Concurrent Start) (Metadata GC Threshold)
[2025-05-06T20:09:19.251+0530][gc,task     ] GC(1) Using 8 workers of 8 for evacuation
[2025-05-06T20:09:19.256+0530][gc,phases   ] GC(1)   Pre Evacuate Collection Set: 0.1ms
[2025-05-06T20:09:19.256+0530][gc,phases   ] GC(1)   Merge Heap Roots: 0.1ms
[2025-05-06T20:09:19.256+0530][gc,phases   ] GC(1)   Evacuate Collection Set: 4.2ms
[2025-05-06T20:09:19.256+0530][gc,phases   ] GC(1)   Post Evacuate Collection Set: 0.4ms
[2025-05-06T20:09:19.256+0530][gc,phases   ] GC(1)   Other: 0.3ms
[2025-05-06T20:09:19.256+0530][gc,heap     ] GC(1) Eden regions: 15->0(48)
[2025-05-06T20:09:19.256+0530][gc,heap     ] GC(1) Survivor regions: 7->3(7)
[2025-05-06T20:09:19.256+0530][gc,heap     ] GC(1) Old regions: 1->8
[2025-05-06T20:09:19.256+0530][gc,heap     ] GC(1) Archive regions: 2->2
[2025-05-06T20:09:19.256+0530][gc,heap     ] GC(1) Humongous regions: 129->129
[2025-05-06T20:09:19.256+0530][gc,metaspace] GC(1) Metaspace: 21357K(21504K)->21357K(21504K) NonClass: 18744K(18816K)->18744K(18816K) Class: 2612K(2688K)->2612K(2688K)
[2025-05-06T20:09:19.256+0530][gc          ] GC(1) Pause Young (Concurrent Start) (Metadata GC Threshold) 152M->139M(1024M) 5.259ms
[2025-05-06T20:09:19.256+0530][gc,cpu      ] GC(1) User=0.02s Sys=0.01s Real=0.00s
[2025-05-06T20:09:19.256+0530][gc          ] GC(2) Concurrent Mark Cycle
[2025-05-06T20:09:19.256+0530][gc,marking  ] GC(2) Concurrent Clear Claimed Marks
[2025-05-06T20:09:19.256+0530][gc,marking  ] GC(2) Concurrent Clear Claimed Marks 0.016ms
[2025-05-06T20:09:19.256+0530][gc,marking  ] GC(2) Concurrent Scan Root Regions
[2025-05-06T20:09:19.259+0530][gc,marking  ] GC(2) Concurrent Scan Root Regions 2.500ms
[2025-05-06T20:09:19.259+0530][gc,marking  ] GC(2) Concurrent Mark
[2025-05-06T20:09:19.259+0530][gc,marking  ] GC(2) Concurrent Mark From Roots
[2025-05-06T20:09:19.259+0530][gc,task     ] GC(2) Using 2 workers of 2 for marking
[2025-05-06T20:09:19.261+0530][gc,marking  ] GC(2) Concurrent Mark From Roots 2.054ms
[2025-05-06T20:09:19.261+0530][gc,marking  ] GC(2) Concurrent Preclean
[2025-05-06T20:09:19.261+0530][gc,marking  ] GC(2) Concurrent Preclean 0.028ms
[2025-05-06T20:09:19.261+0530][gc,start    ] GC(2) Pause Remark
[2025-05-06T20:09:19.262+0530][gc          ] GC(2) Pause Remark 140M->140M(1024M) 1.419ms
[2025-05-06T20:09:19.262+0530][gc,cpu      ] GC(2) User=0.01s Sys=0.00s Real=0.00s
[2025-05-06T20:09:19.262+0530][gc,marking  ] GC(2) Concurrent Mark 3.680ms
[2025-05-06T20:09:19.262+0530][gc,marking  ] GC(2) Concurrent Rebuild Remembered Sets
[2025-05-06T20:09:19.265+0530][gc,marking  ] GC(2) Concurrent Rebuild Remembered Sets 2.550ms
[2025-05-06T20:09:19.265+0530][gc,start    ] GC(2) Pause Cleanup
[2025-05-06T20:09:19.265+0530][gc          ] GC(2) Pause Cleanup 140M->140M(1024M) 0.148ms
[2025-05-06T20:09:19.265+0530][gc,cpu      ] GC(2) User=0.00s Sys=0.00s Real=0.00s
[2025-05-06T20:09:19.265+0530][gc,marking  ] GC(2) Concurrent Cleanup for Next Mark
[2025-05-06T20:09:19.272+0530][gc,marking  ] GC(2) Concurrent Cleanup for Next Mark 6.149ms
[2025-05-06T20:09:19.272+0530][gc          ] GC(2) Concurrent Mark Cycle 15.449ms
[2025-05-06T20:09:19.890+0530][gc,start    ] GC(3) Pause Young (Normal) (G1 Evacuation Pause)
[2025-05-06T20:09:19.890+0530][gc,task     ] GC(3) Using 8 workers of 8 for evacuation
[2025-05-06T20:09:19.895+0530][gc,phases   ] GC(3)   Pre Evacuate Collection Set: 0.1ms
[2025-05-06T20:09:19.895+0530][gc,phases   ] GC(3)   Merge Heap Roots: 0.0ms
[2025-05-06T20:09:19.895+0530][gc,phases   ] GC(3)   Evacuate Collection Set: 4.8ms
[2025-05-06T20:09:19.895+0530][gc,phases   ] GC(3)   Post Evacuate Collection Set: 0.5ms
[2025-05-06T20:09:19.895+0530][gc,phases   ] GC(3)   Other: 0.1ms
[2025-05-06T20:09:19.895+0530][gc,heap     ] GC(3) Eden regions: 48->0(44)
[2025-05-06T20:09:19.895+0530][gc,heap     ] GC(3) Survivor regions: 3->7(7)
[2025-05-06T20:09:19.895+0530][gc,heap     ] GC(3) Old regions: 8->8
[2025-05-06T20:09:19.895+0530][gc,heap     ] GC(3) Archive regions: 2->2
[2025-05-06T20:09:19.895+0530][gc,heap     ] GC(3) Humongous regions: 129->129
[2025-05-06T20:09:19.895+0530][gc,metaspace] GC(3) Metaspace: 32633K(32896K)->32633K(32896K) NonClass: 29004K(29184K)->29004K(29184K) Class: 3628K(3712K)->3628K(3712K)
[2025-05-06T20:09:19.895+0530][gc          ] GC(3) Pause Young (Normal) (G1 Evacuation Pause) 187M->144M(1024M) 5.633ms
[2025-05-06T20:09:19.895+0530][gc,cpu      ] GC(3) User=0.03s Sys=0.00s Real=0.00s
[2025-05-06T20:09:20.020+0530][gc,start    ] GC(4) Pause Young (Concurrent Start) (Metadata GC Threshold)
[2025-05-06T20:09:20.020+0530][gc,task     ] GC(4) Using 8 workers of 8 for evacuation
[2025-05-06T20:09:20.027+0530][gc,phases   ] GC(4)   Pre Evacuate Collection Set: 0.1ms
[2025-05-06T20:09:20.027+0530][gc,phases   ] GC(4)   Merge Heap Roots: 0.0ms
[2025-05-06T20:09:20.027+0530][gc,phases   ] GC(4)   Evacuate Collection Set: 5.6ms
[2025-05-06T20:09:20.027+0530][gc,phases   ] GC(4)   Post Evacuate Collection Set: 0.3ms
[2025-05-06T20:09:20.027+0530][gc,phases   ] GC(4)   Other: 0.2ms
[2025-05-06T20:09:20.027+0530][gc,heap     ] GC(4) Eden regions: 13->0(49)
[2025-05-06T20:09:20.027+0530][gc,heap     ] GC(4) Survivor regions: 7->2(7)
[2025-05-06T20:09:20.027+0530][gc,heap     ] GC(4) Old regions: 8->15
[2025-05-06T20:09:20.027+0530][gc,heap     ] GC(4) Archive regions: 2->2
[2025-05-06T20:09:20.027+0530][gc,heap     ] GC(4) Humongous regions: 129->129
[2025-05-06T20:09:20.027+0530][gc,metaspace] GC(4) Metaspace: 35754K(35968K)->35754K(35968K) NonClass: 31713K(31808K)->31713K(31808K) Class: 4040K(4160K)->4040K(4160K)
[2025-05-06T20:09:20.027+0530][gc          ] GC(4) Pause Young (Concurrent Start) (Metadata GC Threshold) 157M->145M(1024M) 6.409ms
[2025-05-06T20:09:20.027+0530][gc,cpu      ] GC(4) User=0.04s Sys=0.01s Real=0.00s
[2025-05-06T20:09:20.027+0530][gc          ] GC(5) Concurrent Mark Cycle
[2025-05-06T20:09:20.027+0530][gc,marking  ] GC(5) Concurrent Clear Claimed Marks
[2025-05-06T20:09:20.027+0530][gc,marking  ] GC(5) Concurrent Clear Claimed Marks 0.015ms
[2025-05-06T20:09:20.027+0530][gc,marking  ] GC(5) Concurrent Scan Root Regions
[2025-05-06T20:09:20.030+0530][gc,marking  ] GC(5) Concurrent Scan Root Regions 3.145ms
[2025-05-06T20:09:20.030+0530][gc,marking  ] GC(5) Concurrent Mark
[2025-05-06T20:09:20.030+0530][gc,marking  ] GC(5) Concurrent Mark From Roots
[2025-05-06T20:09:20.030+0530][gc,task     ] GC(5) Using 2 workers of 2 for marking
[2025-05-06T20:09:20.037+0530][gc,marking  ] GC(5) Concurrent Mark From Roots 7.336ms
[2025-05-06T20:09:20.037+0530][gc,marking  ] GC(5) Concurrent Preclean
[2025-05-06T20:09:20.037+0530][gc,marking  ] GC(5) Concurrent Preclean 0.065ms
[2025-05-06T20:09:20.038+0530][gc,start    ] GC(5) Pause Remark
[2025-05-06T20:09:20.039+0530][gc          ] GC(5) Pause Remark 146M->146M(1024M) 1.264ms
[2025-05-06T20:09:20.039+0530][gc,cpu      ] GC(5) User=0.00s Sys=0.00s Real=0.00s
[2025-05-06T20:09:20.039+0530][gc,marking  ] GC(5) Concurrent Mark 8.946ms
[2025-05-06T20:09:20.039+0530][gc,marking  ] GC(5) Concurrent Rebuild Remembered Sets
[2025-05-06T20:09:20.044+0530][gc,marking  ] GC(5) Concurrent Rebuild Remembered Sets 5.057ms
[2025-05-06T20:09:20.044+0530][gc,start    ] GC(5) Pause Cleanup
[2025-05-06T20:09:20.044+0530][gc          ] GC(5) Pause Cleanup 147M->147M(1024M) 0.140ms
[2025-05-06T20:09:20.044+0530][gc,cpu      ] GC(5) User=0.00s Sys=0.00s Real=0.00s
[2025-05-06T20:09:20.044+0530][gc,marking  ] GC(5) Concurrent Cleanup for Next Mark
[2025-05-06T20:09:20.050+0530][gc,marking  ] GC(5) Concurrent Cleanup for Next Mark 5.935ms
[2025-05-06T20:09:20.050+0530][gc          ] GC(5) Concurrent Mark Cycle 23.661ms
[2025-05-06T20:21:26.748+0530][gc,start    ] GC(6) Pause Young (Normal) (G1 Evacuation Pause)
[2025-05-06T20:21:26.748+0530][gc,task     ] GC(6) Using 8 workers of 8 for evacuation
[2025-05-06T20:21:26.753+0530][gc,phases   ] GC(6)   Pre Evacuate Collection Set: 0.9ms
[2025-05-06T20:21:26.753+0530][gc,phases   ] GC(6)   Merge Heap Roots: 0.1ms
[2025-05-06T20:21:26.754+0530][gc,phases   ] GC(6)   Evacuate Collection Set: 3.9ms
[2025-05-06T20:21:26.754+0530][gc,phases   ] GC(6)   Post Evacuate Collection Set: 0.6ms
[2025-05-06T20:21:26.754+0530][gc,phases   ] GC(6)   Other: 0.4ms
[2025-05-06T20:21:26.754+0530][gc,heap     ] GC(6) Eden regions: 49->0(47)
[2025-05-06T20:21:26.754+0530][gc,heap     ] GC(6) Survivor regions: 2->4(7)
[2025-05-06T20:21:26.754+0530][gc,heap     ] GC(6) Old regions: 15->15
[2025-05-06T20:21:26.754+0530][gc,heap     ] GC(6) Archive regions: 2->2
[2025-05-06T20:21:26.754+0530][gc,heap     ] GC(6) Humongous regions: 129->129
[2025-05-06T20:21:26.754+0530][gc,metaspace] GC(6) Metaspace: 42224K(42880K)->42224K(42880K) NonClass: 37024K(37376K)->37024K(37376K) Class: 5200K(5504K)->5200K(5504K)
[2025-05-06T20:21:26.754+0530][gc          ] GC(6) Pause Young (Normal) (G1 Evacuation Pause) 194M->147M(1024M) 5.996ms
[2025-05-06T20:21:26.754+0530][gc,cpu      ] GC(6) User=0.02s Sys=0.01s Real=0.01s
[2025-05-06T20:26:38.084+0530][gc,heap,exit] Heap
[2025-05-06T20:26:38.084+0530][gc,heap,exit]  garbage-first heap   total 1048576K, used 197729K [0x00000007c0000000, 0x0000000800000000)
[2025-05-06T20:26:38.084+0530][gc,heap,exit]   region size 1024K, 50 young (51200K), 4 survivors (4096K)
[2025-05-06T20:26:38.084+0530][gc,heap,exit]  Metaspace       used 45179K, committed 45824K, reserved 1114112K
[2025-05-06T20:26:38.085+0530][gc,heap,exit]   class space    used 5618K, committed 5888K, reserved 1048576K
