[2025-05-06T20:07:39.707+0530][gc] Using G1
[2025-05-06T20:07:39.715+0530][gc,init] Version: 17.0.8+9-LTS-211 (release)
[2025-05-06T20:07:39.716+0530][gc,init] CPUs: 8 total, 8 available
[2025-05-06T20:07:39.716+0530][gc,init] Memory: 16384M
[2025-05-06T20:07:39.716+0530][gc,init] Large Page Support: Disabled
[2025-05-06T20:07:39.716+0530][gc,init] NUMA Support: Disabled
[2025-05-06T20:07:39.716+0530][gc,init] Compressed Oops: Enabled (Zero based)
[2025-05-06T20:07:39.716+0530][gc,init] Heap Region Size: 1M
[2025-05-06T20:07:39.716+0530][gc,init] Heap Min Capacity: 1G
[2025-05-06T20:07:39.716+0530][gc,init] Heap Initial Capacity: 1G
[2025-05-06T20:07:39.716+0530][gc,init] Heap Max Capacity: 1G
[2025-05-06T20:07:39.716+0530][gc,init] Pre-touch: Disabled
[2025-05-06T20:07:39.716+0530][gc,init] Parallel Workers: 8
[2025-05-06T20:07:39.716+0530][gc,init] Concurrent Workers: 2
[2025-05-06T20:07:39.716+0530][gc,init] Concurrent Refinement Workers: 8
[2025-05-06T20:07:39.716+0530][gc,init] Periodic GC: Disabled
[2025-05-06T20:07:39.724+0530][gc,metaspace] CDS archive(s) mapped at: [0x000000012c000000-0x000000012cbe4000-0x000000012cbe4000), size 12468224, SharedBaseAddress: 0x000000012c000000, ArchiveRelocationMode: 1.
[2025-05-06T20:07:39.724+0530][gc,metaspace] Compressed class space mapped at: 0x000000012d000000-0x000000016d000000, reserved size: 1073741824
[2025-05-06T20:07:39.725+0530][gc,metaspace] Narrow klass base: 0x000000012c000000, Narrow klass shift: 0, Narrow klass range: 0x100000000
[2025-05-06T20:07:41.140+0530][gc,start    ] GC(0) Pause Young (Normal) (G1 Evacuation Pause)
[2025-05-06T20:07:41.140+0530][gc,task     ] GC(0) Using 8 workers of 8 for evacuation
[2025-05-06T20:07:41.146+0530][gc,phases   ] GC(0)   Pre Evacuate Collection Set: 0.1ms
[2025-05-06T20:07:41.146+0530][gc,phases   ] GC(0)   Merge Heap Roots: 0.1ms
[2025-05-06T20:07:41.146+0530][gc,phases   ] GC(0)   Evacuate Collection Set: 5.1ms
[2025-05-06T20:07:41.146+0530][gc,phases   ] GC(0)   Post Evacuate Collection Set: 0.4ms
[2025-05-06T20:07:41.146+0530][gc,phases   ] GC(0)   Other: 0.5ms
[2025-05-06T20:07:41.146+0530][gc,heap     ] GC(0) Eden regions: 51->0(44)
[2025-05-06T20:07:41.146+0530][gc,heap     ] GC(0) Survivor regions: 0->7(7)
[2025-05-06T20:07:41.146+0530][gc,heap     ] GC(0) Old regions: 0->2
[2025-05-06T20:07:41.146+0530][gc,heap     ] GC(0) Archive regions: 2->2
[2025-05-06T20:07:41.146+0530][gc,heap     ] GC(0) Humongous regions: 0->0
[2025-05-06T20:07:41.146+0530][gc,metaspace] GC(0) Metaspace: 17546K(17728K)->17546K(17728K) NonClass: 15408K(15552K)->15408K(15552K) Class: 2137K(2176K)->2137K(2176K)
[2025-05-06T20:07:41.146+0530][gc          ] GC(0) Pause Young (Normal) (G1 Evacuation Pause) 51M->9M(1024M) 6.395ms
[2025-05-06T20:07:41.146+0530][gc,cpu      ] GC(0) User=0.02s Sys=0.01s Real=0.00s
[2025-05-06T20:07:41.458+0530][gc,start    ] GC(1) Pause Young (Concurrent Start) (Metadata GC Threshold)
[2025-05-06T20:07:41.458+0530][gc,task     ] GC(1) Using 8 workers of 8 for evacuation
[2025-05-06T20:07:41.463+0530][gc,phases   ] GC(1)   Pre Evacuate Collection Set: 0.1ms
[2025-05-06T20:07:41.463+0530][gc,phases   ] GC(1)   Merge Heap Roots: 0.1ms
[2025-05-06T20:07:41.463+0530][gc,phases   ] GC(1)   Evacuate Collection Set: 4.2ms
[2025-05-06T20:07:41.463+0530][gc,phases   ] GC(1)   Post Evacuate Collection Set: 0.3ms
[2025-05-06T20:07:41.463+0530][gc,phases   ] GC(1)   Other: 0.3ms
[2025-05-06T20:07:41.463+0530][gc,heap     ] GC(1) Eden regions: 14->0(49)
[2025-05-06T20:07:41.463+0530][gc,heap     ] GC(1) Survivor regions: 7->2(7)
[2025-05-06T20:07:41.463+0530][gc,heap     ] GC(1) Old regions: 2->8
[2025-05-06T20:07:41.463+0530][gc,heap     ] GC(1) Archive regions: 2->2
[2025-05-06T20:07:41.463+0530][gc,heap     ] GC(1) Humongous regions: 0->0
[2025-05-06T20:07:41.463+0530][gc,metaspace] GC(1) Metaspace: 21262K(21504K)->21262K(21504K) NonClass: 18641K(18816K)->18641K(18816K) Class: 2621K(2688K)->2621K(2688K)
[2025-05-06T20:07:41.463+0530][gc          ] GC(1) Pause Young (Concurrent Start) (Metadata GC Threshold) 23M->9M(1024M) 5.086ms
[2025-05-06T20:07:41.463+0530][gc,cpu      ] GC(1) User=0.03s Sys=0.01s Real=0.01s
[2025-05-06T20:07:41.463+0530][gc          ] GC(2) Concurrent Mark Cycle
[2025-05-06T20:07:41.463+0530][gc,marking  ] GC(2) Concurrent Clear Claimed Marks
[2025-05-06T20:07:41.463+0530][gc,marking  ] GC(2) Concurrent Clear Claimed Marks 0.016ms
[2025-05-06T20:07:41.463+0530][gc,marking  ] GC(2) Concurrent Scan Root Regions
[2025-05-06T20:07:41.466+0530][gc,marking  ] GC(2) Concurrent Scan Root Regions 2.219ms
[2025-05-06T20:07:41.466+0530][gc,marking  ] GC(2) Concurrent Mark
[2025-05-06T20:07:41.466+0530][gc,marking  ] GC(2) Concurrent Mark From Roots
[2025-05-06T20:07:41.466+0530][gc,task     ] GC(2) Using 2 workers of 2 for marking
[2025-05-06T20:07:41.468+0530][gc,marking  ] GC(2) Concurrent Mark From Roots 2.656ms
[2025-05-06T20:07:41.468+0530][gc,marking  ] GC(2) Concurrent Preclean
[2025-05-06T20:07:41.468+0530][gc,marking  ] GC(2) Concurrent Preclean 0.031ms
[2025-05-06T20:07:41.468+0530][gc,start    ] GC(2) Pause Remark
[2025-05-06T20:07:41.470+0530][gc          ] GC(2) Pause Remark 10M->10M(1024M) 1.388ms
[2025-05-06T20:07:41.470+0530][gc,cpu      ] GC(2) User=0.00s Sys=0.00s Real=0.01s
[2025-05-06T20:07:41.470+0530][gc,marking  ] GC(2) Concurrent Mark 4.243ms
[2025-05-06T20:07:41.470+0530][gc,marking  ] GC(2) Concurrent Rebuild Remembered Sets
[2025-05-06T20:07:41.472+0530][gc,marking  ] GC(2) Concurrent Rebuild Remembered Sets 2.160ms
[2025-05-06T20:07:41.472+0530][gc,start    ] GC(2) Pause Cleanup
[2025-05-06T20:07:41.472+0530][gc          ] GC(2) Pause Cleanup 10M->10M(1024M) 0.118ms
[2025-05-06T20:07:41.472+0530][gc,cpu      ] GC(2) User=0.00s Sys=0.00s Real=0.00s
[2025-05-06T20:07:41.472+0530][gc,marking  ] GC(2) Concurrent Cleanup for Next Mark
[2025-05-06T20:07:41.477+0530][gc,marking  ] GC(2) Concurrent Cleanup for Next Mark 4.852ms
[2025-05-06T20:07:41.479+0530][gc          ] GC(2) Concurrent Mark Cycle 15.723ms
[2025-05-06T20:07:42.946+0530][gc,start    ] GC(3) Pause Young (Normal) (G1 Evacuation Pause)
[2025-05-06T20:07:42.946+0530][gc,task     ] GC(3) Using 8 workers of 8 for evacuation
[2025-05-06T20:07:42.952+0530][gc,phases   ] GC(3)   Pre Evacuate Collection Set: 0.1ms
[2025-05-06T20:07:42.952+0530][gc,phases   ] GC(3)   Merge Heap Roots: 0.0ms
[2025-05-06T20:07:42.952+0530][gc,phases   ] GC(3)   Evacuate Collection Set: 5.2ms
[2025-05-06T20:07:42.952+0530][gc,phases   ] GC(3)   Post Evacuate Collection Set: 0.4ms
[2025-05-06T20:07:42.952+0530][gc,phases   ] GC(3)   Other: 0.1ms
[2025-05-06T20:07:42.952+0530][gc,heap     ] GC(3) Eden regions: 49->0(45)
[2025-05-06T20:07:42.952+0530][gc,heap     ] GC(3) Survivor regions: 2->6(7)
[2025-05-06T20:07:42.952+0530][gc,heap     ] GC(3) Old regions: 8->8
[2025-05-06T20:07:42.952+0530][gc,heap     ] GC(3) Archive regions: 2->2
[2025-05-06T20:07:42.952+0530][gc,heap     ] GC(3) Humongous regions: 129->129
[2025-05-06T20:07:42.952+0530][gc,metaspace] GC(3) Metaspace: 30515K(30784K)->30515K(30784K) NonClass: 27041K(27200K)->27041K(27200K) Class: 3473K(3584K)->3473K(3584K)
[2025-05-06T20:07:42.952+0530][gc          ] GC(3) Pause Young (Normal) (G1 Evacuation Pause) 187M->143M(1024M) 5.974ms
[2025-05-06T20:07:42.952+0530][gc,cpu      ] GC(3) User=0.03s Sys=0.00s Real=0.01s
[2025-05-06T20:07:44.033+0530][gc,heap,exit] Heap
[2025-05-06T20:07:44.033+0530][gc,heap,exit]  garbage-first heap   total 1048576K, used 161239K [0x00000007c0000000, 0x0000000800000000)
[2025-05-06T20:07:44.033+0530][gc,heap,exit]   region size 1024K, 20 young (20480K), 6 survivors (6144K)
[2025-05-06T20:07:44.033+0530][gc,heap,exit]  Metaspace       used 32811K, committed 33088K, reserved 1114112K
[2025-05-06T20:07:44.033+0530][gc,heap,exit]   class space    used 3816K, committed 3968K, reserved 1048576K
