[2025-05-06T20:07:26.699+0530][gc] Using G1
[2025-05-06T20:07:26.703+0530][gc,init] Version: 17.0.8+9-LTS-211 (release)
[2025-05-06T20:07:26.703+0530][gc,init] CPUs: 8 total, 8 available
[2025-05-06T20:07:26.703+0530][gc,init] Memory: 16384M
[2025-05-06T20:07:26.703+0530][gc,init] Large Page Support: Disabled
[2025-05-06T20:07:26.703+0530][gc,init] NUMA Support: Disabled
[2025-05-06T20:07:26.703+0530][gc,init] Compressed Oops: Enabled (Zero based)
[2025-05-06T20:07:26.703+0530][gc,init] Heap Region Size: 1M
[2025-05-06T20:07:26.703+0530][gc,init] Heap Min Capacity: 512M
[2025-05-06T20:07:26.703+0530][gc,init] Heap Initial Capacity: 512M
[2025-05-06T20:07:26.703+0530][gc,init] Heap Max Capacity: 512M
[2025-05-06T20:07:26.703+0530][gc,init] Pre-touch: Disabled
[2025-05-06T20:07:26.703+0530][gc,init] Parallel Workers: 8
[2025-05-06T20:07:26.703+0530][gc,init] Concurrent Workers: 2
[2025-05-06T20:07:26.703+0530][gc,init] Concurrent Refinement Workers: 8
[2025-05-06T20:07:26.703+0530][gc,init] Periodic GC: Disabled
[2025-05-06T20:07:26.711+0530][gc,metaspace] CDS archive(s) mapped at: [0x0000000126000000-0x0000000126be4000-0x0000000126be4000), size 12468224, SharedBaseAddress: 0x0000000126000000, ArchiveRelocationMode: 1.
[2025-05-06T20:07:26.711+0530][gc,metaspace] Compressed class space mapped at: 0x0000000127000000-0x0000000167000000, reserved size: 1073741824
[2025-05-06T20:07:26.711+0530][gc,metaspace] Narrow klass base: 0x0000000126000000, Narrow klass shift: 0, Narrow klass range: 0x100000000
[2025-05-06T20:07:40.649+0530][gc,start    ] GC(0) Pause Young (Normal) (G1 Evacuation Pause)
[2025-05-06T20:07:40.650+0530][gc,task     ] GC(0) Using 8 workers of 8 for evacuation
[2025-05-06T20:07:40.658+0530][gc,phases   ] GC(0)   Pre Evacuate Collection Set: 0.1ms
[2025-05-06T20:07:40.658+0530][gc,phases   ] GC(0)   Merge Heap Roots: 0.1ms
[2025-05-06T20:07:40.658+0530][gc,phases   ] GC(0)   Evacuate Collection Set: 7.4ms
[2025-05-06T20:07:40.658+0530][gc,phases   ] GC(0)   Post Evacuate Collection Set: 0.5ms
[2025-05-06T20:07:40.658+0530][gc,phases   ] GC(0)   Other: 0.6ms
[2025-05-06T20:07:40.658+0530][gc,heap     ] GC(0) Eden regions: 25->0(21)
[2025-05-06T20:07:40.658+0530][gc,heap     ] GC(0) Survivor regions: 0->4(4)
[2025-05-06T20:07:40.658+0530][gc,heap     ] GC(0) Old regions: 0->5
[2025-05-06T20:07:40.658+0530][gc,heap     ] GC(0) Archive regions: 2->2
[2025-05-06T20:07:40.658+0530][gc,heap     ] GC(0) Humongous regions: 0->0
[2025-05-06T20:07:40.658+0530][gc,metaspace] GC(0) Metaspace: 7838K(8000K)->7838K(8000K) NonClass: 6949K(7040K)->6949K(7040K) Class: 888K(960K)->888K(960K)
[2025-05-06T20:07:40.658+0530][gc          ] GC(0) Pause Young (Normal) (G1 Evacuation Pause) 25M->9M(512M) 8.856ms
[2025-05-06T20:07:40.658+0530][gc,cpu      ] GC(0) User=0.02s Sys=0.02s Real=0.01s
[2025-05-06T20:08:11.224+0530][gc,heap,exit] Heap
[2025-05-06T20:08:11.224+0530][gc,heap,exit]  garbage-first heap   total 524288K, used 14463K [0x00000007e0000000, 0x0000000800000000)
[2025-05-06T20:08:11.224+0530][gc,heap,exit]   region size 1024K, 10 young (10240K), 4 survivors (4096K)
[2025-05-06T20:08:11.224+0530][gc,heap,exit]  Metaspace       used 8382K, committed 8576K, reserved 1114112K
[2025-05-06T20:08:11.224+0530][gc,heap,exit]   class space    used 931K, committed 1024K, reserved 1048576K
