[2025-05-07T02:17:18.086+0530][gc] Using G1
[2025-05-07T02:17:18.089+0530][gc,init] Version: 17.0.8+9-LTS-211 (release)
[2025-05-07T02:17:18.089+0530][gc,init] CPUs: 8 total, 8 available
[2025-05-07T02:17:18.089+0530][gc,init] Memory: 16384M
[2025-05-07T02:17:18.089+0530][gc,init] Large Page Support: Disabled
[2025-05-07T02:17:18.089+0530][gc,init] NUMA Support: Disabled
[2025-05-07T02:17:18.089+0530][gc,init] Compressed Oops: Enabled (Zero based)
[2025-05-07T02:17:18.089+0530][gc,init] Heap Region Size: 1M
[2025-05-07T02:17:18.089+0530][gc,init] Heap Min Capacity: 512M
[2025-05-07T02:17:18.089+0530][gc,init] Heap Initial Capacity: 512M
[2025-05-07T02:17:18.089+0530][gc,init] Heap Max Capacity: 512M
[2025-05-07T02:17:18.089+0530][gc,init] Pre-touch: Disabled
[2025-05-07T02:17:18.089+0530][gc,init] Parallel Workers: 8
[2025-05-07T02:17:18.089+0530][gc,init] Concurrent Workers: 2
[2025-05-07T02:17:18.089+0530][gc,init] Concurrent Refinement Workers: 8
[2025-05-07T02:17:18.089+0530][gc,init] Periodic GC: Disabled
[2025-05-07T02:17:18.098+0530][gc,metaspace] CDS archive(s) mapped at: [0x000000012d000000-0x000000012dbe4000-0x000000012dbe4000), size 12468224, SharedBaseAddress: 0x000000012d000000, ArchiveRelocationMode: 1.
[2025-05-07T02:17:18.098+0530][gc,metaspace] Compressed class space mapped at: 0x000000012e000000-0x000000016e000000, reserved size: 1073741824
[2025-05-07T02:17:18.098+0530][gc,metaspace] Narrow klass base: 0x000000012d000000, Narrow klass shift: 0, Narrow klass range: 0x100000000
[2025-05-07T02:17:33.182+0530][gc,start    ] GC(0) Pause Young (Normal) (G1 Evacuation Pause)
[2025-05-07T02:17:33.183+0530][gc,task     ] GC(0) Using 8 workers of 8 for evacuation
[2025-05-07T02:17:33.189+0530][gc,phases   ] GC(0)   Pre Evacuate Collection Set: 0.1ms
[2025-05-07T02:17:33.189+0530][gc,phases   ] GC(0)   Merge Heap Roots: 0.1ms
[2025-05-07T02:17:33.189+0530][gc,phases   ] GC(0)   Evacuate Collection Set: 5.3ms
[2025-05-07T02:17:33.189+0530][gc,phases   ] GC(0)   Post Evacuate Collection Set: 0.4ms
[2025-05-07T02:17:33.189+0530][gc,phases   ] GC(0)   Other: 0.8ms
[2025-05-07T02:17:33.189+0530][gc,heap     ] GC(0) Eden regions: 25->0(21)
[2025-05-07T02:17:33.189+0530][gc,heap     ] GC(0) Survivor regions: 0->4(4)
[2025-05-07T02:17:33.189+0530][gc,heap     ] GC(0) Old regions: 0->5
[2025-05-07T02:17:33.189+0530][gc,heap     ] GC(0) Archive regions: 2->2
[2025-05-07T02:17:33.189+0530][gc,heap     ] GC(0) Humongous regions: 0->0
[2025-05-07T02:17:33.189+0530][gc,metaspace] GC(0) Metaspace: 7895K(8128K)->7895K(8128K) NonClass: 6990K(7104K)->6990K(7104K) Class: 905K(1024K)->905K(1024K)
[2025-05-07T02:17:33.189+0530][gc          ] GC(0) Pause Young (Normal) (G1 Evacuation Pause) 25M->9M(512M) 6.839ms
[2025-05-07T02:17:33.189+0530][gc,cpu      ] GC(0) User=0.02s Sys=0.01s Real=0.00s
[2025-05-07T10:08:03.925+0530][gc,start    ] GC(1) Pause Young (Normal) (G1 Evacuation Pause)
[2025-05-07T10:08:03.928+0530][gc,task     ] GC(1) Using 8 workers of 8 for evacuation
[2025-05-07T10:08:03.950+0530][gc,mmu      ] GC(1) MMU target violated: 21.0ms (20.0ms/21.0ms)
[2025-05-07T10:08:03.950+0530][gc,phases   ] GC(1)   Pre Evacuate Collection Set: 1.2ms
[2025-05-07T10:08:03.950+0530][gc,phases   ] GC(1)   Merge Heap Roots: 0.2ms
[2025-05-07T10:08:03.950+0530][gc,phases   ] GC(1)   Evacuate Collection Set: 20.3ms
[2025-05-07T10:08:03.950+0530][gc,phases   ] GC(1)   Post Evacuate Collection Set: 0.4ms
[2025-05-07T10:08:03.950+0530][gc,phases   ] GC(1)   Other: 2.8ms
[2025-05-07T10:08:03.950+0530][gc,heap     ] GC(1) Eden regions: 21->0(24)
[2025-05-07T10:08:03.950+0530][gc,heap     ] GC(1) Survivor regions: 4->1(4)
[2025-05-07T10:08:03.950+0530][gc,heap     ] GC(1) Old regions: 5->9
[2025-05-07T10:08:03.950+0530][gc,heap     ] GC(1) Archive regions: 2->2
[2025-05-07T10:08:03.950+0530][gc,heap     ] GC(1) Humongous regions: 0->0
[2025-05-07T10:08:03.950+0530][gc,metaspace] GC(1) Metaspace: 8730K(8896K)->8730K(8896K) NonClass: 7799K(7872K)->7799K(7872K) Class: 930K(1024K)->930K(1024K)
[2025-05-07T10:08:03.950+0530][gc          ] GC(1) Pause Young (Normal) (G1 Evacuation Pause) 30M->9M(512M) 24.918ms
[2025-05-07T10:08:03.950+0530][gc,cpu      ] GC(1) User=0.03s Sys=0.09s Real=0.03s
[2025-05-07T11:04:03.153+0530][gc,heap,exit] Heap
[2025-05-07T11:04:03.155+0530][gc,heap,exit]  garbage-first heap   total 524288K, used 16356K [0x00000007e0000000, 0x0000000800000000)
[2025-05-07T11:04:03.155+0530][gc,heap,exit]   region size 1024K, 8 young (8192K), 1 survivors (1024K)
[2025-05-07T11:04:03.155+0530][gc,heap,exit]  Metaspace       used 8737K, committed 8896K, reserved 1114112K
[2025-05-07T11:04:03.155+0530][gc,heap,exit]   class space    used 931K, committed 1024K, reserved 1048576K
