[2025-05-02T10:29:38.605+0530][gc] Using G1
[2025-05-02T10:29:38.610+0530][gc,init] Version: 17.0.8+9-LTS-211 (release)
[2025-05-02T10:29:38.610+0530][gc,init] CPUs: 8 total, 8 available
[2025-05-02T10:29:38.610+0530][gc,init] Memory: 16384M
[2025-05-02T10:29:38.610+0530][gc,init] Large Page Support: Disabled
[2025-05-02T10:29:38.610+0530][gc,init] NUMA Support: Disabled
[2025-05-02T10:29:38.610+0530][gc,init] Compressed Oops: Enabled (Zero based)
[2025-05-02T10:29:38.610+0530][gc,init] Heap Region Size: 1M
[2025-05-02T10:29:38.610+0530][gc,init] Heap Min Capacity: 512M
[2025-05-02T10:29:38.610+0530][gc,init] Heap Initial Capacity: 512M
[2025-05-02T10:29:38.610+0530][gc,init] Heap Max Capacity: 512M
[2025-05-02T10:29:38.610+0530][gc,init] Pre-touch: Disabled
[2025-05-02T10:29:38.610+0530][gc,init] Parallel Workers: 8
[2025-05-02T10:29:38.610+0530][gc,init] Concurrent Workers: 2
[2025-05-02T10:29:38.610+0530][gc,init] Concurrent Refinement Workers: 8
[2025-05-02T10:29:38.610+0530][gc,init] Periodic GC: Disabled
[2025-05-02T10:29:38.619+0530][gc,metaspace] CDS archive(s) mapped at: [0x0000000128000000-0x0000000128be4000-0x0000000128be4000), size 12468224, SharedBaseAddress: 0x0000000128000000, ArchiveRelocationMode: 1.
[2025-05-02T10:29:38.619+0530][gc,metaspace] Compressed class space mapped at: 0x0000000129000000-0x0000000169000000, reserved size: 1073741824
[2025-05-02T10:29:38.619+0530][gc,metaspace] Narrow klass base: 0x0000000128000000, Narrow klass shift: 0, Narrow klass range: 0x100000000
[2025-05-02T10:30:07.478+0530][gc,start    ] GC(0) Pause Young (Normal) (G1 Evacuation Pause)
[2025-05-02T10:30:07.479+0530][gc,task     ] GC(0) Using 8 workers of 8 for evacuation
[2025-05-02T10:30:07.490+0530][gc,phases   ] GC(0)   Pre Evacuate Collection Set: 0.1ms
[2025-05-02T10:30:07.490+0530][gc,phases   ] GC(0)   Merge Heap Roots: 0.1ms
[2025-05-02T10:30:07.490+0530][gc,phases   ] GC(0)   Evacuate Collection Set: 9.8ms
[2025-05-02T10:30:07.490+0530][gc,phases   ] GC(0)   Post Evacuate Collection Set: 0.3ms
[2025-05-02T10:30:07.490+0530][gc,phases   ] GC(0)   Other: 0.6ms
[2025-05-02T10:30:07.490+0530][gc,heap     ] GC(0) Eden regions: 25->0(21)
[2025-05-02T10:30:07.490+0530][gc,heap     ] GC(0) Survivor regions: 0->4(4)
[2025-05-02T10:30:07.490+0530][gc,heap     ] GC(0) Old regions: 0->4
[2025-05-02T10:30:07.490+0530][gc,heap     ] GC(0) Archive regions: 2->2
[2025-05-02T10:30:07.490+0530][gc,heap     ] GC(0) Humongous regions: 0->0
[2025-05-02T10:30:07.490+0530][gc,metaspace] GC(0) Metaspace: 7787K(7936K)->7787K(7936K) NonClass: 6905K(6976K)->6905K(6976K) Class: 882K(960K)->882K(960K)
[2025-05-02T10:30:07.490+0530][gc          ] GC(0) Pause Young (Normal) (G1 Evacuation Pause) 25M->8M(512M) 11.915ms
[2025-05-02T10:30:07.490+0530][gc,cpu      ] GC(0) User=0.02s Sys=0.01s Real=0.02s
[2025-05-03T08:51:48.192+0530][gc,start    ] GC(1) Pause Young (Normal) (G1 Evacuation Pause)
[2025-05-03T08:51:48.194+0530][gc,task     ] GC(1) Using 8 workers of 8 for evacuation
[2025-05-03T08:51:48.310+0530][gc,mmu      ] GC(1) MMU target violated: 21.0ms (20.0ms/21.0ms)
[2025-05-03T08:51:48.310+0530][gc,phases   ] GC(1)   Pre Evacuate Collection Set: 9.4ms
[2025-05-03T08:51:48.310+0530][gc,phases   ] GC(1)   Merge Heap Roots: 5.7ms
[2025-05-03T08:51:48.310+0530][gc,phases   ] GC(1)   Evacuate Collection Set: 94.5ms
[2025-05-03T08:51:48.310+0530][gc,phases   ] GC(1)   Post Evacuate Collection Set: 4.0ms
[2025-05-03T08:51:48.310+0530][gc,phases   ] GC(1)   Other: 7.8ms
[2025-05-03T08:51:48.310+0530][gc,heap     ] GC(1) Eden regions: 21->0(24)
[2025-05-03T08:51:48.310+0530][gc,heap     ] GC(1) Survivor regions: 4->1(4)
[2025-05-03T08:51:48.310+0530][gc,heap     ] GC(1) Old regions: 4->8
[2025-05-03T08:51:48.310+0530][gc,heap     ] GC(1) Archive regions: 2->2
[2025-05-03T08:51:48.310+0530][gc,heap     ] GC(1) Humongous regions: 0->0
[2025-05-03T08:51:48.310+0530][gc,metaspace] GC(1) Metaspace: 8791K(8960K)->8791K(8960K) NonClass: 7859K(7936K)->7859K(7936K) Class: 931K(1024K)->931K(1024K)
[2025-05-03T08:51:48.310+0530][gc          ] GC(1) Pause Young (Normal) (G1 Evacuation Pause) 29M->9M(512M) 117.586ms
[2025-05-03T08:51:48.310+0530][gc,cpu      ] GC(1) User=0.03s Sys=0.27s Real=0.12s
[2025-05-03T14:59:20.054+0530][gc,heap,exit] Heap
[2025-05-03T14:59:20.057+0530][gc,heap,exit]  garbage-first heap   total 524288K, used 14944K [0x00000007e0000000, 0x0000000800000000)
[2025-05-03T14:59:20.057+0530][gc,heap,exit]   region size 1024K, 7 young (7168K), 1 survivors (1024K)
[2025-05-03T14:59:20.057+0530][gc,heap,exit]  Metaspace       used 8816K, committed 9024K, reserved 1114112K
[2025-05-03T14:59:20.057+0530][gc,heap,exit]   class space    used 932K, committed 1024K, reserved 1048576K
